Archive member included to satisfy reference by file (symbol)

c:/ac6/systemworkbench/plugins/fr.ac6.mcu.externaltools.arm-none.win32_1.17.0.201812190825/tools/compiler/bin/../lib/gcc/arm-none-eabi/7.3.1/thumb/v7e-m/fpv4-sp/hard\libgcc.a(_aeabi_uldivmod.o)
                              Drivers/STM32F4xx_HAL_Driver/stm32f4xx_hal_rcc.o (__aeabi_uldivmod)
c:/ac6/systemworkbench/plugins/fr.ac6.mcu.externaltools.arm-none.win32_1.17.0.201812190825/tools/compiler/bin/../lib/gcc/arm-none-eabi/7.3.1/thumb/v7e-m/fpv4-sp/hard\libgcc.a(_udivmoddi4.o)
                              c:/ac6/systemworkbench/plugins/fr.ac6.mcu.externaltools.arm-none.win32_1.17.0.201812190825/tools/compiler/bin/../lib/gcc/arm-none-eabi/7.3.1/thumb/v7e-m/fpv4-sp/hard\libgcc.a(_aeabi_uldivmod.o) (__udivmoddi4)
c:/ac6/systemworkbench/plugins/fr.ac6.mcu.externaltools.arm-none.win32_1.17.0.201812190825/tools/compiler/bin/../lib/gcc/arm-none-eabi/7.3.1/thumb/v7e-m/fpv4-sp/hard\libgcc.a(_dvmd_tls.o)
                              c:/ac6/systemworkbench/plugins/fr.ac6.mcu.externaltools.arm-none.win32_1.17.0.201812190825/tools/compiler/bin/../lib/gcc/arm-none-eabi/7.3.1/thumb/v7e-m/fpv4-sp/hard\libgcc.a(_aeabi_uldivmod.o) (__aeabi_ldiv0)
c:/ac6/systemworkbench/plugins/fr.ac6.mcu.externaltools.arm-none.win32_1.17.0.201812190825/tools/compiler/bin/../lib/gcc/arm-none-eabi/7.3.1/../../../../arm-none-eabi/lib/thumb/v7e-m/fpv4-sp/hard\libc_nano.a(lib_a-errno.o)
                              Application/SW4STM32/syscalls.o (__errno)
c:/ac6/systemworkbench/plugins/fr.ac6.mcu.externaltools.arm-none.win32_1.17.0.201812190825/tools/compiler/bin/../lib/gcc/arm-none-eabi/7.3.1/../../../../arm-none-eabi/lib/thumb/v7e-m/fpv4-sp/hard\libc_nano.a(lib_a-exit.o)
                              c:/ac6/systemworkbench/plugins/fr.ac6.mcu.externaltools.arm-none.win32_1.17.0.201812190825/tools/compiler/bin/../lib/gcc/arm-none-eabi/7.3.1/../../../../arm-none-eabi/lib/thumb/v7e-m/fpv4-sp/hard/crt0.o (exit)
c:/ac6/systemworkbench/plugins/fr.ac6.mcu.externaltools.arm-none.win32_1.17.0.201812190825/tools/compiler/bin/../lib/gcc/arm-none-eabi/7.3.1/../../../../arm-none-eabi/lib/thumb/v7e-m/fpv4-sp/hard\libc_nano.a(lib_a-impure.o)
                              c:/ac6/systemworkbench/plugins/fr.ac6.mcu.externaltools.arm-none.win32_1.17.0.201812190825/tools/compiler/bin/../lib/gcc/arm-none-eabi/7.3.1/../../../../arm-none-eabi/lib/thumb/v7e-m/fpv4-sp/hard\libc_nano.a(lib_a-exit.o) (_global_impure_ptr)
c:/ac6/systemworkbench/plugins/fr.ac6.mcu.externaltools.arm-none.win32_1.17.0.201812190825/tools/compiler/bin/../lib/gcc/arm-none-eabi/7.3.1/../../../../arm-none-eabi/lib/thumb/v7e-m/fpv4-sp/hard\libc_nano.a(lib_a-init.o)
                              c:/ac6/systemworkbench/plugins/fr.ac6.mcu.externaltools.arm-none.win32_1.17.0.201812190825/tools/compiler/bin/../lib/gcc/arm-none-eabi/7.3.1/../../../../arm-none-eabi/lib/thumb/v7e-m/fpv4-sp/hard/crt0.o (__libc_init_array)
c:/ac6/systemworkbench/plugins/fr.ac6.mcu.externaltools.arm-none.win32_1.17.0.201812190825/tools/compiler/bin/../lib/gcc/arm-none-eabi/7.3.1/../../../../arm-none-eabi/lib/thumb/v7e-m/fpv4-sp/hard\libc_nano.a(lib_a-malloc.o)
                              Middlewares/USB_Host_Library/usbh_cdc.o (malloc)
c:/ac6/systemworkbench/plugins/fr.ac6.mcu.externaltools.arm-none.win32_1.17.0.201812190825/tools/compiler/bin/../lib/gcc/arm-none-eabi/7.3.1/../../../../arm-none-eabi/lib/thumb/v7e-m/fpv4-sp/hard\libc_nano.a(lib_a-memset.o)
                              c:/ac6/systemworkbench/plugins/fr.ac6.mcu.externaltools.arm-none.win32_1.17.0.201812190825/tools/compiler/bin/../lib/gcc/arm-none-eabi/7.3.1/../../../../arm-none-eabi/lib/thumb/v7e-m/fpv4-sp/hard/crt0.o (memset)
c:/ac6/systemworkbench/plugins/fr.ac6.mcu.externaltools.arm-none.win32_1.17.0.201812190825/tools/compiler/bin/../lib/gcc/arm-none-eabi/7.3.1/../../../../arm-none-eabi/lib/thumb/v7e-m/fpv4-sp/hard\libc_nano.a(lib_a-nano-freer.o)
                              c:/ac6/systemworkbench/plugins/fr.ac6.mcu.externaltools.arm-none.win32_1.17.0.201812190825/tools/compiler/bin/../lib/gcc/arm-none-eabi/7.3.1/../../../../arm-none-eabi/lib/thumb/v7e-m/fpv4-sp/hard\libc_nano.a(lib_a-malloc.o) (_free_r)
c:/ac6/systemworkbench/plugins/fr.ac6.mcu.externaltools.arm-none.win32_1.17.0.201812190825/tools/compiler/bin/../lib/gcc/arm-none-eabi/7.3.1/../../../../arm-none-eabi/lib/thumb/v7e-m/fpv4-sp/hard\libc_nano.a(lib_a-nano-mallocr.o)
                              c:/ac6/systemworkbench/plugins/fr.ac6.mcu.externaltools.arm-none.win32_1.17.0.201812190825/tools/compiler/bin/../lib/gcc/arm-none-eabi/7.3.1/../../../../arm-none-eabi/lib/thumb/v7e-m/fpv4-sp/hard\libc_nano.a(lib_a-malloc.o) (_malloc_r)
c:/ac6/systemworkbench/plugins/fr.ac6.mcu.externaltools.arm-none.win32_1.17.0.201812190825/tools/compiler/bin/../lib/gcc/arm-none-eabi/7.3.1/../../../../arm-none-eabi/lib/thumb/v7e-m/fpv4-sp/hard\libc_nano.a(lib_a-sbrkr.o)
[...]
Memory Configuration

Name             Origin             Length             Attributes
RAM              0x20000000         0x00020000         xrw
CCMRAM           0x10000000         0x00010000         rw
FLASH            0x08000000         0x00100000         xr
*default*        0x00000000         0xffffffff

Linker script and memory map

LOAD c:/ac6/systemworkbench/plugins/fr.ac6.mcu.externaltools.arm-none.win32_1.17.0.201812190825/tools/compiler/bin/../lib/gcc/arm-none-eabi/7.3.1/thumb/v7e-m/fpv4-sp/hard/crti.o
LOAD c:/ac6/systemworkbench/plugins/fr.ac6.mcu.externaltools.arm-none.win32_1.17.0.201812190825/tools/compiler/bin/../lib/gcc/arm-none-eabi/7.3.1/thumb/v7e-m/fpv4-sp/hard/crtbegin.o
LOAD c:/ac6/systemworkbench/plugins/fr.ac6.mcu.externaltools.arm-none.win32_1.17.0.201812190825/tools/compiler/bin/../lib/gcc/arm-none-eabi/7.3.1/../../../../arm-none-eabi/lib/thumb/v7e-m/fpv4-sp/hard/crt0.o
LOAD Application/SW4STM32/startup_stm32f407xx.o
LOAD Application/SW4STM32/syscalls.o
LOAD Application/User/ADNS3080.o
LOAD Application/User/gpio.o
LOAD Application/User/i2c.o
LOAD Application/User/i2s.o
LOAD Application/User/main.o
LOAD Application/User/spi.o
LOAD Application/User/stm32f4xx_hal_msp.o
LOAD Application/User/stm32f4xx_it.o
LOAD Application/User/usb_host.o
LOAD Application/User/usbh_conf.o
LOAD Application/User/usbh_platform.o
LOAD Drivers/CMSIS/system_stm32f4xx.o
LOAD Drivers/STM32F4xx_HAL_Driver/stm32f4xx_hal.o
LOAD Drivers/STM32F4xx_HAL_Driver/stm32f4xx_hal_cortex.o
LOAD Drivers/STM32F4xx_HAL_Driver/stm32f4xx_hal_dma.o
LOAD Drivers/STM32F4xx_HAL_Driver/stm32f4xx_hal_dma_ex.o
LOAD Drivers/STM32F4xx_HAL_Driver/stm32f4xx_hal_exti.o
LOAD Drivers/STM32F4xx_HAL_Driver/stm32f4xx_hal_flash.o
LOAD Drivers/STM32F4xx_HAL_Driver/stm32f4xx_hal_flash_ex.o
LOAD Drivers/STM32F4xx_HAL_Driver/stm32f4xx_hal_flash_ramfunc.o
LOAD Drivers/STM32F4xx_HAL_Driver/stm32f4xx_hal_gpio.o
LOAD Drivers/STM32F4xx_HAL_Driver/stm32f4xx_hal_hcd.o
LOAD Drivers/STM32F4xx_HAL_Driver/stm32f4xx_hal_i2c.o
LOAD Drivers/STM32F4xx_HAL_Driver/stm32f4xx_hal_i2c_ex.o
LOAD Drivers/STM32F4xx_HAL_Driver/stm32f4xx_hal_i2s.o
LOAD Drivers/STM32F4xx_HAL_Driver/stm32f4xx_hal_i2s_ex.o
LOAD Drivers/STM32F4xx_HAL_Driver/stm32f4xx_hal_pwr.o
LOAD Drivers/STM32F4xx_HAL_Driver/stm32f4xx_hal_pwr_ex.o
LOAD Drivers/STM32F4xx_HAL_Driver/stm32f4xx_hal_rcc.o
LOAD Drivers/STM32F4xx_HAL_Driver/stm32f4xx_hal_rcc_ex.o
LOAD Drivers/STM32F4xx_HAL_Driver/stm32f4xx_hal_spi.o
LOAD Drivers/STM32F4xx_HAL_Driver/stm32f4xx_hal_tim.o
LOAD Drivers/STM32F4xx_HAL_Driver/stm32f4xx_hal_tim_ex.o
LOAD Drivers/STM32F4xx_HAL_Driver/stm32f4xx_ll_usb.o
LOAD Middlewares/USB_Host_Library/usbh_cdc.o
LOAD Middlewares/USB_Host_Library/usbh_core.o
LOAD Middlewares/USB_Host_Library/usbh_ctlreq.o
LOAD Middlewares/USB_Host_Library/usbh_ioreq.o
LOAD Middlewares/USB_Host_Library/usbh_pipes.o
LOAD c:/ac6/systemworkbench/plugins/fr.ac6.mcu.externaltools.arm-none.win32_1.17.0.201812190825/tools/compiler/bin/../lib/gcc/arm-none-eabi/7.3.1/../../../../arm-none-eabi/lib/thumb/v7e-m/fpv4-sp/hard\libm.a
START GROUP
LOAD c:/ac6/systemworkbench/plugins/fr.ac6.mcu.externaltools.arm-none.win32_1.17.0.201812190825/tools/compiler/bin/../lib/gcc/arm-none-eabi/7.3.1/thumb/v7e-m/fpv4-sp/hard\libgcc.a
LOAD c:/ac6/systemworkbench/plugins/fr.ac6.mcu.externaltools.arm-none.win32_1.17.0.201812190825/tools/compiler/bin/../lib/gcc/arm-none-eabi/7.3.1/../../../../arm-none-eabi/lib/thumb/v7e-m/fpv4-sp/hard\libc_nano.a
END GROUP
START GROUP
LOAD c:/ac6/systemworkbench/plugins/fr.ac6.mcu.externaltools.arm-none.win32_1.17.0.201812190825/tools/compiler/bin/../lib/gcc/arm-none-eabi/7.3.1/thumb/v7e-m/fpv4-sp/hard\libgcc.a
LOAD c:/ac6/systemworkbench/plugins/fr.ac6.mcu.externaltools.arm-none.win32_1.17.0.201812190825/tools/compiler/bin/../lib/gcc/arm-none-eabi/7.3.1/../../../../arm-none-eabi/lib/thumb/v7e-m/fpv4-sp/hard\libc_nano.a
LOAD c:/ac6/systemworkbench/plugins/fr.ac6.mcu.externaltools.arm-none.win32_1.17.0.201812190825/tools/compiler/bin/../lib/gcc/arm-none-eabi/7.3.1/../../../../arm-none-eabi/lib/thumb/v7e-m/fpv4-sp/hard\libnosys.a
END GROUP
START GROUP
LOAD c:/ac6/systemworkbench/plugins/fr.ac6.mcu.externaltools.arm-none.win32_1.17.0.201812190825/tools/compiler/bin/../lib/gcc/arm-none-eabi/7.3.1/thumb/v7e-m/fpv4-sp/hard\libgcc.a
LOAD c:/ac6/systemworkbench/plugins/fr.ac6.mcu.externaltools.arm-none.win32_1.17.0.201812190825/tools/compiler/bin/../lib/gcc/arm-none-eabi/7.3.1/../../../../arm-none-eabi/lib/thumb/v7e-m/fpv4-sp/hard\libc_nano.a
LOAD c:/ac6/systemworkbench/plugins/fr.ac6.mcu.externaltools.arm-none.win32_1.17.0.201812190825/tools/compiler/bin/../lib/gcc/arm-none-eabi/7.3.1/../../../../arm-none-eabi/lib/thumb/v7e-m/fpv4-sp/hard\libnosys.a
END GROUP
LOAD c:/ac6/systemworkbench/plugins/fr.ac6.mcu.externaltools.arm-none.win32_1.17.0.201812190825/tools/compiler/bin/../lib/gcc/arm-none-eabi/7.3.1/thumb/v7e-m/fpv4-sp/hard/crtend.o
LOAD c:/ac6/systemworkbench/plugins/fr.ac6.mcu.externaltools.arm-none.win32_1.17.0.201812190825/tools/compiler/bin/../lib/gcc/arm-none-eabi/7.3.1/thumb/v7e-m/fpv4-sp/hard/crtn.o
                0x20020000                _estack = 0x20020000
                0x00000200                _Min_Heap_Size = 0x200
                0x00000400                _Min_Stack_Size = 0x400

.isr_vector     0x08000000      0x188
                0x08000000                . = ALIGN (0x4)
 *(.isr_vector)
 .isr_vector    0x08000000      0x188 Application/SW4STM32/startup_stm32f407xx.o
                0x08000000                g_pfnVectors
                0x08000188                . = ALIGN (0x4)

.text           0x08000188     0x4a98
                0x08000188                . = ALIGN (0x4)
 *(.text)
 .text          0x08000188       0x40 c:/ac6/systemworkbench/plugins/fr.ac6.mcu.externaltools.arm-none.win32_1.17.0.201812190825/tools/compiler/bin/../lib/gcc/arm-none-eabi/7.3.1/thumb/v7e-m/fpv4-sp/hard/crtbegin.o
 .text          0x080001c8       0x30 c:/ac6/systemworkbench/plugins/fr.ac6.mcu.externaltools.arm-none.win32_1.17.0.201812190825/tools/compiler/bin/../lib/gcc/arm-none-eabi/7.3.1/thumb/v7e-m/fpv4-sp/hard\libgcc.a(_aeabi_uldivmod.o)
                0x080001c8                __aeabi_uldivmod
 .text          0x080001f8      0x2cc c:/ac6/systemworkbench/plugins/fr.ac6.mcu.externaltools.arm-none.win32_1.17.0.201812190825/tools/compiler/bin/../lib/gcc/arm-none-eabi/7.3.1/thumb/v7e-m/fpv4-sp/hard\libgcc.a(_udivmoddi4.o)
                0x080001f8                __udivmoddi4
 .text          0x080004c4        0x4 c:/ac6/systemworkbench/plugins/fr.ac6.mcu.externaltools.arm-none.win32_1.17.0.201812190825/tools/compiler/bin/../lib/gcc/arm-none-eabi/7.3.1/thumb/v7e-m/fpv4-sp/hard\libgcc.a(_dvmd_tls.o)
                0x080004c4                __aeabi_idiv0
                0x080004c4                __aeabi_ldiv0
 *(.text*)
 .text.Reset_Handler
                0x080004c8       0x50 Application/SW4STM32/startup_stm32f407xx.o
                0x080004c8                Reset_Handler
 .text.Default_Handler
                0x08000518        0x2 Application/SW4STM32/startup_stm32f407xx.o
                0x08000518                RTC_Alarm_IRQHandler
                0x08000518                HASH_RNG_IRQHandler
                0x08000518                EXTI2_IRQHandler
                0x08000518                TIM8_CC_IRQHandler
                0x08000518                TIM1_CC_IRQHandler
                0x08000518                DMA2_Stream5_IRQHandler
                0x08000518                DMA1_Stream5_IRQHandler
                0x08000518                PVD_IRQHandler
                0x08000518                SDIO_IRQHandler
                0x08000518                TAMP_STAMP_IRQHandler
                0x08000518                CAN2_RX1_IRQHandler
                0x08000518                EXTI3_IRQHandler
                0x08000518                TIM8_TRG_COM_TIM14_IRQHandler
                0x08000518                TIM1_UP_TIM10_IRQHandler
                0x08000518                TIM8_UP_TIM13_IRQHandler
                0x08000518                I2C3_ER_IRQHandler
                0x08000518                EXTI0_IRQHandler
                0x08000518                I2C2_EV_IRQHandler
                0x08000518                DMA1_Stream2_IRQHandler
                0x08000518                CAN1_RX0_IRQHandler
                0x08000518                FPU_IRQHandler
                0x08000518                OTG_HS_WKUP_IRQHandler
                0x08000518                CAN2_SCE_IRQHandler
                0x08000518                DMA2_Stream2_IRQHandler
                0x08000518                SPI1_IRQHandler
                0x08000518                TIM6_DAC_IRQHandler
                0x08000518                TIM1_BRK_TIM9_IRQHandler
                0x08000518                DCMI_IRQHandler
                0x08000518                CAN2_RX0_IRQHandler
                0x08000518                DMA2_Stream3_IRQHandler
                0x08000518                USART6_IRQHandler
                0x08000518                USART3_IRQHandler
                0x08000518                CAN1_RX1_IRQHandler
                0x08000518                UART5_IRQHandler
                0x08000518                DMA2_Stream0_IRQHandler
                0x08000518                TIM4_IRQHandler
                0x08000518                I2C1_EV_IRQHandler
                0x08000518                DMA1_Stream6_IRQHandler
                0x08000518                DMA1_Stream1_IRQHandler
                0x08000518                UART4_IRQHandler
                0x08000518                TIM3_IRQHandler
                0x08000518                RCC_IRQHandler
                0x08000518                TIM8_BRK_TIM12_IRQHandler
                0x08000518                Default_Handler
                0x08000518                EXTI15_10_IRQHandler
                0x08000518                ADC_IRQHandler
                0x08000518                DMA1_Stream7_IRQHandler
                0x08000518                TIM7_IRQHandler
                0x08000518                CAN2_TX_IRQHandler
                0x08000518                TIM5_IRQHandler
                0x08000518                DMA2_Stream7_IRQHandler
                0x08000518                I2C3_EV_IRQHandler
                0x08000518                EXTI9_5_IRQHandler
                0x08000518                RTC_WKUP_IRQHandler
                0x08000518                ETH_WKUP_IRQHandler
                0x08000518                SPI2_IRQHandler
                0x08000518                OTG_HS_EP1_IN_IRQHandler
                0x08000518                DMA1_Stream0_IRQHandler
                0x08000518                CAN1_TX_IRQHandler
                0x08000518                EXTI4_IRQHandler
                0x08000518                FSMC_IRQHandler
                0x08000518                ETH_IRQHandler
                0x08000518                OTG_HS_EP1_OUT_IRQHandler
                0x08000518                WWDG_IRQHandler
                0x08000518                TIM2_IRQHandler
                0x08000518                OTG_FS_WKUP_IRQHandler
                0x08000518                TIM1_TRG_COM_TIM11_IRQHandler
                0x08000518                OTG_HS_IRQHandler
                0x08000518                EXTI1_IRQHandler
                0x08000518                USART2_IRQHandler
                0x08000518                I2C2_ER_IRQHandler
                0x08000518                DMA2_Stream1_IRQHandler
                0x08000518                CAN1_SCE_IRQHandler
                0x08000518                FLASH_IRQHandler
                0x08000518                DMA2_Stream4_IRQHandler
                0x08000518                USART1_IRQHandler
                0x08000518                SPI3_IRQHandler
                0x08000518                DMA1_Stream4_IRQHandler
                0x08000518                I2C1_ER_IRQHandler
                0x08000518                DMA2_Stream6_IRQHandler
                0x08000518                DMA1_Stream3_IRQHandler
 *fill*         0x0800051a        0x2 
 .text._sbrk    0x0800051c       0x3c Application/SW4STM32/syscalls.o
                0x0800051c                _sbrk
 .text.ADNS3080DownloadSROM
                0x08000558       0xf4 Application/User/ADNS3080.o
                0x08000558                ADNS3080DownloadSROM
 .text.MX_GPIO_Init
                0x0800064c      0x1b8 Application/User/gpio.o
                0x0800064c                MX_GPIO_Init
 .text.MX_I2C1_Init
                0x08000804       0x3c Application/User/i2c.o
                0x08000804                MX_I2C1_Init
 .text.HAL_I2C_MspInit
                0x08000840       0x70 Application/User/i2c.o
                0x08000840                HAL_I2C_MspInit
 .text.MX_I2S3_Init
                0x080008b0       0x3c Application/User/i2s.o
                0x080008b0                MX_I2S3_Init
 .text.HAL_I2S_MspInit
                0x080008ec       0x98 Application/User/i2s.o
                0x080008ec                HAL_I2S_MspInit
 .text.SystemClock_Config
                0x08000984       0xb0 Application/User/main.o
                0x08000984                SystemClock_Config
 .text.main     0x08000a34       0x84 Application/User/main.o
                0x08000a34                main
 .text.Error_Handler
                0x08000ab8        0x2 Application/User/main.o
                0x08000ab8                Error_Handler
 *fill*         0x08000aba        0x2 
 .text.MX_SPI1_Init
                0x08000abc       0x40 Application/User/spi.o
                0x08000abc                MX_SPI1_Init
 .text.MX_SPI2_Init
                0x08000afc       0x44 Application/User/spi.o
                0x08000afc                MX_SPI2_Init
 .text.HAL_SPI_MspInit
                0x08000b40       0xe8 Application/User/spi.o
                0x08000b40                HAL_SPI_MspInit
 .text.HAL_MspInit
                0x08000c28       0x40 Application/User/stm32f4xx_hal_msp.o
                0x08000c28                HAL_MspInit
 .text.NMI_Handler
                0x08000c68        0x2 Application/User/stm32f4xx_it.o
                0x08000c68                NMI_Handler
 .text.HardFault_Handler
                0x08000c6a        0x2 Application/User/stm32f4xx_it.o
                0x08000c6a                HardFault_Handler
 .text.MemManage_Handler
                0x08000c6c        0x2 Application/User/stm32f4xx_it.o
                0x08000c6c                MemManage_Handler
 .text.BusFault_Handler
                0x08000c6e        0x2 Application/User/stm32f4xx_it.o
                0x08000c6e                BusFault_Handler
 .text.UsageFault_Handler
                0x08000c70        0x2 Application/User/stm32f4xx_it.o
                0x08000c70                UsageFault_Handler
 .text.SVC_Handler
                0x08000c72        0x2 Application/User/stm32f4xx_it.o
                0x08000c72                SVC_Handler
 .text.DebugMon_Handler
                0x08000c74        0x2 Application/User/stm32f4xx_it.o
                0x08000c74                DebugMon_Handler
 .text.PendSV_Handler
                0x08000c76        0x2 Application/User/stm32f4xx_it.o
                0x08000c76                PendSV_Handler
 .text.SysTick_Handler
                0x08000c78        0x8 Application/User/stm32f4xx_it.o
                0x08000c78                SysTick_Handler
 .text.OTG_FS_IRQHandler
                0x08000c80       0x10 Application/User/stm32f4xx_it.o
                0x08000c80                OTG_FS_IRQHandler
 .text.USBH_UserProcess
                0x08000c90       0x2c Application/User/usb_host.o
 .text.MX_USB_HOST_Init
                0x08000cbc       0x40 Application/User/usb_host.o
                0x08000cbc                MX_USB_HOST_Init
 .text.MX_USB_HOST_Process
                0x08000cfc       0x10 Application/User/usb_host.o
                0x08000cfc                MX_USB_HOST_Process
 .text.HAL_HCD_MspInit
                0x08000d0c       0x98 Application/User/usbh_conf.o
                0x08000d0c                HAL_HCD_MspInit
 .text.HAL_HCD_SOF_Callback
                0x08000da4        0xc Application/User/usbh_conf.o
                0x08000da4                HAL_HCD_SOF_Callback
 .text.HAL_HCD_Connect_Callback
                0x08000db0        0xc Application/User/usbh_conf.o
                0x08000db0                HAL_HCD_Connect_Callback
 .text.HAL_HCD_Disconnect_Callback
                0x08000dbc        0xc Application/User/usbh_conf.o
                0x08000dbc                HAL_HCD_Disconnect_Callback
 .text.HAL_HCD_HC_NotifyURBChange_Callback
                0x08000dc8        0x2 Application/User/usbh_conf.o
                0x08000dc8                HAL_HCD_HC_NotifyURBChange_Callback
 .text.HAL_HCD_PortEnabled_Callback
                0x08000dca        0xc Application/User/usbh_conf.o
                0x08000dca                HAL_HCD_PortEnabled_Callback
 .text.HAL_HCD_PortDisabled_Callback
                0x08000dd6        0xc Application/User/usbh_conf.o
                0x08000dd6                HAL_HCD_PortDisabled_Callback
 *fill*         0x08000de2        0x2 
 .text.USBH_LL_Init
                0x08000de4       0x54 Application/User/usbh_conf.o
                0x08000de4                USBH_LL_Init
 .text.USBH_LL_GetSpeed
                0x08000e38       0x1c Application/User/usbh_conf.o
                0x08000e38                USBH_LL_GetSpeed
 .text.USBH_LL_GetLastXferSize
                0x08000e54        0xc Application/User/usbh_conf.o
                0x08000e54                USBH_LL_GetLastXferSize
 .text.USBH_LL_GetURBState
                0x08000e60        0xc Application/User/usbh_conf.o
                0x08000e60                USBH_LL_GetURBState
 .text.USBH_LL_DriverVBUS
                0x08000e6c       0x1c Application/User/usbh_conf.o
                0x08000e6c                USBH_LL_DriverVBUS
 .text.USBH_LL_SetToggle
                0x08000e88       0x32 Application/User/usbh_conf.o
                0x08000e88                USBH_LL_SetToggle
 .text.USBH_Delay
                0x08000eba        0x8 Application/User/usbh_conf.o
                0x08000eba                USBH_Delay
 .text.USBH_Get_USB_Status
                0x08000ec2       0x12 Application/User/usbh_conf.o
                0x08000ec2                USBH_Get_USB_Status
 .text.USBH_LL_Start
                0x08000ed4       0x10 Application/User/usbh_conf.o
                0x08000ed4                USBH_LL_Start
 .text.USBH_LL_Stop
                0x08000ee4       0x10 Application/User/usbh_conf.o
                0x08000ee4                USBH_LL_Stop
 .text.USBH_LL_ResetPort
                0x08000ef4       0x10 Application/User/usbh_conf.o
                0x08000ef4                USBH_LL_ResetPort
 .text.USBH_LL_OpenPipe
                0x08000f04       0x26 Application/User/usbh_conf.o
                0x08000f04                USBH_LL_OpenPipe
 .text.USBH_LL_ClosePipe
                0x08000f2a       0x10 Application/User/usbh_conf.o
                0x08000f2a                USBH_LL_ClosePipe
 .text.USBH_LL_SubmitURB
                0x08000f3a       0x2a Application/User/usbh_conf.o
                0x08000f3a                USBH_LL_SubmitURB
 .text.MX_DriverVbusFS
                0x08000f64       0x18 Application/User/usbh_platform.o
                0x08000f64                MX_DriverVbusFS
 .text.SystemInit
                0x08000f7c       0x4c Drivers/CMSIS/system_stm32f4xx.o
                0x08000f7c                SystemInit
 .text.HAL_InitTick
                0x08000fc8       0x48 Drivers/STM32F4xx_HAL_Driver/stm32f4xx_hal.o
                0x08000fc8                HAL_InitTick
 .text.HAL_Init
                0x08001010       0x34 Drivers/STM32F4xx_HAL_Driver/stm32f4xx_hal.o
                0x08001010                HAL_Init
 .text.HAL_IncTick
                0x08001044       0x18 Drivers/STM32F4xx_HAL_Driver/stm32f4xx_hal.o
                0x08001044                HAL_IncTick
 .text.HAL_GetTick
                0x0800105c        0xc Drivers/STM32F4xx_HAL_Driver/stm32f4xx_hal.o
                0x0800105c                HAL_GetTick
 .text.HAL_Delay
                0x08001068       0x28 Drivers/STM32F4xx_HAL_Driver/stm32f4xx_hal.o
                0x08001068                HAL_Delay
 .text.HAL_NVIC_SetPriorityGrouping
                0x08001090       0x24 Drivers/STM32F4xx_HAL_Driver/stm32f4xx_hal_cortex.o
                0x08001090                HAL_NVIC_SetPriorityGrouping
 .text.HAL_NVIC_SetPriority
                0x080010b4       0x68 Drivers/STM32F4xx_HAL_Driver/stm32f4xx_hal_cortex.o
                0x080010b4                HAL_NVIC_SetPriority
 .text.HAL_NVIC_EnableIRQ
                0x0800111c       0x1c Drivers/STM32F4xx_HAL_Driver/stm32f4xx_hal_cortex.o
                0x0800111c                HAL_NVIC_EnableIRQ
 .text.HAL_SYSTICK_Config
                0x08001138       0x2c Drivers/STM32F4xx_HAL_Driver/stm32f4xx_hal_cortex.o
                0x08001138                HAL_SYSTICK_Config
 .text.HAL_GPIO_Init
                0x08001164      0x1c8 Drivers/STM32F4xx_HAL_Driver/stm32f4xx_hal_gpio.o
                0x08001164                HAL_GPIO_Init
 .text.HAL_GPIO_WritePin
                0x0800132c        0xc Drivers/STM32F4xx_HAL_Driver/stm32f4xx_hal_gpio.o
                0x0800132c                HAL_GPIO_WritePin
 .text.HCD_RXQLVL_IRQHandler
                0x08001338       0x7c Drivers/STM32F4xx_HAL_Driver/stm32f4xx_hal_hcd.o
 .text.HAL_HCD_HC_Init
                0x080013b4       0xa0 Drivers/STM32F4xx_HAL_Driver/stm32f4xx_hal_hcd.o
                0x080013b4                HAL_HCD_HC_Init
 .text.HAL_HCD_HC_Halt
                0x08001454       0x24 Drivers/STM32F4xx_HAL_Driver/stm32f4xx_hal_hcd.o
                0x08001454                HAL_HCD_HC_Halt
 .text.HAL_HCD_Init
                0x08001478       0x94 Drivers/STM32F4xx_HAL_Driver/stm32f4xx_hal_hcd.o
                0x08001478                HAL_HCD_Init
 .text.HAL_HCD_HC_SubmitRequest
                0x0800150c      0x18e Drivers/STM32F4xx_HAL_Driver/stm32f4xx_hal_hcd.o
                0x0800150c                HAL_HCD_HC_SubmitRequest
 .text.HCD_Port_IRQHandler
                0x0800169a       0xd4 Drivers/STM32F4xx_HAL_Driver/stm32f4xx_hal_hcd.o
 .text.HCD_HC_IN_IRQHandler
                0x0800176e      0x2bc Drivers/STM32F4xx_HAL_Driver/stm32f4xx_hal_hcd.o
 .text.HCD_HC_OUT_IRQHandler
                0x08001a2a      0x2b4 Drivers/STM32F4xx_HAL_Driver/stm32f4xx_hal_hcd.o
 .text.HAL_HCD_IRQHandler
                0x08001cde      0x148 Drivers/STM32F4xx_HAL_Driver/stm32f4xx_hal_hcd.o
                0x08001cde                HAL_HCD_IRQHandler
 .text.HAL_HCD_Start
                0x08001e26       0x2c Drivers/STM32F4xx_HAL_Driver/stm32f4xx_hal_hcd.o
                0x08001e26                HAL_HCD_Start
 .text.HAL_HCD_Stop
                0x08001e52       0x24 Drivers/STM32F4xx_HAL_Driver/stm32f4xx_hal_hcd.o
                0x08001e52                HAL_HCD_Stop
 .text.HAL_HCD_ResetPort
                0x08001e76        0xa Drivers/STM32F4xx_HAL_Driver/stm32f4xx_hal_hcd.o
                0x08001e76                HAL_HCD_ResetPort
 .text.HAL_HCD_HC_GetURBState
                0x08001e80        0xe Drivers/STM32F4xx_HAL_Driver/stm32f4xx_hal_hcd.o
                0x08001e80                HAL_HCD_HC_GetURBState
 .text.HAL_HCD_HC_GetXferCount
                0x08001e8e        0xc Drivers/STM32F4xx_HAL_Driver/stm32f4xx_hal_hcd.o
                0x08001e8e                HAL_HCD_HC_GetXferCount
 .text.HAL_HCD_GetCurrentFrame
                0x08001e9a        0xa Drivers/STM32F4xx_HAL_Driver/stm32f4xx_hal_hcd.o
                0x08001e9a                HAL_HCD_GetCurrentFrame
 .text.HAL_HCD_GetCurrentSpeed
                0x08001ea4        0xa Drivers/STM32F4xx_HAL_Driver/stm32f4xx_hal_hcd.o
                0x08001ea4                HAL_HCD_GetCurrentSpeed
 *fill*         0x08001eae        0x2 
 .text.HAL_I2C_Init
                0x08001eb0      0x1a0 Drivers/STM32F4xx_HAL_Driver/stm32f4xx_hal_i2c.o
                0x08001eb0                HAL_I2C_Init
 .text.HAL_I2S_Init
                0x08002050      0x19c Drivers/STM32F4xx_HAL_Driver/stm32f4xx_hal_i2s.o
                0x08002050                HAL_I2S_Init
 .text.HAL_I2S_TxCpltCallback
                0x080021ec        0x2 Drivers/STM32F4xx_HAL_Driver/stm32f4xx_hal_i2s.o
                0x080021ec                HAL_I2S_TxCpltCallback
 .text.I2S_Transmit_IT
                0x080021ee       0x36 Drivers/STM32F4xx_HAL_Driver/stm32f4xx_hal_i2s.o
 .text.HAL_I2S_RxCpltCallback
                0x08002224        0x2 Drivers/STM32F4xx_HAL_Driver/stm32f4xx_hal_i2s.o
                0x08002224                HAL_I2S_RxCpltCallback
 .text.I2S_Receive_IT
                0x08002226       0x36 Drivers/STM32F4xx_HAL_Driver/stm32f4xx_hal_i2s.o
 .text.HAL_I2S_ErrorCallback
                0x0800225c        0x2 Drivers/STM32F4xx_HAL_Driver/stm32f4xx_hal_i2s.o
                0x0800225c                HAL_I2S_ErrorCallback
 .text.I2S_IRQHandler
                0x0800225e       0xd0 Drivers/STM32F4xx_HAL_Driver/stm32f4xx_hal_i2s.o
 .text.HAL_I2SEx_TxRxCpltCallback
                0x0800232e        0x2 Drivers/STM32F4xx_HAL_Driver/stm32f4xx_hal_i2s_ex.o
                0x0800232e                HAL_I2SEx_TxRxCpltCallback
 .text.I2SEx_TxISR_I2S
                0x08002330       0x3a Drivers/STM32F4xx_HAL_Driver/stm32f4xx_hal_i2s_ex.o
 *fill*         0x0800236a        0x2 
 .text.I2SEx_RxISR_I2SExt
                0x0800236c       0x60 Drivers/STM32F4xx_HAL_Driver/stm32f4xx_hal_i2s_ex.o
 .text.I2SEx_TxISR_I2SExt
                0x080023cc       0x60 Drivers/STM32F4xx_HAL_Driver/stm32f4xx_hal_i2s_ex.o
 .text.I2SEx_RxISR_I2S
                0x0800242c       0x3a Drivers/STM32F4xx_HAL_Driver/stm32f4xx_hal_i2s_ex.o
 *fill*         0x08002466        0x2 
 .text.HAL_I2SEx_FullDuplex_IRQHandler
                0x08002468      0x1d8 Drivers/STM32F4xx_HAL_Driver/stm32f4xx_hal_i2s_ex.o
                0x08002468                HAL_I2SEx_FullDuplex_IRQHandler
 .text.HAL_RCC_OscConfig
                0x08002640      0x398 Drivers/STM32F4xx_HAL_Driver/stm32f4xx_hal_rcc.o
                0x08002640                HAL_RCC_OscConfig
 .text.HAL_RCC_GetSysClockFreq
                0x080029d8       0xd8 Drivers/STM32F4xx_HAL_Driver/stm32f4xx_hal_rcc.o
                0x080029d8                HAL_RCC_GetSysClockFreq
 .text.HAL_RCC_ClockConfig
                0x08002ab0      0x158 Drivers/STM32F4xx_HAL_Driver/stm32f4xx_hal_rcc.o
                0x08002ab0                HAL_RCC_ClockConfig
 .text.HAL_RCC_GetHCLKFreq
                0x08002c08        0xc Drivers/STM32F4xx_HAL_Driver/stm32f4xx_hal_rcc.o
                0x08002c08                HAL_RCC_GetHCLKFreq
 .text.HAL_RCC_GetPCLK1Freq
                0x08002c14       0x20 Drivers/STM32F4xx_HAL_Driver/stm32f4xx_hal_rcc.o
                0x08002c14                HAL_RCC_GetPCLK1Freq
 .text.HAL_RCCEx_PeriphCLKConfig
                0x08002c34      0x154 Drivers/STM32F4xx_HAL_Driver/stm32f4xx_hal_rcc_ex.o
                0x08002c34                HAL_RCCEx_PeriphCLKConfig
 .text.HAL_RCCEx_GetPeriphCLKFreq
                0x08002d88       0x74 Drivers/STM32F4xx_HAL_Driver/stm32f4xx_hal_rcc_ex.o
                0x08002d88                HAL_RCCEx_GetPeriphCLKFreq
 .text.SPI_WaitFlagStateUntilTimeout
                0x08002dfc       0x90 Drivers/STM32F4xx_HAL_Driver/stm32f4xx_hal_spi.o
 .text.SPI_EndRxTxTransaction
                0x08002e8c       0x68 Drivers/STM32F4xx_HAL_Driver/stm32f4xx_hal_spi.o
 .text.HAL_SPI_Init
                0x08002ef4       0x80 Drivers/STM32F4xx_HAL_Driver/stm32f4xx_hal_spi.o
                0x08002ef4                HAL_SPI_Init
 .text.HAL_SPI_Transmit
                0x08002f74      0x19a Drivers/STM32F4xx_HAL_Driver/stm32f4xx_hal_spi.o
                0x08002f74                HAL_SPI_Transmit
 .text.HAL_SPI_TransmitReceive
                0x0800310e      0x22e Drivers/STM32F4xx_HAL_Driver/stm32f4xx_hal_spi.o
                0x0800310e                HAL_SPI_TransmitReceive
 .text.USB_CoreReset
                0x0800333c       0x3c Drivers/STM32F4xx_HAL_Driver/stm32f4xx_ll_usb.o
 .text.USB_CoreInit
                0x08003378       0x8a Drivers/STM32F4xx_HAL_Driver/stm32f4xx_ll_usb.o
                0x08003378                USB_CoreInit
 .text.USB_EnableGlobalInt
                0x08003402        0xc Drivers/STM32F4xx_HAL_Driver/stm32f4xx_ll_usb.o
                0x08003402                USB_EnableGlobalInt
 .text.USB_DisableGlobalInt
                0x0800340e        0xc Drivers/STM32F4xx_HAL_Driver/stm32f4xx_ll_usb.o
                0x0800340e                USB_DisableGlobalInt
 .text.USB_SetCurrentMode
                0x0800341a       0x30 Drivers/STM32F4xx_HAL_Driver/stm32f4xx_ll_usb.o
                0x0800341a                USB_SetCurrentMode
 *fill*         0x0800344a        0x2 
 .text.USB_FlushTxFifo
                0x0800344c       0x28 Drivers/STM32F4xx_HAL_Driver/stm32f4xx_ll_usb.o
                0x0800344c                USB_FlushTxFifo
 .text.USB_FlushRxFifo
                0x08003474       0x24 Drivers/STM32F4xx_HAL_Driver/stm32f4xx_ll_usb.o
                0x08003474                USB_FlushRxFifo
 .text.USB_WritePacket
                0x08003498       0x28 Drivers/STM32F4xx_HAL_Driver/stm32f4xx_ll_usb.o
                0x08003498                USB_WritePacket
 .text.USB_ReadPacket
                0x080034c0       0x28 Drivers/STM32F4xx_HAL_Driver/stm32f4xx_ll_usb.o
                0x080034c0                USB_ReadPacket
 .text.USB_ReadInterrupts
                0x080034e8        0x8 Drivers/STM32F4xx_HAL_Driver/stm32f4xx_ll_usb.o
                0x080034e8                USB_ReadInterrupts
 .text.USB_GetMode
                0x080034f0        0x8 Drivers/STM32F4xx_HAL_Driver/stm32f4xx_ll_usb.o
                0x080034f0                USB_GetMode
 .text.USB_InitFSLSPClkSel
                0x080034f8       0x40 Drivers/STM32F4xx_HAL_Driver/stm32f4xx_ll_usb.o
                0x080034f8                USB_InitFSLSPClkSel
 .text.USB_ResetPort
                0x08003538       0x3e Drivers/STM32F4xx_HAL_Driver/stm32f4xx_ll_usb.o
                0x08003538                USB_ResetPort
 .text.USB_DriveVbus
                0x08003576       0x46 Drivers/STM32F4xx_HAL_Driver/stm32f4xx_ll_usb.o
                0x08003576                USB_DriveVbus
 .text.USB_HostInit
                0x080035bc       0xfc Drivers/STM32F4xx_HAL_Driver/stm32f4xx_ll_usb.o
                0x080035bc                USB_HostInit
 .text.USB_GetHostSpeed
                0x080036b8       0x16 Drivers/STM32F4xx_HAL_Driver/stm32f4xx_ll_usb.o
                0x080036b8                USB_GetHostSpeed
 .text.USB_GetCurrentFrame
                0x080036ce        0xa Drivers/STM32F4xx_HAL_Driver/stm32f4xx_ll_usb.o
                0x080036ce                USB_GetCurrentFrame
 .text.USB_HC_Init
                0x080036d8      0x108 Drivers/STM32F4xx_HAL_Driver/stm32f4xx_ll_usb.o
                0x080036d8                USB_HC_Init
 .text.USB_HC_ReadInterrupt
                0x080037e0        0xa Drivers/STM32F4xx_HAL_Driver/stm32f4xx_ll_usb.o
                0x080037e0                USB_HC_ReadInterrupt
 .text.USB_HC_Halt
                0x080037ea       0xd0 Drivers/STM32F4xx_HAL_Driver/stm32f4xx_ll_usb.o
                0x080037ea                USB_HC_Halt
 *fill*         0x080038ba        0x2 
 .text.USB_DoPing
                0x080038bc       0x24 Drivers/STM32F4xx_HAL_Driver/stm32f4xx_ll_usb.o
                0x080038bc                USB_DoPing
 .text.USB_HC_StartXfer
                0x080038e0      0x158 Drivers/STM32F4xx_HAL_Driver/stm32f4xx_ll_usb.o
                0x080038e0                USB_HC_StartXfer
 .text.USB_StopHost
                0x08003a38       0x7e Drivers/STM32F4xx_HAL_Driver/stm32f4xx_ll_usb.o
                0x08003a38                USB_StopHost
 .text.USBH_CDC_SOFProcess
                0x08003ab6        0x4 Middlewares/USB_Host_Library/usbh_cdc.o
 .text.SetLineCoding
                0x08003aba       0x1a Middlewares/USB_Host_Library/usbh_cdc.o
 .text.GetLineCoding
                0x08003ad4       0x1a Middlewares/USB_Host_Library/usbh_cdc.o
 .text.USBH_CDC_ClassRequest
                0x08003aee       0x22 Middlewares/USB_Host_Library/usbh_cdc.o
 .text.USBH_CDC_InterfaceDeInit
                0x08003b10       0x68 Middlewares/USB_Host_Library/usbh_cdc.o
 .text.USBH_CDC_InterfaceInit
                0x08003b78      0x160 Middlewares/USB_Host_Library/usbh_cdc.o
 .text.USBH_CDC_TransmitCallback
                0x08003cd8        0x2 Middlewares/USB_Host_Library/usbh_cdc.o
                0x08003cd8                USBH_CDC_TransmitCallback
 .text.CDC_ProcessTransmission
                0x08003cda       0x94 Middlewares/USB_Host_Library/usbh_cdc.o
 .text.USBH_CDC_ReceiveCallback
                0x08003d6e        0x2 Middlewares/USB_Host_Library/usbh_cdc.o
                0x08003d6e                USBH_CDC_ReceiveCallback
 .text.CDC_ProcessReception
                0x08003d70       0x68 Middlewares/USB_Host_Library/usbh_cdc.o
 .text.USBH_CDC_LineCodingChanged
                0x08003dd8        0x2 Middlewares/USB_Host_Library/usbh_cdc.o
                0x08003dd8                USBH_CDC_LineCodingChanged
 .text.USBH_CDC_Process
                0x08003dda       0xb8 Middlewares/USB_Host_Library/usbh_cdc.o
 .text.DeInitStateMachine
                0x08003e92       0x4a Middlewares/USB_Host_Library/usbh_core.o
 .text.USBH_HandleSof
                0x08003edc       0x1a Middlewares/USB_Host_Library/usbh_core.o
 .text.USBH_HandleEnum
                0x08003ef6      0x16e Middlewares/USB_Host_Library/usbh_core.o
 .text.USBH_Init
                0x08004064       0x2e Middlewares/USB_Host_Library/usbh_core.o
                0x08004064                USBH_Init
 .text.USBH_RegisterClass
                0x08004092       0x24 Middlewares/USB_Host_Library/usbh_core.o
                0x08004092                USBH_RegisterClass
 .text.USBH_SelectInterface
                0x080040b6       0x14 Middlewares/USB_Host_Library/usbh_core.o
                0x080040b6                USBH_SelectInterface
 .text.USBH_FindInterface
                0x080040ca       0x50 Middlewares/USB_Host_Library/usbh_core.o
                0x080040ca                USBH_FindInterface
 .text.USBH_Start
                0x0800411a       0x14 Middlewares/USB_Host_Library/usbh_core.o
                0x0800411a                USBH_Start
 .text.USBH_LL_SetTimer
                0x0800412e        0x6 Middlewares/USB_Host_Library/usbh_core.o
                0x0800412e                USBH_LL_SetTimer
 .text.USBH_LL_IncTimer
                0x08004134       0x12 Middlewares/USB_Host_Library/usbh_core.o
                0x08004134                USBH_LL_IncTimer
 .text.USBH_LL_PortEnabled
                0x08004146        0x8 Middlewares/USB_Host_Library/usbh_core.o
                0x08004146                USBH_LL_PortEnabled
 .text.USBH_LL_PortDisabled
                0x0800414e        0x8 Middlewares/USB_Host_Library/usbh_core.o
                0x0800414e                USBH_LL_PortDisabled
 .text.USBH_IsPortEnabled
                0x08004156        0x6 Middlewares/USB_Host_Library/usbh_core.o
                0x08004156                USBH_IsPortEnabled
 .text.USBH_Process
                0x0800415c      0x1ec Middlewares/USB_Host_Library/usbh_core.o
                0x0800415c                USBH_Process
 .text.USBH_LL_Connect
                0x08004348       0x28 Middlewares/USB_Host_Library/usbh_core.o
                0x08004348                USBH_LL_Connect
 .text.USBH_LL_Disconnect
                0x08004370       0x38 Middlewares/USB_Host_Library/usbh_core.o
                0x08004370                USBH_LL_Disconnect
 .text.USBH_ParseDevDesc
                0x080043a8       0x5c Middlewares/USB_Host_Library/usbh_ctlreq.o
 .text.USBH_ParseInterfaceDesc
                0x08004404       0x26 Middlewares/USB_Host_Library/usbh_ctlreq.o
 .text.USBH_ParseEPDesc
                0x0800442a       0x20 Middlewares/USB_Host_Library/usbh_ctlreq.o
 .text.USBH_ParseStringDesc
                0x0800444a       0x3c Middlewares/USB_Host_Library/usbh_ctlreq.o
 .text.USBH_HandleControl
                0x08004486      0x1d0 Middlewares/USB_Host_Library/usbh_ctlreq.o
 .text.USBH_GetNextDesc
                0x08004656        0xe Middlewares/USB_Host_Library/usbh_ctlreq.o
                0x08004656                USBH_GetNextDesc
 .text.USBH_ParseCfgDesc
                0x08004664       0xc2 Middlewares/USB_Host_Library/usbh_ctlreq.o
 .text.USBH_CtlReq
                0x08004726       0x4e Middlewares/USB_Host_Library/usbh_ctlreq.o
                0x08004726                USBH_CtlReq
 .text.USBH_GetDescriptor
                0x08004774       0x3c Middlewares/USB_Host_Library/usbh_ctlreq.o
                0x08004774                USBH_GetDescriptor
 .text.USBH_Get_DevDesc
                0x080047b0       0x32 Middlewares/USB_Host_Library/usbh_ctlreq.o
                0x080047b0                USBH_Get_DevDesc
 .text.USBH_Get_CfgDesc
                0x080047e2       0x32 Middlewares/USB_Host_Library/usbh_ctlreq.o
                0x080047e2                USBH_Get_CfgDesc
 .text.USBH_Get_StringDesc
                0x08004814       0x30 Middlewares/USB_Host_Library/usbh_ctlreq.o
                0x08004814                USBH_Get_StringDesc
 .text.USBH_SetAddress
                0x08004844       0x22 Middlewares/USB_Host_Library/usbh_ctlreq.o
                0x08004844                USBH_SetAddress
 .text.USBH_SetCfg
                0x08004866       0x22 Middlewares/USB_Host_Library/usbh_ctlreq.o
                0x08004866                USBH_SetCfg
 .text.USBH_SetFeature
                0x08004888       0x22 Middlewares/USB_Host_Library/usbh_ctlreq.o
                0x08004888                USBH_SetFeature
 .text.USBH_ClrFeature
                0x080048aa       0x24 Middlewares/USB_Host_Library/usbh_ctlreq.o
                0x080048aa                USBH_ClrFeature
 .text.USBH_CtlSendSetup
                0x080048ce       0x22 Middlewares/USB_Host_Library/usbh_ioreq.o
                0x080048ce                USBH_CtlSendSetup
 .text.USBH_CtlSendData
                0x080048f0       0x2c Middlewares/USB_Host_Library/usbh_ioreq.o
                0x080048f0                USBH_CtlSendData
 .text.USBH_CtlReceiveData
                0x0800491c       0x20 Middlewares/USB_Host_Library/usbh_ioreq.o
                0x0800491c                USBH_CtlReceiveData
 .text.USBH_BulkSendData
                0x0800493c       0x2c Middlewares/USB_Host_Library/usbh_ioreq.o
                0x0800493c                USBH_BulkSendData
 .text.USBH_BulkReceiveData
                0x08004968       0x20 Middlewares/USB_Host_Library/usbh_ioreq.o
                0x08004968                USBH_BulkReceiveData
 .text.USBH_GetFreePipe
                0x08004988       0x24 Middlewares/USB_Host_Library/usbh_pipes.o
 .text.USBH_OpenPipe
                0x080049ac       0x20 Middlewares/USB_Host_Library/usbh_pipes.o
                0x080049ac                USBH_OpenPipe
 .text.USBH_ClosePipe
                0x080049cc        0xa Middlewares/USB_Host_Library/usbh_pipes.o
                0x080049cc                USBH_ClosePipe
 .text.USBH_AllocPipe
                0x080049d6       0x22 Middlewares/USB_Host_Library/usbh_pipes.o
                0x080049d6                USBH_AllocPipe
 .text.USBH_FreePipe
                0x080049f8       0x16 Middlewares/USB_Host_Library/usbh_pipes.o
                0x080049f8                USBH_FreePipe
 *fill*         0x08004a0e        0x2 
 .text.__errno  0x08004a10        0xc c:/ac6/systemworkbench/plugins/fr.ac6.mcu.externaltools.arm-none.win32_1.17.0.201812190825/tools/compiler/bin/../lib/gcc/arm-none-eabi/7.3.1/../../../../arm-none-eabi/lib/thumb/v7e-m/fpv4-sp/hard\libc_nano.a(lib_a-errno.o)
                0x08004a10                __errno
 .text.__libc_init_array
                0x08004a1c       0x48 c:/ac6/systemworkbench/plugins/fr.ac6.mcu.externaltools.arm-none.win32_1.17.0.201812190825/tools/compiler/bin/../lib/gcc/arm-none-eabi/7.3.1/../../../../arm-none-eabi/lib/thumb/v7e-m/fpv4-sp/hard\libc_nano.a(lib_a-init.o)
                0x08004a1c                __libc_init_array
 .text.malloc   0x08004a64       0x10 c:/ac6/systemworkbench/plugins/fr.ac6.mcu.externaltools.arm-none.win32_1.17.0.201812190825/tools/compiler/bin/../lib/gcc/arm-none-eabi/7.3.1/../../../../arm-none-eabi/lib/thumb/v7e-m/fpv4-sp/hard\libc_nano.a(lib_a-malloc.o)
                0x08004a64                malloc
 .text.free     0x08004a74       0x10 c:/ac6/systemworkbench/plugins/fr.ac6.mcu.externaltools.arm-none.win32_1.17.0.201812190825/tools/compiler/bin/../lib/gcc/arm-none-eabi/7.3.1/../../../../arm-none-eabi/lib/thumb/v7e-m/fpv4-sp/hard\libc_nano.a(lib_a-malloc.o)
                0x08004a74                free
 .text.memset   0x08004a84       0x10 c:/ac6/systemworkbench/plugins/fr.ac6.mcu.externaltools.arm-none.win32_1.17.0.201812190825/tools/compiler/bin/../lib/gcc/arm-none-eabi/7.3.1/../../../../arm-none-eabi/lib/thumb/v7e-m/fpv4-sp/hard\libc_nano.a(lib_a-memset.o)
                0x08004a84                memset
 .text._free_r  0x08004a94       0x9c c:/ac6/systemworkbench/plugins/fr.ac6.mcu.externaltools.arm-none.win32_1.17.0.201812190825/tools/compiler/bin/../lib/gcc/arm-none-eabi/7.3.1/../../../../arm-none-eabi/lib/thumb/v7e-m/fpv4-sp/hard\libc_nano.a(lib_a-nano-freer.o)
                0x08004a94                _free_r
 .text._malloc_r
                0x08004b30       0xb4 c:/ac6/systemworkbench/plugins/fr.ac6.mcu.externaltools.arm-none.win32_1.17.0.201812190825/tools/compiler/bin/../lib/gcc/arm-none-eabi/7.3.1/../../../../arm-none-eabi/lib/thumb/v7e-m/fpv4-sp/hard\libc_nano.a(lib_a-nano-mallocr.o)
                0x08004b30                _malloc_r
 .text._sbrk_r  0x08004be4       0x20 c:/ac6/systemworkbench/plugins/fr.ac6.mcu.externaltools.arm-none.win32_1.17.0.201812190825/tools/compiler/bin/../lib/gcc/arm-none-eabi/7.3.1/../../../../arm-none-eabi/lib/thumb/v7e-m/fpv4-sp/hard\libc_nano.a(lib_a-sbrkr.o)
                0x08004be4                _sbrk_r
 .text.__malloc_lock
                0x08004c04        0x2 c:/ac6/systemworkbench/plugins/fr.ac6.mcu.externaltools.arm-none.win32_1.17.0.201812190825/tools/compiler/bin/../lib/gcc/arm-none-eabi/7.3.1/../../../../arm-none-eabi/lib/thumb/v7e-m/fpv4-sp/hard\libc_nano.a(lib_a-mlock.o)
                0x08004c04                __malloc_lock
 .text.__malloc_unlock
                0x08004c06        0x2 c:/ac6/systemworkbench/plugins/fr.ac6.mcu.externaltools.arm-none.win32_1.17.0.201812190825/tools/compiler/bin/../lib/gcc/arm-none-eabi/7.3.1/../../../../arm-none-eabi/lib/thumb/v7e-m/fpv4-sp/hard\libc_nano.a(lib_a-mlock.o)
                0x08004c06                __malloc_unlock
 *(.glue_7)
 .glue_7        0x08004c08        0x0 linker stubs
 *(.glue_7t)
 .glue_7t       0x08004c08        0x0 linker stubs
 *(.eh_frame)
 .eh_frame      0x08004c08        0x0 c:/ac6/systemworkbench/plugins/fr.ac6.mcu.externaltools.arm-none.win32_1.17.0.201812190825/tools/compiler/bin/../lib/gcc/arm-none-eabi/7.3.1/thumb/v7e-m/fpv4-sp/hard/crtbegin.o
 *(.init)
 .init          0x08004c08        0x4 c:/ac6/systemworkbench/plugins/fr.ac6.mcu.externaltools.arm-none.win32_1.17.0.201812190825/tools/compiler/bin/../lib/gcc/arm-none-eabi/7.3.1/thumb/v7e-m/fpv4-sp/hard/crti.o
                0x08004c08                _init
 .init          0x08004c0c        0x8 c:/ac6/systemworkbench/plugins/fr.ac6.mcu.externaltools.arm-none.win32_1.17.0.201812190825/tools/compiler/bin/../lib/gcc/arm-none-eabi/7.3.1/thumb/v7e-m/fpv4-sp/hard/crtn.o
 *(.fini)
 .fini          0x08004c14        0x4 c:/ac6/systemworkbench/plugins/fr.ac6.mcu.externaltools.arm-none.win32_1.17.0.201812190825/tools/compiler/bin/../lib/gcc/arm-none-eabi/7.3.1/thumb/v7e-m/fpv4-sp/hard/crti.o
                0x08004c14                _fini
 .fini          0x08004c18        0x8 c:/ac6/systemworkbench/plugins/fr.ac6.mcu.externaltools.arm-none.win32_1.17.0.201812190825/tools/compiler/bin/../lib/gcc/arm-none-eabi/7.3.1/thumb/v7e-m/fpv4-sp/hard/crtn.o
                0x08004c20                . = ALIGN (0x4)
                0x08004c20                _etext = .

.vfp11_veneer   0x08004c20        0x0
 .vfp11_veneer  0x08004c20        0x0 linker stubs

.v4_bx          0x08004c20        0x0
 .v4_bx         0x08004c20        0x0 linker stubs

.iplt           0x08004c20        0x0
 .iplt          0x08004c20        0x0 c:/ac6/systemworkbench/plugins/fr.ac6.mcu.externaltools.arm-none.win32_1.17.0.201812190825/tools/compiler/bin/../lib/gcc/arm-none-eabi/7.3.1/thumb/v7e-m/fpv4-sp/hard/crtbegin.o

.rodata         0x08004c20       0x1c
                0x08004c20                . = ALIGN (0x4)
 *(.rodata)
 .rodata        0x08004c20       0x18 Drivers/CMSIS/system_stm32f4xx.o
                0x08004c20                AHBPrescTable
                0x08004c30                APBPrescTable
 *(.rodata*)
 .rodata.str1.4
                0x08004c38        0x4 Middlewares/USB_Host_Library/usbh_cdc.o
                0x08004c3c                . = ALIGN (0x4)

.ARM.extab
 *(.ARM.extab* .gnu.linkonce.armextab.*)

.ARM            0x08004c3c        0x8
                0x08004c3c                __exidx_start = .
 *(.ARM.exidx*)
 .ARM.exidx     0x08004c3c        0x8 c:/ac6/systemworkbench/plugins/fr.ac6.mcu.externaltools.arm-none.win32_1.17.0.201812190825/tools/compiler/bin/../lib/gcc/arm-none-eabi/7.3.1/thumb/v7e-m/fpv4-sp/hard\libgcc.a(_udivmoddi4.o)
                0x08004c44                __exidx_end = .

.rel.dyn        0x08004c44        0x0
 .rel.iplt      0x08004c44        0x0 c:/ac6/systemworkbench/plugins/fr.ac6.mcu.externaltools.arm-none.win32_1.17.0.201812190825/tools/compiler/bin/../lib/gcc/arm-none-eabi/7.3.1/thumb/v7e-m/fpv4-sp/hard/crtbegin.o

.preinit_array  0x08004c44        0x0
                0x08004c44                PROVIDE (__preinit_array_start = .)
 *(.preinit_array*)
                0x08004c44                PROVIDE (__preinit_array_end = .)

.init_array     0x08004c44        0x4
                0x08004c44                PROVIDE (__init_array_start = .)
 *(SORT_BY_NAME(.init_array.*))
 *(.init_array*)
 .init_array    0x08004c44        0x4 c:/ac6/systemworkbench/plugins/fr.ac6.mcu.externaltools.arm-none.win32_1.17.0.201812190825/tools/compiler/bin/../lib/gcc/arm-none-eabi/7.3.1/thumb/v7e-m/fpv4-sp/hard/crtbegin.o
                0x08004c48                PROVIDE (__init_array_end = .)

.fini_array     0x08004c48        0x4
                [!provide]                PROVIDE (__fini_array_start = .)
 *(SORT_BY_NAME(.fini_array.*))
 *(.fini_array*)
 .fini_array    0x08004c48        0x4 c:/ac6/systemworkbench/plugins/fr.ac6.mcu.externaltools.arm-none.win32_1.17.0.201812190825/tools/compiler/bin/../lib/gcc/arm-none-eabi/7.3.1/thumb/v7e-m/fpv4-sp/hard/crtbegin.o
                [!provide]                PROVIDE (__fini_array_end = .)
                0x08004c4c                _sidata = LOADADDR (.data)

.data           0x20000000      0x85c load address 0x08004c4c
                0x20000000                . = ALIGN (0x4)
                0x20000000                _sdata = .
 *(.data)
 .data          0x20000000      0x7c2 Application/User/ADNS3080.o
                0x20000000                g_avago_srom
 *fill*         0x200007c2        0x2 
 .data          0x200007c4        0x7 Application/User/main.o
                0x200007c4                txbuff
 *fill*         0x200007cb        0x1 
 .data          0x200007cc        0x4 Drivers/CMSIS/system_stm32f4xx.o
                0x200007cc                SystemCoreClock
 .data          0x200007d0        0x8 Drivers/STM32F4xx_HAL_Driver/stm32f4xx_hal.o
                0x200007d0                uwTickFreq
                0x200007d4                uwTickPrio
 .data          0x200007d8       0x20 Middlewares/USB_Host_Library/usbh_cdc.o
                0x200007d8                CDC_Class
 *(.data*)
 .data._impure_ptr
                0x200007f8        0x4 c:/ac6/systemworkbench/plugins/fr.ac6.mcu.externaltools.arm-none.win32_1.17.0.201812190825/tools/compiler/bin/../lib/gcc/arm-none-eabi/7.3.1/../../../../arm-none-eabi/lib/thumb/v7e-m/fpv4-sp/hard\libc_nano.a(lib_a-impure.o)
                0x200007f8                _impure_ptr
 .data.impure_data
                0x200007fc       0x60 c:/ac6/systemworkbench/plugins/fr.ac6.mcu.externaltools.arm-none.win32_1.17.0.201812190825/tools/compiler/bin/../lib/gcc/arm-none-eabi/7.3.1/../../../../arm-none-eabi/lib/thumb/v7e-m/fpv4-sp/hard\libc_nano.a(lib_a-impure.o)
                0x2000085c                . = ALIGN (0x4)
                0x2000085c                _edata = .
                0x080054a8                _siccmram = LOADADDR (.ccmram)

.igot.plt       0x2000085c        0x0 load address 0x080054a8
 .igot.plt      0x2000085c        0x0 c:/ac6/systemworkbench/plugins/fr.ac6.mcu.externaltools.arm-none.win32_1.17.0.201812190825/tools/compiler/bin/../lib/gcc/arm-none-eabi/7.3.1/thumb/v7e-m/fpv4-sp/hard/crtbegin.o

.ccmram         0x10000000        0x0 load address 0x080054a8
                0x10000000                . = ALIGN (0x4)
                0x10000000                _sccmram = .
 *(.ccmram)
 *(.ccmram*)
                0x10000000                . = ALIGN (0x4)
                0x10000000                _eccmram = .
                0x10000000                . = ALIGN (0x4)

.bss            0x2000085c      0x838
                0x2000085c                _sbss = .
                0x2000085c                __bss_start__ = _sbss
 *(.bss)
 .bss           0x2000085c       0x1c c:/ac6/systemworkbench/plugins/fr.ac6.mcu.externaltools.arm-none.win32_1.17.0.201812190825/tools/compiler/bin/../lib/gcc/arm-none-eabi/7.3.1/thumb/v7e-m/fpv4-sp/hard/crtbegin.o
 .bss           0x20000878        0x8 Application/SW4STM32/syscalls.o
                0x2000087c                __env
 .bss           0x20000880        0x6 Application/User/ADNS3080.o
                0x20000880                txBuff
                0x20000884                rxData
 .bss           0x20000886        0x1 Application/User/usb_host.o
                0x20000886                Appli_state
 *fill*         0x20000887        0x1 
 .bss           0x20000888        0x4 Drivers/STM32F4xx_HAL_Driver/stm32f4xx_ll_usb.o
 *(.bss*)
 .bss.__malloc_free_list
                0x2000088c        0x4 c:/ac6/systemworkbench/plugins/fr.ac6.mcu.externaltools.arm-none.win32_1.17.0.201812190825/tools/compiler/bin/../lib/gcc/arm-none-eabi/7.3.1/../../../../arm-none-eabi/lib/thumb/v7e-m/fpv4-sp/hard\libc_nano.a(lib_a-nano-mallocr.o)
                0x2000088c                __malloc_free_list
 .bss.__malloc_sbrk_start
                0x20000890        0x4 c:/ac6/systemworkbench/plugins/fr.ac6.mcu.externaltools.arm-none.win32_1.17.0.201812190825/tools/compiler/bin/../lib/gcc/arm-none-eabi/7.3.1/../../../../arm-none-eabi/lib/thumb/v7e-m/fpv4-sp/hard\libc_nano.a(lib_a-nano-mallocr.o)
                0x20000890                __malloc_sbrk_start
 *(COMMON)
 COMMON         0x20000894       0x54 Application/User/i2c.o
                0x20000894                hi2c1
 COMMON         0x200008e8       0x48 Application/User/i2s.o
                0x200008e8                hi2s3
 COMMON         0x20000930       0x1b Application/User/main.o
                0x20000930                state
                0x20000934                rxdata
                0x2000093c                uart_txdata
                0x20000944                motion_burst
 *fill*         0x2000094b        0x1 
 COMMON         0x2000094c       0xb0 Application/User/spi.o
                0x2000094c                hspi2
                0x200009a4                hspi1
 COMMON         0x200009fc      0x3cc Application/User/usb_host.o
                0x200009fc                hUsbHostFS
 COMMON         0x20000dc8      0x2c4 Application/User/usbh_conf.o
                0x20000dc8                hhcd_USB_OTG_FS
 COMMON         0x2000108c        0x4 Drivers/STM32F4xx_HAL_Driver/stm32f4xx_hal.o
                0x2000108c                uwTick
 COMMON         0x20001090        0x4 c:/ac6/systemworkbench/plugins/fr.ac6.mcu.externaltools.arm-none.win32_1.17.0.201812190825/tools/compiler/bin/../lib/gcc/arm-none-eabi/7.3.1/../../../../arm-none-eabi/lib/thumb/v7e-m/fpv4-sp/hard\libc_nano.a(lib_a-reent.o)
                0x20001090                errno
                0x20001094                . = ALIGN (0x4)
                0x20001094                _ebss = .
                0x20001094                __bss_end__ = _ebss

._user_heap_stack
                0x20001094      0x604
                0x20001098                . = ALIGN (0x8)
 *fill*         0x20001094        0x4 
                0x20001098                PROVIDE (end = .)
                [!provide]                PROVIDE (_end = .)
                0x20001298                . = (. + _Min_Heap_Size)
 *fill*         0x20001098      0x200 
                0x20001698                . = (. + _Min_Stack_Size)
 *fill*         0x20001298      0x400 
                0x20001698                . = ALIGN (0x8)

/DISCARD/
 libc.a(*)
 libm.a(*)
 libgcc.a(*)

.ARM.attributes
                0x00000000       0x30
 *(.ARM.attributes)
 .ARM.attributes
                0x00000000       0x22 c:/ac6/systemworkbench/plugins/fr.ac6.mcu.externaltools.arm-none.win32_1.17.0.201812190825/tools/compiler/bin/../lib/gcc/arm-none-eabi/7.3.1/thumb/v7e-m/fpv4-sp/hard/crti.o
 .ARM.attributes
                0x00000022       0x34 c:/ac6/systemworkbench/plugins/fr.ac6.mcu.externaltools.arm-none.win32_1.17.0.201812190825/tools/compiler/bin/../lib/gcc/arm-none-eabi/7.3.1/thumb/v7e-m/fpv4-sp/hard/crtbegin.o
 .ARM.attributes
                0x00000056       0x21 Application/SW4STM32/startup_stm32f407xx.o
 .ARM.attributes
                0x00000077       0x39 Application/SW4STM32/syscalls.o
 .ARM.attributes
                0x000000b0       0x39 Application/User/ADNS3080.o
 .ARM.attributes
                0x000000e9       0x39 Application/User/gpio.o
 .ARM.attributes
                0x00000122       0x39 Application/User/i2c.o
 .ARM.attributes
                0x0000015b       0x39 Application/User/i2s.o
 .ARM.attributes
                0x00000194       0x39 Application/User/main.o
 .ARM.attributes
                0x000001cd       0x39 Application/User/spi.o
 .ARM.attributes
                0x00000206       0x39 Application/User/stm32f4xx_hal_msp.o
 .ARM.attributes
                0x0000023f       0x39 Application/User/stm32f4xx_it.o
 .ARM.attributes
                0x00000278       0x39 Application/User/usb_host.o
 .ARM.attributes
                0x000002b1       0x39 Application/User/usbh_conf.o
 .ARM.attributes
                0x000002ea       0x39 Application/User/usbh_platform.o
 .ARM.attributes
                0x00000323       0x39 Drivers/CMSIS/system_stm32f4xx.o
 .ARM.attributes
                0x0000035c       0x39 Drivers/STM32F4xx_HAL_Driver/stm32f4xx_hal.o
 .ARM.attributes
                0x00000395       0x39 Drivers/STM32F4xx_HAL_Driver/stm32f4xx_hal_cortex.o
 .ARM.attributes
                0x000003ce       0x39 Drivers/STM32F4xx_HAL_Driver/stm32f4xx_hal_gpio.o
 .ARM.attributes
                0x00000407       0x39 Drivers/STM32F4xx_HAL_Driver/stm32f4xx_hal_hcd.o
 .ARM.attributes
                0x00000440       0x39 Drivers/STM32F4xx_HAL_Driver/stm32f4xx_hal_i2c.o
 .ARM.attributes
                0x00000479       0x39 Drivers/STM32F4xx_HAL_Driver/stm32f4xx_hal_i2s.o
 .ARM.attributes
                0x000004b2       0x39 Drivers/STM32F4xx_HAL_Driver/stm32f4xx_hal_i2s_ex.o
 .ARM.attributes
                0x000004eb       0x39 Drivers/STM32F4xx_HAL_Driver/stm32f4xx_hal_rcc.o
 .ARM.attributes
                0x00000524       0x39 Drivers/STM32F4xx_HAL_Driver/stm32f4xx_hal_rcc_ex.o
 .ARM.attributes
                0x0000055d       0x39 Drivers/STM32F4xx_HAL_Driver/stm32f4xx_hal_spi.o
 .ARM.attributes
                0x00000596       0x39 Drivers/STM32F4xx_HAL_Driver/stm32f4xx_ll_usb.o
 .ARM.attributes
                0x000005cf       0x39 Middlewares/USB_Host_Library/usbh_cdc.o
 .ARM.attributes
                0x00000608       0x39 Middlewares/USB_Host_Library/usbh_core.o
 .ARM.attributes
                0x00000641       0x39 Middlewares/USB_Host_Library/usbh_ctlreq.o
 .ARM.attributes
                0x0000067a       0x39 Middlewares/USB_Host_Library/usbh_ioreq.o
 .ARM.attributes
                0x000006b3       0x39 Middlewares/USB_Host_Library/usbh_pipes.o
 .ARM.attributes
                0x000006ec       0x22 c:/ac6/systemworkbench/plugins/fr.ac6.mcu.externaltools.arm-none.win32_1.17.0.201812190825/tools/compiler/bin/../lib/gcc/arm-none-eabi/7.3.1/thumb/v7e-m/fpv4-sp/hard\libgcc.a(_aeabi_uldivmod.o)
 .ARM.attributes
                0x0000070e       0x34 c:/ac6/systemworkbench/plugins/fr.ac6.mcu.externaltools.arm-none.win32_1.17.0.201812190825/tools/compiler/bin/../lib/gcc/arm-none-eabi/7.3.1/thumb/v7e-m/fpv4-sp/hard\libgcc.a(_udivmoddi4.o)
 .ARM.attributes
                0x00000742       0x22 c:/ac6/systemworkbench/plugins/fr.ac6.mcu.externaltools.arm-none.win32_1.17.0.201812190825/tools/compiler/bin/../lib/gcc/arm-none-eabi/7.3.1/thumb/v7e-m/fpv4-sp/hard\libgcc.a(_dvmd_tls.o)
 .ARM.attributes
                0x00000764       0x34 c:/ac6/systemworkbench/plugins/fr.ac6.mcu.externaltools.arm-none.win32_1.17.0.201812190825/tools/compiler/bin/../lib/gcc/arm-none-eabi/7.3.1/../../../../arm-none-eabi/lib/thumb/v7e-m/fpv4-sp/hard\libc_nano.a(lib_a-errno.o)
 .ARM.attributes
                0x00000798       0x34 c:/ac6/systemworkbench/plugins/fr.ac6.mcu.externaltools.arm-none.win32_1.17.0.201812190825/tools/compiler/bin/../lib/gcc/arm-none-eabi/7.3.1/../../../../arm-none-eabi/lib/thumb/v7e-m/fpv4-sp/hard\libc_nano.a(lib_a-impure.o)
 .ARM.attributes
                0x000007cc       0x34 c:/ac6/systemworkbench/plugins/fr.ac6.mcu.externaltools.arm-none.win32_1.17.0.201812190825/tools/compiler/bin/../lib/gcc/arm-none-eabi/7.3.1/../../../../arm-none-eabi/lib/thumb/v7e-m/fpv4-sp/hard\libc_nano.a(lib_a-init.o)
 .ARM.attributes
                0x00000800       0x34 c:/ac6/systemworkbench/plugins/fr.ac6.mcu.externaltools.arm-none.win32_1.17.0.201812190825/tools/compiler/bin/../lib/gcc/arm-none-eabi/7.3.1/../../../../arm-none-eabi/lib/thumb/v7e-m/fpv4-sp/hard\libc_nano.a(lib_a-malloc.o)
 .ARM.attributes
                0x00000834       0x34 c:/ac6/systemworkbench/plugins/fr.ac6.mcu.externaltools.arm-none.win32_1.17.0.201812190825/tools/compiler/bin/../lib/gcc/arm-none-eabi/7.3.1/../../../../arm-none-eabi/lib/thumb/v7e-m/fpv4-sp/hard\libc_nano.a(lib_a-memset.o)
 .ARM.attributes
                0x00000868       0x34 c:/ac6/systemworkbench/plugins/fr.ac6.mcu.externaltools.arm-none.win32_1.17.0.201812190825/tools/compiler/bin/../lib/gcc/arm-none-eabi/7.3.1/../../../../arm-none-eabi/lib/thumb/v7e-m/fpv4-sp/hard\libc_nano.a(lib_a-nano-freer.o)
 .ARM.attributes
                0x0000089c       0x34 c:/ac6/systemworkbench/plugins/fr.ac6.mcu.externaltools.arm-none.win32_1.17.0.201812190825/tools/compiler/bin/../lib/gcc/arm-none-eabi/7.3.1/../../../../arm-none-eabi/lib/thumb/v7e-m/fpv4-sp/hard\libc_nano.a(lib_a-nano-mallocr.o)
 .ARM.attributes
                0x000008d0       0x34 c:/ac6/systemworkbench/plugins/fr.ac6.mcu.externaltools.arm-none.win32_1.17.0.201812190825/tools/compiler/bin/../lib/gcc/arm-none-eabi/7.3.1/../../../../arm-none-eabi/lib/thumb/v7e-m/fpv4-sp/hard\libc_nano.a(lib_a-sbrkr.o)
 .ARM.attributes
                0x00000904       0x34 c:/ac6/systemworkbench/plugins/fr.ac6.mcu.externaltools.arm-none.win32_1.17.0.201812190825/tools/compiler/bin/../lib/gcc/arm-none-eabi/7.3.1/../../../../arm-none-eabi/lib/thumb/v7e-m/fpv4-sp/hard\libc_nano.a(lib_a-mlock.o)
 .ARM.attributes
                0x00000938       0x34 c:/ac6/systemworkbench/plugins/fr.ac6.mcu.externaltools.arm-none.win32_1.17.0.201812190825/tools/compiler/bin/../lib/gcc/arm-none-eabi/7.3.1/../../../../arm-none-eabi/lib/thumb/v7e-m/fpv4-sp/hard\libc_nano.a(lib_a-reent.o)
 .ARM.attributes
                0x0000096c       0x22 c:/ac6/systemworkbench/plugins/fr.ac6.mcu.externaltools.arm-none.win32_1.17.0.201812190825/tools/compiler/bin/../lib/gcc/arm-none-eabi/7.3.1/thumb/v7e-m/fpv4-sp/hard/crtn.o
OUTPUT(optikal.elf elf32-littlearm)

.debug_line     0x00000000    0x11ff2
 .debug_line    0x00000000       0x90 Application/SW4STM32/startup_stm32f407xx.o
 .debug_line    0x00000090      0x5e6 Application/SW4STM32/syscalls.o
 .debug_line    0x00000676      0x6dc Application/User/ADNS3080.o
 .debug_line    0x00000d52      0x6ed Application/User/gpio.o
 .debug_line    0x0000143f      0x6f3 Application/User/i2c.o
 .debug_line    0x00001b32      0x6fa Application/User/i2s.o
 .debug_line    0x0000222c      0x761 Application/User/main.o
 .debug_line    0x0000298d      0x72f Application/User/spi.o
 .debug_line    0x000030bc      0x6b9 Application/User/stm32f4xx_hal_msp.o
 .debug_line    0x00003775      0x75a Application/User/stm32f4xx_it.o
 .debug_line    0x00003ecf      0x956 Application/User/usb_host.o
 .debug_line    0x00004825      0xacd Application/User/usbh_conf.o
 .debug_line    0x000052f2      0x6ce Application/User/usbh_platform.o
 .debug_line    0x000059c0      0x6df Drivers/CMSIS/system_stm32f4xx.o
 .debug_line    0x0000609f      0x8b7 Drivers/STM32F4xx_HAL_Driver/stm32f4xx_hal.o
 .debug_line    0x00006956      0x90d Drivers/STM32F4xx_HAL_Driver/stm32f4xx_hal_cortex.o
 .debug_line    0x00007263      0x843 Drivers/STM32F4xx_HAL_Driver/stm32f4xx_hal_gpio.o
 .debug_line    0x00007aa6      0xae2 Drivers/STM32F4xx_HAL_Driver/stm32f4xx_hal_hcd.o
 .debug_line    0x00008588     0x1be9 Drivers/STM32F4xx_HAL_Driver/stm32f4xx_hal_i2c.o
 .debug_line    0x0000a171      0xc68 Drivers/STM32F4xx_HAL_Driver/stm32f4xx_hal_i2s.o
 .debug_line    0x0000add9      0xc93 Drivers/STM32F4xx_HAL_Driver/stm32f4xx_hal_i2s_ex.o
 .debug_line    0x0000ba6c      0x92f Drivers/STM32F4xx_HAL_Driver/stm32f4xx_hal_rcc.o
 .debug_line    0x0000c39b      0x7d3 Drivers/STM32F4xx_HAL_Driver/stm32f4xx_hal_rcc_ex.o
 .debug_line    0x0000cb6e     0x10fc Drivers/STM32F4xx_HAL_Driver/stm32f4xx_hal_spi.o
 .debug_line    0x0000dc6a      0xd88 Drivers/STM32F4xx_HAL_Driver/stm32f4xx_ll_usb.o
 .debug_line    0x0000e9f2      0xb88 Middlewares/USB_Host_Library/usbh_cdc.o
 .debug_line    0x0000f57a      0xbd2 Middlewares/USB_Host_Library/usbh_core.o
 .debug_line    0x0001014c      0xbd0 Middlewares/USB_Host_Library/usbh_ctlreq.o
 .debug_line    0x00010d1c      0x990 Middlewares/USB_Host_Library/usbh_ioreq.o
 .debug_line    0x000116ac      0x946 Middlewares/USB_Host_Library/usbh_pipes.o

.debug_info     0x00000000    0x1e1e8
 .debug_info    0x00000000       0x22 Application/SW4STM32/startup_stm32f407xx.o
 .debug_info    0x00000022      0xfd3 Application/SW4STM32/syscalls.o
 .debug_info    0x00000ff5      0x9cf Application/User/ADNS3080.o
 .debug_info    0x000019c4      0x655 Application/User/gpio.o
 .debug_info    0x00002019      0xa16 Application/User/i2c.o
 .debug_info    0x00002a2f      0xa1a Application/User/i2s.o
 .debug_info    0x00003449     0x12a0 Application/User/main.o
 .debug_info    0x000046e9      0xb05 Application/User/spi.o
 .debug_info    0x000051ee      0x333 Application/User/stm32f4xx_hal_msp.o
 .debug_info    0x00005521      0x694 Application/User/stm32f4xx_it.o
 .debug_info    0x00005bb5     0x12ab Application/User/usb_host.o
 .debug_info    0x00006e60     0x24ed Application/User/usbh_conf.o
 .debug_info    0x0000934d      0x251 Application/User/usbh_platform.o
 .debug_info    0x0000959e      0x507 Drivers/CMSIS/system_stm32f4xx.o
 .debug_info    0x00009aa5      0x9cc Drivers/STM32F4xx_HAL_Driver/stm32f4xx_hal.o
 .debug_info    0x0000a471      0xf3a Drivers/STM32F4xx_HAL_Driver/stm32f4xx_hal_cortex.o
 .debug_info    0x0000b3ab      0x770 Drivers/STM32F4xx_HAL_Driver/stm32f4xx_hal_gpio.o
 .debug_info    0x0000bb1b     0x1276 Drivers/STM32F4xx_HAL_Driver/stm32f4xx_hal_hcd.o
 .debug_info    0x0000cd91     0x327d Drivers/STM32F4xx_HAL_Driver/stm32f4xx_hal_i2c.o
 .debug_info    0x0001000e      0xf8d Drivers/STM32F4xx_HAL_Driver/stm32f4xx_hal_i2s.o
 .debug_info    0x00010f9b      0xd99 Drivers/STM32F4xx_HAL_Driver/stm32f4xx_hal_i2s_ex.o
 .debug_info    0x00011d34      0xa39 Drivers/STM32F4xx_HAL_Driver/stm32f4xx_hal_rcc.o
 .debug_info    0x0001276d      0x669 Drivers/STM32F4xx_HAL_Driver/stm32f4xx_hal_rcc_ex.o
 .debug_info    0x00012dd6     0x1ba9 Drivers/STM32F4xx_HAL_Driver/stm32f4xx_hal_spi.o
 .debug_info    0x0001497f     0x1b1d Drivers/STM32F4xx_HAL_Driver/stm32f4xx_ll_usb.o
 .debug_info    0x0001649c     0x1e41 Middlewares/USB_Host_Library/usbh_cdc.o
 .debug_info    0x000182dd     0x1b6e Middlewares/USB_Host_Library/usbh_core.o
 .debug_info    0x00019e4b     0x1a33 Middlewares/USB_Host_Library/usbh_ctlreq.o
 .debug_info    0x0001b87e     0x1661 Middlewares/USB_Host_Library/usbh_ioreq.o
 .debug_info    0x0001cedf     0x1309 Middlewares/USB_Host_Library/usbh_pipes.o

.debug_abbrev   0x00000000     0x416d
 .debug_abbrev  0x00000000       0x12 Application/SW4STM32/startup_stm32f407xx.o
 .debug_abbrev  0x00000012      0x2d4 Application/SW4STM32/syscalls.o
 .debug_abbrev  0x000002e6      0x1a2 Application/User/ADNS3080.o
 .debug_abbrev  0x00000488      0x162 Application/User/gpio.o
 .debug_abbrev  0x000005ea      0x1c9 Application/User/i2c.o
 .debug_abbrev  0x000007b3      0x1c9 Application/User/i2s.o
 .debug_abbrev  0x0000097c      0x216 Application/User/main.o
 .debug_abbrev  0x00000b92      0x1c9 Application/User/spi.o
 .debug_abbrev  0x00000d5b      0x110 Application/User/stm32f4xx_hal_msp.o
 .debug_abbrev  0x00000e6b      0x182 Application/User/stm32f4xx_it.o
 .debug_abbrev  0x00000fed      0x2b5 Application/User/usb_host.o
 .debug_abbrev  0x000012a2      0x38a Application/User/usbh_conf.o
 .debug_abbrev  0x0000162c      0x12e Application/User/usbh_platform.o
 .debug_abbrev  0x0000175a      0x111 Drivers/CMSIS/system_stm32f4xx.o
 .debug_abbrev  0x0000186b      0x1f1 Drivers/STM32F4xx_HAL_Driver/stm32f4xx_hal.o
 .debug_abbrev  0x00001a5c      0x328 Drivers/STM32F4xx_HAL_Driver/stm32f4xx_hal_cortex.o
 .debug_abbrev  0x00001d84      0x1e7 Drivers/STM32F4xx_HAL_Driver/stm32f4xx_hal_gpio.o
 .debug_abbrev  0x00001f6b      0x27f Drivers/STM32F4xx_HAL_Driver/stm32f4xx_hal_hcd.o
 .debug_abbrev  0x000021ea      0x284 Drivers/STM32F4xx_HAL_Driver/stm32f4xx_hal_i2c.o
 .debug_abbrev  0x0000246e      0x23a Drivers/STM32F4xx_HAL_Driver/stm32f4xx_hal_i2s.o
 .debug_abbrev  0x000026a8      0x281 Drivers/STM32F4xx_HAL_Driver/stm32f4xx_hal_i2s_ex.o
 .debug_abbrev  0x00002929      0x273 Drivers/STM32F4xx_HAL_Driver/stm32f4xx_hal_rcc.o
 .debug_abbrev  0x00002b9c      0x190 Drivers/STM32F4xx_HAL_Driver/stm32f4xx_hal_rcc_ex.o
 .debug_abbrev  0x00002d2c      0x249 Drivers/STM32F4xx_HAL_Driver/stm32f4xx_hal_spi.o
 .debug_abbrev  0x00002f75      0x2a8 Drivers/STM32F4xx_HAL_Driver/stm32f4xx_ll_usb.o
 .debug_abbrev  0x0000321d      0x346 Middlewares/USB_Host_Library/usbh_cdc.o
 .debug_abbrev  0x00003563      0x371 Middlewares/USB_Host_Library/usbh_core.o
 .debug_abbrev  0x000038d4      0x35d Middlewares/USB_Host_Library/usbh_ctlreq.o
 .debug_abbrev  0x00003c31      0x281 Middlewares/USB_Host_Library/usbh_ioreq.o
 .debug_abbrev  0x00003eb2      0x2bb Middlewares/USB_Host_Library/usbh_pipes.o

.debug_aranges  0x00000000     0x1198
 .debug_aranges
                0x00000000       0x28 Application/SW4STM32/startup_stm32f407xx.o
 .debug_aranges
                0x00000028       0xb0 Application/SW4STM32/syscalls.o
 .debug_aranges
                0x000000d8       0x20 Application/User/ADNS3080.o
 .debug_aranges
                0x000000f8       0x20 Application/User/gpio.o
 .debug_aranges
                0x00000118       0x30 Application/User/i2c.o
 .debug_aranges
                0x00000148       0x30 Application/User/i2s.o
 .debug_aranges
                0x00000178       0x30 Application/User/main.o
 .debug_aranges
                0x000001a8       0x38 Application/User/spi.o
 .debug_aranges
                0x000001e0       0x20 Application/User/stm32f4xx_hal_msp.o
 .debug_aranges
                0x00000200       0x68 Application/User/stm32f4xx_it.o
 .debug_aranges
                0x00000268       0x30 Application/User/usb_host.o
 .debug_aranges
                0x00000298       0xd8 Application/User/usbh_conf.o
 .debug_aranges
                0x00000370       0x20 Application/User/usbh_platform.o
 .debug_aranges
                0x00000390       0x28 Drivers/CMSIS/system_stm32f4xx.o
 .debug_aranges
                0x000003b8       0xf0 Drivers/STM32F4xx_HAL_Driver/stm32f4xx_hal.o
 .debug_aranges
                0x000004a8       0xa8 Drivers/STM32F4xx_HAL_Driver/stm32f4xx_hal_cortex.o
 .debug_aranges
                0x00000550       0x58 Drivers/STM32F4xx_HAL_Driver/stm32f4xx_hal_gpio.o
 .debug_aranges
                0x000005a8       0xf0 Drivers/STM32F4xx_HAL_Driver/stm32f4xx_hal_hcd.o
 .debug_aranges
                0x00000698      0x290 Drivers/STM32F4xx_HAL_Driver/stm32f4xx_hal_i2c.o
 .debug_aranges
                0x00000928      0x108 Drivers/STM32F4xx_HAL_Driver/stm32f4xx_hal_i2s.o
 .debug_aranges
                0x00000a30       0x88 Drivers/STM32F4xx_HAL_Driver/stm32f4xx_hal_i2s_ex.o
 .debug_aranges
                0x00000ab8       0x88 Drivers/STM32F4xx_HAL_Driver/stm32f4xx_hal_rcc.o
 .debug_aranges
                0x00000b40       0x48 Drivers/STM32F4xx_HAL_Driver/stm32f4xx_hal_rcc_ex.o
 .debug_aranges
                0x00000b88      0x1d0 Drivers/STM32F4xx_HAL_Driver/stm32f4xx_hal_spi.o
 .debug_aranges
                0x00000d58      0x198 Drivers/STM32F4xx_HAL_Driver/stm32f4xx_ll_usb.o
 .debug_aranges
                0x00000ef0       0xa8 Middlewares/USB_Host_Library/usbh_cdc.o
 .debug_aranges
                0x00000f98       0xc0 Middlewares/USB_Host_Library/usbh_core.o
 .debug_aranges
                0x00001058       0xa0 Middlewares/USB_Host_Library/usbh_ctlreq.o
 .debug_aranges
                0x000010f8       0x60 Middlewares/USB_Host_Library/usbh_ioreq.o
 .debug_aranges
                0x00001158       0x40 Middlewares/USB_Host_Library/usbh_pipes.o

.debug_str      0x00000000    0xcd8b6
 .debug_str     0x00000000       0x6a Application/SW4STM32/startup_stm32f407xx.o
 .debug_str     0x0000006a     0x8360 Application/SW4STM32/syscalls.o
                               0x85c6 (size before relaxing)
 .debug_str     0x000083ca    0xbe6f9 Application/User/ADNS3080.o
                              0xc1df6 (size before relaxing)
 .debug_str     0x000c6ac3      0x171 Application/User/gpio.o
                              0xbee86 (size before relaxing)
 .debug_str     0x000c6c34      0x30a Application/User/i2c.o
                              0xbf3b3 (size before relaxing)
 .debug_str     0x000c6f3e      0x1a7 Application/User/i2s.o
                              0xbf2ec (size before relaxing)
 .debug_str     0x000c70e5      0x2c6 Application/User/main.o
                              0xc25ed (size before relaxing)
 .debug_str     0x000c73ab       0x56 Application/User/spi.o
                              0xbf30f (size before relaxing)
 .debug_str     0x000c7401       0x54 Application/User/stm32f4xx_hal_msp.o
                              0xbede8 (size before relaxing)
 .debug_str     0x000c7455      0x467 Application/User/stm32f4xx_it.o
                              0xbf1a0 (size before relaxing)
 .debug_str     0x000c78bc     0x1f8a Application/User/usb_host.o
                              0xc4bb2 (size before relaxing)
 .debug_str     0x000c9846      0x9b4 Application/User/usbh_conf.o
                              0xc5381 (size before relaxing)
 .debug_str     0x000ca1fa       0x35 Application/User/usbh_platform.o
                              0xbe6b8 (size before relaxing)
 .debug_str     0x000ca22f       0xcf Drivers/CMSIS/system_stm32f4xx.o
                              0xbe799 (size before relaxing)
 .debug_str     0x000ca2fe      0x5ee Drivers/STM32F4xx_HAL_Driver/stm32f4xx_hal.o
                              0xbf324 (size before relaxing)
 .debug_str     0x000ca8ec      0x336 Drivers/STM32F4xx_HAL_Driver/stm32f4xx_hal_cortex.o
                              0xbf05a (size before relaxing)
 .debug_str     0x000cac22      0x1de Drivers/STM32F4xx_HAL_Driver/stm32f4xx_hal_gpio.o
                              0xbe9dd (size before relaxing)
 .debug_str     0x000cae00      0x2f0 Drivers/STM32F4xx_HAL_Driver/stm32f4xx_hal_hcd.o
                              0xbef1c (size before relaxing)
 .debug_str     0x000cb0f0      0xaa7 Drivers/STM32F4xx_HAL_Driver/stm32f4xx_hal_i2c.o
                              0xbf724 (size before relaxing)
 .debug_str     0x000cbb97      0x297 Drivers/STM32F4xx_HAL_Driver/stm32f4xx_hal_i2s.o
                              0xbed82 (size before relaxing)
 .debug_str     0x000cbe2e      0x201 Drivers/STM32F4xx_HAL_Driver/stm32f4xx_hal_i2s_ex.o
                              0xbecc3 (size before relaxing)
 .debug_str     0x000cc02f      0x218 Drivers/STM32F4xx_HAL_Driver/stm32f4xx_hal_rcc.o
                              0xbeba7 (size before relaxing)
 .debug_str     0x000cc247       0xee Drivers/STM32F4xx_HAL_Driver/stm32f4xx_hal_rcc_ex.o
                              0xbe8ec (size before relaxing)
 .debug_str     0x000cc335      0x4ff Drivers/STM32F4xx_HAL_Driver/stm32f4xx_hal_spi.o
                              0xbf048 (size before relaxing)
 .debug_str     0x000cc834      0x512 Drivers/STM32F4xx_HAL_Driver/stm32f4xx_ll_usb.o
                              0xbf07c (size before relaxing)
 .debug_str     0x000ccd46      0x6a7 Middlewares/USB_Host_Library/usbh_cdc.o
                              0xc5250 (size before relaxing)
 .debug_str     0x000cd3ed      0x1cf Middlewares/USB_Host_Library/usbh_core.o
                              0xc4753 (size before relaxing)
 .debug_str     0x000cd5bc      0x1eb Middlewares/USB_Host_Library/usbh_ctlreq.o
                              0xc46e3 (size before relaxing)
 .debug_str     0x000cd7a7       0xa7 Middlewares/USB_Host_Library/usbh_ioreq.o
                              0xc4518 (size before relaxing)
 .debug_str     0x000cd84e       0x68 Middlewares/USB_Host_Library/usbh_pipes.o
                              0xc44ae (size before relaxing)

.debug_ranges   0x00000000     0x1068
 .debug_ranges  0x00000000       0x20 Application/SW4STM32/startup_stm32f407xx.o
 .debug_ranges  0x00000020       0xa0 Application/SW4STM32/syscalls.o
 .debug_ranges  0x000000c0       0x10 Application/User/ADNS3080.o
 .debug_ranges  0x000000d0       0x10 Application/User/gpio.o
 .debug_ranges  0x000000e0       0x20 Application/User/i2c.o
 .debug_ranges  0x00000100       0x20 Application/User/i2s.o
 .debug_ranges  0x00000120       0x20 Application/User/main.o
 .debug_ranges  0x00000140       0x28 Application/User/spi.o
 .debug_ranges  0x00000168       0x10 Application/User/stm32f4xx_hal_msp.o
 .debug_ranges  0x00000178       0x58 Application/User/stm32f4xx_it.o
 .debug_ranges  0x000001d0       0x20 Application/User/usb_host.o
 .debug_ranges  0x000001f0       0xc8 Application/User/usbh_conf.o
 .debug_ranges  0x000002b8       0x10 Application/User/usbh_platform.o
 .debug_ranges  0x000002c8       0x18 Drivers/CMSIS/system_stm32f4xx.o
 .debug_ranges  0x000002e0       0xe0 Drivers/STM32F4xx_HAL_Driver/stm32f4xx_hal.o
 .debug_ranges  0x000003c0       0xf8 Drivers/STM32F4xx_HAL_Driver/stm32f4xx_hal_cortex.o
 .debug_ranges  0x000004b8       0x48 Drivers/STM32F4xx_HAL_Driver/stm32f4xx_hal_gpio.o
 .debug_ranges  0x00000500       0xe0 Drivers/STM32F4xx_HAL_Driver/stm32f4xx_hal_hcd.o
 .debug_ranges  0x000005e0      0x298 Drivers/STM32F4xx_HAL_Driver/stm32f4xx_hal_i2c.o
 .debug_ranges  0x00000878       0xf8 Drivers/STM32F4xx_HAL_Driver/stm32f4xx_hal_i2s.o
 .debug_ranges  0x00000970       0x90 Drivers/STM32F4xx_HAL_Driver/stm32f4xx_hal_i2s_ex.o
 .debug_ranges  0x00000a00       0x90 Drivers/STM32F4xx_HAL_Driver/stm32f4xx_hal_rcc.o
 .debug_ranges  0x00000a90       0x38 Drivers/STM32F4xx_HAL_Driver/stm32f4xx_hal_rcc_ex.o
 .debug_ranges  0x00000ac8      0x1c0 Drivers/STM32F4xx_HAL_Driver/stm32f4xx_hal_spi.o
 .debug_ranges  0x00000c88      0x188 Drivers/STM32F4xx_HAL_Driver/stm32f4xx_ll_usb.o
 .debug_ranges  0x00000e10       0x98 Middlewares/USB_Host_Library/usbh_cdc.o
 .debug_ranges  0x00000ea8       0xb0 Middlewares/USB_Host_Library/usbh_core.o
 .debug_ranges  0x00000f58       0x90 Middlewares/USB_Host_Library/usbh_ctlreq.o
 .debug_ranges  0x00000fe8       0x50 Middlewares/USB_Host_Library/usbh_ioreq.o
 .debug_ranges  0x00001038       0x30 Middlewares/USB_Host_Library/usbh_pipes.o

.debug_loc      0x00000000     0xd16c
 .debug_loc     0x00000000      0x3af Application/SW4STM32/syscalls.o
 .debug_loc     0x000003af       0x74 Application/User/i2c.o
 .debug_loc     0x00000423       0x74 Application/User/i2s.o
 .debug_loc     0x00000497       0xa6 Application/User/spi.o
 .debug_loc     0x0000053d      0x817 Application/User/usbh_conf.o
 .debug_loc     0x00000d54       0x55 Application/User/usbh_platform.o
 .debug_loc     0x00000da9      0x13e Drivers/CMSIS/system_stm32f4xx.o
 .debug_loc     0x00000ee7       0xfd Drivers/STM32F4xx_HAL_Driver/stm32f4xx_hal.o
 .debug_loc     0x00000fe4      0x5ce Drivers/STM32F4xx_HAL_Driver/stm32f4xx_hal_cortex.o
 .debug_loc     0x000015b2      0x497 Drivers/STM32F4xx_HAL_Driver/stm32f4xx_hal_gpio.o
 .debug_loc     0x00001a49      0xba8 Drivers/STM32F4xx_HAL_Driver/stm32f4xx_hal_hcd.o
 .debug_loc     0x000025f1     0x3673 Drivers/STM32F4xx_HAL_Driver/stm32f4xx_hal_i2c.o
 .debug_loc     0x00005c64      0xc17 Drivers/STM32F4xx_HAL_Driver/stm32f4xx_hal_i2s.o
 .debug_loc     0x0000687b      0xa81 Drivers/STM32F4xx_HAL_Driver/stm32f4xx_hal_i2s_ex.o
 .debug_loc     0x000072fc      0x3f1 Drivers/STM32F4xx_HAL_Driver/stm32f4xx_hal_rcc.o
 .debug_loc     0x000076ed      0x2c7 Drivers/STM32F4xx_HAL_Driver/stm32f4xx_hal_rcc_ex.o
 .debug_loc     0x000079b4     0x19fe Drivers/STM32F4xx_HAL_Driver/stm32f4xx_hal_spi.o
 .debug_loc     0x000093b2     0x1e4e Drivers/STM32F4xx_HAL_Driver/stm32f4xx_ll_usb.o
 .debug_loc     0x0000b200      0x642 Middlewares/USB_Host_Library/usbh_cdc.o
 .debug_loc     0x0000b842      0x66c Middlewares/USB_Host_Library/usbh_core.o
 .debug_loc     0x0000beae      0xbf1 Middlewares/USB_Host_Library/usbh_ctlreq.o
 .debug_loc     0x0000ca9f      0x50f Middlewares/USB_Host_Library/usbh_ioreq.o
 .debug_loc     0x0000cfae      0x1be Middlewares/USB_Host_Library/usbh_pipes.o

.debug_macro    0x00000000    0x2540a
 .debug_macro   0x00000000      0x243 Application/SW4STM32/syscalls.o
 .debug_macro   0x00000243      0xa60 Application/SW4STM32/syscalls.o
 .debug_macro   0x00000ca3       0x22 Application/SW4STM32/syscalls.o
 .debug_macro   0x00000cc5       0x58 Application/SW4STM32/syscalls.o
 .debug_macro   0x00000d1d       0x18 Application/SW4STM32/syscalls.o
 .debug_macro   0x00000d35       0x94 Application/SW4STM32/syscalls.o
 .debug_macro   0x00000dc9       0x35 Application/SW4STM32/syscalls.o
 .debug_macro   0x00000dfe       0x34 Application/SW4STM32/syscalls.o
 .debug_macro   0x00000e32       0x57 Application/SW4STM32/syscalls.o
 .debug_macro   0x00000e89      0x174 Application/SW4STM32/syscalls.o
 .debug_macro   0x00000ffd      0x330 Application/SW4STM32/syscalls.o
 .debug_macro   0x0000132d       0x58 Application/SW4STM32/syscalls.o
 .debug_macro   0x00001385       0x1f Application/SW4STM32/syscalls.o
 .debug_macro   0x000013a4       0x43 Application/SW4STM32/syscalls.o
 .debug_macro   0x000013e7       0x20 Application/SW4STM32/syscalls.o
 .debug_macro   0x00001407      0x18e Application/SW4STM32/syscalls.o
 .debug_macro   0x00001595       0x10 Application/SW4STM32/syscalls.o
 .debug_macro   0x000015a5       0x35 Application/SW4STM32/syscalls.o
 .debug_macro   0x000015da       0x10 Application/SW4STM32/syscalls.o
 .debug_macro   0x000015ea       0x10 Application/SW4STM32/syscalls.o
 .debug_macro   0x000015fa       0x10 Application/SW4STM32/syscalls.o
 .debug_macro   0x0000160a       0x6a Application/SW4STM32/syscalls.o
 .debug_macro   0x00001674       0x1c Application/SW4STM32/syscalls.o
 .debug_macro   0x00001690       0x52 Application/SW4STM32/syscalls.o
 .debug_macro   0x000016e2       0x40 Application/SW4STM32/syscalls.o
 .debug_macro   0x00001722       0x10 Application/SW4STM32/syscalls.o
 .debug_macro   0x00001732       0x40 Application/SW4STM32/syscalls.o
 .debug_macro   0x00001772       0xd7 Application/SW4STM32/syscalls.o
 .debug_macro   0x00001849       0x1c Application/SW4STM32/syscalls.o
 .debug_macro   0x00001865       0x3d Application/SW4STM32/syscalls.o
 .debug_macro   0x000018a2       0x35 Application/SW4STM32/syscalls.o
 .debug_macro   0x000018d7      0x122 Application/SW4STM32/syscalls.o
 .debug_macro   0x000019f9       0x16 Application/SW4STM32/syscalls.o
 .debug_macro   0x00001a0f       0x16 Application/SW4STM32/syscalls.o
 .debug_macro   0x00001a25       0x29 Application/SW4STM32/syscalls.o
 .debug_macro   0x00001a4e       0x10 Application/SW4STM32/syscalls.o
 .debug_macro   0x00001a5e      0x241 Application/SW4STM32/syscalls.o
 .debug_macro   0x00001c9f       0x1c Application/SW4STM32/syscalls.o
 .debug_macro   0x00001cbb       0x10 Application/SW4STM32/syscalls.o
 .debug_macro   0x00001ccb       0x10 Application/SW4STM32/syscalls.o
 .debug_macro   0x00001cdb       0x16 Application/SW4STM32/syscalls.o
 .debug_macro   0x00001cf1      0x16f Application/SW4STM32/syscalls.o
 .debug_macro   0x00001e60      0x189 Application/SW4STM32/syscalls.o
 .debug_macro   0x00001fe9       0x16 Application/SW4STM32/syscalls.o
 .debug_macro   0x00001fff       0x88 Application/SW4STM32/syscalls.o
 .debug_macro   0x00002087      0x232 Application/User/ADNS3080.o
 .debug_macro   0x000022b9       0x8e Application/User/ADNS3080.o
 .debug_macro   0x00002347       0x51 Application/User/ADNS3080.o
 .debug_macro   0x00002398       0xef Application/User/ADNS3080.o
 .debug_macro   0x00002487      0x1df Application/User/ADNS3080.o
 .debug_macro   0x00002666       0xe8 Application/User/ADNS3080.o
 .debug_macro   0x0000274e      0x196 Application/User/ADNS3080.o
 .debug_macro   0x000028e4       0x32 Application/User/ADNS3080.o
 .debug_macro   0x00002916       0x2f Application/User/ADNS3080.o
 .debug_macro   0x00002945       0x1c Application/User/ADNS3080.o
 .debug_macro   0x00002961       0x22 Application/User/ADNS3080.o
 .debug_macro   0x00002983       0xdf Application/User/ADNS3080.o
 .debug_macro   0x00002a62     0x102d Application/User/ADNS3080.o
 .debug_macro   0x00003a8f      0x11f Application/User/ADNS3080.o
 .debug_macro   0x00003bae    0x15e43 Application/User/ADNS3080.o
 .debug_macro   0x000199f1       0x43 Application/User/ADNS3080.o
 .debug_macro   0x00019a34     0x35d4 Application/User/ADNS3080.o
 .debug_macro   0x0001d008       0x4e Application/User/ADNS3080.o
 .debug_macro   0x0001d056      0x96b Application/User/ADNS3080.o
 .debug_macro   0x0001d9c1      0x9fe Application/User/ADNS3080.o
 .debug_macro   0x0001e3bf       0xed Application/User/ADNS3080.o
 .debug_macro   0x0001e4ac      0x117 Application/User/ADNS3080.o
 .debug_macro   0x0001e5c3      0x13e Application/User/ADNS3080.o
 .debug_macro   0x0001e701       0x27 Application/User/ADNS3080.o
 .debug_macro   0x0001e728      0x287 Application/User/ADNS3080.o
 .debug_macro   0x0001e9af       0x5f Application/User/ADNS3080.o
 .debug_macro   0x0001ea0e      0x236 Application/User/ADNS3080.o
 .debug_macro   0x0001ec44      0x12c Application/User/ADNS3080.o
 .debug_macro   0x0001ed70      0x21e Application/User/ADNS3080.o
 .debug_macro   0x0001ef8e       0x2e Application/User/ADNS3080.o
 .debug_macro   0x0001efbc      0x1ae Application/User/ADNS3080.o
 .debug_macro   0x0001f16a       0xd6 Application/User/ADNS3080.o
 .debug_macro   0x0001f240      0x199 Application/User/ADNS3080.o
 .debug_macro   0x0001f3d9       0x40 Application/User/ADNS3080.o
 .debug_macro   0x0001f419       0x4a Application/User/ADNS3080.o
 .debug_macro   0x0001f463      0x11a Application/User/ADNS3080.o
 .debug_macro   0x0001f57d       0x7e Application/User/ADNS3080.o
 .debug_macro   0x0001f5fb       0x89 Application/User/ADNS3080.o
 .debug_macro   0x0001f684      0x225 Application/User/ADNS3080.o
 .debug_macro   0x0001f8a9      0x225 Application/User/ADNS3080.o
 .debug_macro   0x0001face       0x68 Application/User/ADNS3080.o
 .debug_macro   0x0001fb36      0x12d Application/User/ADNS3080.o
 .debug_macro   0x0001fc63      0x1ac Application/User/ADNS3080.o
 .debug_macro   0x0001fe0f      0x21f Application/User/gpio.o
 .debug_macro   0x0002002e      0x21f Application/User/i2c.o
 .debug_macro   0x0002024d      0x21f Application/User/i2s.o
 .debug_macro   0x0002046c      0x254 Application/User/main.o
 .debug_macro   0x000206c0       0xee Application/User/main.o
 .debug_macro   0x000207ae      0x21f Application/User/spi.o
 .debug_macro   0x000209cd      0x215 Application/User/stm32f4xx_hal_msp.o
 .debug_macro   0x00020be2      0x21f Application/User/stm32f4xx_it.o
 .debug_macro   0x00020e01      0x424 Application/User/usb_host.o
 .debug_macro   0x00021225       0x5e Application/User/usb_host.o
 .debug_macro   0x00021283       0x16 Application/User/usb_host.o
 .debug_macro   0x00021299      0x32a Application/User/usb_host.o
 .debug_macro   0x000215c3       0x16 Application/User/usb_host.o
 .debug_macro   0x000215d9      0x1b2 Application/User/usb_host.o
 .debug_macro   0x0002178b       0x73 Application/User/usb_host.o
 .debug_macro   0x000217fe      0x210 Application/User/usb_host.o
 .debug_macro   0x00021a0e       0x2e Application/User/usb_host.o
 .debug_macro   0x00021a3c       0x2e Application/User/usb_host.o
 .debug_macro   0x00021a6a       0x28 Application/User/usb_host.o
 .debug_macro   0x00021a92      0x162 Application/User/usb_host.o
 .debug_macro   0x00021bf4      0x425 Application/User/usbh_conf.o
 .debug_macro   0x00022019       0x97 Application/User/usbh_conf.o
 .debug_macro   0x000220b0       0xfd Application/User/usbh_conf.o
 .debug_macro   0x000221ad       0xd9 Application/User/usbh_conf.o
 .debug_macro   0x00022286      0x21a Application/User/usbh_platform.o
 .debug_macro   0x000224a0      0x20c Drivers/CMSIS/system_stm32f4xx.o
 .debug_macro   0x000226ac      0x266 Drivers/STM32F4xx_HAL_Driver/stm32f4xx_hal.o
 .debug_macro   0x00022912      0x206 Drivers/STM32F4xx_HAL_Driver/stm32f4xx_hal_cortex.o
 .debug_macro   0x00022b18      0x23c Drivers/STM32F4xx_HAL_Driver/stm32f4xx_hal_gpio.o
 .debug_macro   0x00022d54      0x206 Drivers/STM32F4xx_HAL_Driver/stm32f4xx_hal_hcd.o
 .debug_macro   0x00022f5a      0x246 Drivers/STM32F4xx_HAL_Driver/stm32f4xx_hal_i2c.o
 .debug_macro   0x000231a0      0x207 Drivers/STM32F4xx_HAL_Driver/stm32f4xx_hal_i2s.o
 .debug_macro   0x000233a7      0x206 Drivers/STM32F4xx_HAL_Driver/stm32f4xx_hal_i2s_ex.o
 .debug_macro   0x000235ad      0x22a Drivers/STM32F4xx_HAL_Driver/stm32f4xx_hal_rcc.o
 .debug_macro   0x000237d7      0x206 Drivers/STM32F4xx_HAL_Driver/stm32f4xx_hal_rcc_ex.o
 .debug_macro   0x000239dd      0x215 Drivers/STM32F4xx_HAL_Driver/stm32f4xx_hal_spi.o
 .debug_macro   0x00023bf2      0x206 Drivers/STM32F4xx_HAL_Driver/stm32f4xx_ll_usb.o
 .debug_macro   0x00023df8      0x426 Middlewares/USB_Host_Library/usbh_cdc.o
 .debug_macro   0x0002421e      0x15c Middlewares/USB_Host_Library/usbh_cdc.o
 .debug_macro   0x0002437a      0x423 Middlewares/USB_Host_Library/usbh_core.o
 .debug_macro   0x0002479d      0x41b Middlewares/USB_Host_Library/usbh_ctlreq.o
 .debug_macro   0x00024bb8       0x28 Middlewares/USB_Host_Library/usbh_ctlreq.o
 .debug_macro   0x00024be0      0x415 Middlewares/USB_Host_Library/usbh_ioreq.o
 .debug_macro   0x00024ff5      0x415 Middlewares/USB_Host_Library/usbh_pipes.o

.comment        0x00000000       0x7f
 .comment       0x00000000       0x7f Application/SW4STM32/syscalls.o
                                 0x80 (size before relaxing)
 .comment       0x0000007f       0x80 Application/User/ADNS3080.o
 .comment       0x0000007f       0x80 Application/User/gpio.o
 .comment       0x0000007f       0x80 Application/User/i2c.o
 .comment       0x0000007f       0x80 Application/User/i2s.o
 .comment       0x0000007f       0x80 Application/User/main.o
 .comment       0x0000007f       0x80 Application/User/spi.o
 .comment       0x0000007f       0x80 Application/User/stm32f4xx_hal_msp.o
 .comment       0x0000007f       0x80 Application/User/stm32f4xx_it.o
 .comment       0x0000007f       0x80 Application/User/usb_host.o
 .comment       0x0000007f       0x80 Application/User/usbh_conf.o
 .comment       0x0000007f       0x80 Application/User/usbh_platform.o
 .comment       0x0000007f       0x80 Drivers/CMSIS/system_stm32f4xx.o
 .comment       0x0000007f       0x80 Drivers/STM32F4xx_HAL_Driver/stm32f4xx_hal.o
 .comment       0x0000007f       0x80 Drivers/STM32F4xx_HAL_Driver/stm32f4xx_hal_cortex.o
 .comment       0x0000007f       0x80 Drivers/STM32F4xx_HAL_Driver/stm32f4xx_hal_gpio.o
 .comment       0x0000007f       0x80 Drivers/STM32F4xx_HAL_Driver/stm32f4xx_hal_hcd.o
 .comment       0x0000007f       0x80 Drivers/STM32F4xx_HAL_Driver/stm32f4xx_hal_i2c.o
 .comment       0x0000007f       0x80 Drivers/STM32F4xx_HAL_Driver/stm32f4xx_hal_i2s.o
 .comment       0x0000007f       0x80 Drivers/STM32F4xx_HAL_Driver/stm32f4xx_hal_i2s_ex.o
 .comment       0x0000007f       0x80 Drivers/STM32F4xx_HAL_Driver/stm32f4xx_hal_rcc.o
 .comment       0x0000007f       0x80 Drivers/STM32F4xx_HAL_Driver/stm32f4xx_hal_rcc_ex.o
 .comment       0x0000007f       0x80 Drivers/STM32F4xx_HAL_Driver/stm32f4xx_hal_spi.o
 .comment       0x0000007f       0x80 Drivers/STM32F4xx_HAL_Driver/stm32f4xx_ll_usb.o
 .comment       0x0000007f       0x80 Middlewares/USB_Host_Library/usbh_cdc.o
 .comment       0x0000007f       0x80 Middlewares/USB_Host_Library/usbh_core.o
 .comment       0x0000007f       0x80 Middlewares/USB_Host_Library/usbh_ctlreq.o
 .comment       0x0000007f       0x80 Middlewares/USB_Host_Library/usbh_ioreq.o
 .comment       0x0000007f       0x80 Middlewares/USB_Host_Library/usbh_pipes.o

.debug_frame    0x00000000     0x31e0
 .debug_frame   0x00000000      0x1a8 Application/SW4STM32/syscalls.o
 .debug_frame   0x000001a8       0x2c Application/User/ADNS3080.o
 .debug_frame   0x000001d4       0x3c Application/User/gpio.o
 .debug_frame   0x00000210       0x64 Application/User/i2c.o
 .debug_frame   0x00000274       0x64 Application/User/i2s.o
 .debug_frame   0x000002d8       0x5c Application/User/main.o
 .debug_frame   0x00000334       0x7c Application/User/spi.o
 .debug_frame   0x000003b0       0x2c Application/User/stm32f4xx_hal_msp.o
 .debug_frame   0x000003dc       0xc0 Application/User/stm32f4xx_it.o
 .debug_frame   0x0000049c       0x50 Application/User/usb_host.o
 .debug_frame   0x000004ec      0x25c Application/User/usbh_conf.o
 .debug_frame   0x00000748       0x28 Application/User/usbh_platform.o
 .debug_frame   0x00000770       0x30 Drivers/CMSIS/system_stm32f4xx.o
 .debug_frame   0x000007a0      0x1ec Drivers/STM32F4xx_HAL_Driver/stm32f4xx_hal.o
 .debug_frame   0x0000098c      0x15c Drivers/STM32F4xx_HAL_Driver/stm32f4xx_hal_cortex.o
 .debug_frame   0x00000ae8       0xd8 Drivers/STM32F4xx_HAL_Driver/stm32f4xx_hal_gpio.o
 .debug_frame   0x00000bc0      0x2a4 Drivers/STM32F4xx_HAL_Driver/stm32f4xx_hal_hcd.o
 .debug_frame   0x00000e64      0x910 Drivers/STM32F4xx_HAL_Driver/stm32f4xx_hal_i2c.o
 .debug_frame   0x00001774      0x31c Drivers/STM32F4xx_HAL_Driver/stm32f4xx_hal_i2s.o
 .debug_frame   0x00001a90      0x18c Drivers/STM32F4xx_HAL_Driver/stm32f4xx_hal_i2s_ex.o
 .debug_frame   0x00001c1c      0x184 Drivers/STM32F4xx_HAL_Driver/stm32f4xx_hal_rcc.o
 .debug_frame   0x00001da0       0xa4 Drivers/STM32F4xx_HAL_Driver/stm32f4xx_hal_rcc_ex.o
 .debug_frame   0x00001e44      0x594 Drivers/STM32F4xx_HAL_Driver/stm32f4xx_hal_spi.o
 .debug_frame   0x000023d8      0x49c Drivers/STM32F4xx_HAL_Driver/stm32f4xx_ll_usb.o
 .debug_frame   0x00002874      0x1bc Middlewares/USB_Host_Library/usbh_cdc.o
 .debug_frame   0x00002a30      0x1fc Middlewares/USB_Host_Library/usbh_core.o
 .debug_frame   0x00002c2c      0x1e8 Middlewares/USB_Host_Library/usbh_ctlreq.o
 .debug_frame   0x00002e14      0x130 Middlewares/USB_Host_Library/usbh_ioreq.o
 .debug_frame   0x00002f44       0x84 Middlewares/USB_Host_Library/usbh_pipes.o
 .debug_frame   0x00002fc8       0x2c c:/ac6/systemworkbench/plugins/fr.ac6.mcu.externaltools.arm-none.win32_1.17.0.201812190825/tools/compiler/bin/../lib/gcc/arm-none-eabi/7.3.1/thumb/v7e-m/fpv4-sp/hard\libgcc.a(_aeabi_uldivmod.o)
 .debug_frame   0x00002ff4       0x34 c:/ac6/systemworkbench/plugins/fr.ac6.mcu.externaltools.arm-none.win32_1.17.0.201812190825/tools/compiler/bin/../lib/gcc/arm-none-eabi/7.3.1/thumb/v7e-m/fpv4-sp/hard\libgcc.a(_udivmoddi4.o)
 .debug_frame   0x00003028       0x20 c:/ac6/systemworkbench/plugins/fr.ac6.mcu.externaltools.arm-none.win32_1.17.0.201812190825/tools/compiler/bin/../lib/gcc/arm-none-eabi/7.3.1/../../../../arm-none-eabi/lib/thumb/v7e-m/fpv4-sp/hard\libc_nano.a(lib_a-errno.o)
 .debug_frame   0x00003048       0x2c c:/ac6/systemworkbench/plugins/fr.ac6.mcu.externaltools.arm-none.win32_1.17.0.201812190825/tools/compiler/bin/../lib/gcc/arm-none-eabi/7.3.1/../../../../arm-none-eabi/lib/thumb/v7e-m/fpv4-sp/hard\libc_nano.a(lib_a-init.o)
 .debug_frame   0x00003074       0x30 c:/ac6/systemworkbench/plugins/fr.ac6.mcu.externaltools.arm-none.win32_1.17.0.201812190825/tools/compiler/bin/../lib/gcc/arm-none-eabi/7.3.1/../../../../arm-none-eabi/lib/thumb/v7e-m/fpv4-sp/hard\libc_nano.a(lib_a-malloc.o)
 .debug_frame   0x000030a4       0x20 c:/ac6/systemworkbench/plugins/fr.ac6.mcu.externaltools.arm-none.win32_1.17.0.201812190825/tools/compiler/bin/../lib/gcc/arm-none-eabi/7.3.1/../../../../arm-none-eabi/lib/thumb/v7e-m/fpv4-sp/hard\libc_nano.a(lib_a-memset.o)
 .debug_frame   0x000030c4       0x38 c:/ac6/systemworkbench/plugins/fr.ac6.mcu.externaltools.arm-none.win32_1.17.0.201812190825/tools/compiler/bin/../lib/gcc/arm-none-eabi/7.3.1/../../../../arm-none-eabi/lib/thumb/v7e-m/fpv4-sp/hard\libc_nano.a(lib_a-nano-freer.o)
 .debug_frame   0x000030fc       0x2c c:/ac6/systemworkbench/plugins/fr.ac6.mcu.externaltools.arm-none.win32_1.17.0.201812190825/tools/compiler/bin/../lib/gcc/arm-none-eabi/7.3.1/../../../../arm-none-eabi/lib/thumb/v7e-m/fpv4-sp/hard\libc_nano.a(lib_a-nano-mallocr.o)
 .debug_frame   0x00003128       0x2c c:/ac6/systemworkbench/plugins/fr.ac6.mcu.externaltools.arm-none.win32_1.17.0.201812190825/tools/compiler/bin/../lib/gcc/arm-none-eabi/7.3.1/../../../../arm-none-eabi/lib/thumb/v7e-m/fpv4-sp/hard\libc_nano.a(lib_a-sbrkr.o)