Archive member included to satisfy reference by file (symbol)

c:/ac6/systemworkbench/plugins/fr.ac6.mcu.externaltools.arm-none.win32_1.17.0.201812190825/tools/compiler/bin/../lib/gcc/arm-none-eabi/7.3.1/thumb/v7e-m/fpv4-sp/hard\libgcc.a(_aeabi_uldivmod.o)
                              Drivers/STM32F4xx_HAL_Driver/stm32f4xx_hal_rcc.o (__aeabi_uldivmod)
c:/ac6/systemworkbench/plugins/fr.ac6.mcu.externaltools.arm-none.win32_1.17.0.201812190825/tools/compiler/bin/../lib/gcc/arm-none-eabi/7.3.1/thumb/v7e-m/fpv4-sp/hard\libgcc.a(_udivmoddi4.o)
                              c:/ac6/systemworkbench/plugins/fr.ac6.mcu.externaltools.arm-none.win32_1.17.0.201812190825/tools/compiler/bin/../lib/gcc/arm-none-eabi/7.3.1/thumb/v7e-m/fpv4-sp/hard\libgcc.a(_aeabi_uldivmod.o) (__udivmoddi4)
c:/ac6/systemworkbench/plugins/fr.ac6.mcu.externaltools.arm-none.win32_1.17.0.201812190825/tools/compiler/bin/../lib/gcc/arm-none-eabi/7.3.1/thumb/v7e-m/fpv4-sp/hard\libgcc.a(_dvmd_tls.o)
                              c:/ac6/systemworkbench/plugins/fr.ac6.mcu.externaltools.arm-none.win32_1.17.0.201812190825/tools/compiler/bin/../lib/gcc/arm-none-eabi/7.3.1/thumb/v7e-m/fpv4-sp/hard\libgcc.a(_aeabi_uldivmod.o) (__aeabi_ldiv0)
c:/ac6/systemworkbench/plugins/fr.ac6.mcu.externaltools.arm-none.win32_1.17.0.201812190825/tools/compiler/bin/../lib/gcc/arm-none-eabi/7.3.1/../../../../arm-none-eabi/lib/thumb/v7e-m/fpv4-sp/hard\libc_nano.a(lib_a-errno.o)
                              Application/SW4STM32/syscalls.o (__errno)
c:/ac6/systemworkbench/plugins/fr.ac6.mcu.externaltools.arm-none.win32_1.17.0.201812190825/tools/compiler/bin/../lib/gcc/arm-none-eabi/7.3.1/../../../../arm-none-eabi/lib/thumb/v7e-m/fpv4-sp/hard\libc_nano.a(lib_a-exit.o)
                              c:/ac6/systemworkbench/plugins/fr.ac6.mcu.externaltools.arm-none.win32_1.17.0.201812190825/tools/compiler/bin/../lib/gcc/arm-none-eabi/7.3.1/../../../../arm-none-eabi/lib/thumb/v7e-m/fpv4-sp/hard/crt0.o (exit)
c:/ac6/systemworkbench/plugins/fr.ac6.mcu.externaltools.arm-none.win32_1.17.0.201812190825/tools/compiler/bin/../lib/gcc/arm-none-eabi/7.3.1/../../../../arm-none-eabi/lib/thumb/v7e-m/fpv4-sp/hard\libc_nano.a(lib_a-impure.o)
                              c:/ac6/systemworkbench/plugins/fr.ac6.mcu.externaltools.arm-none.win32_1.17.0.201812190825/tools/compiler/bin/../lib/gcc/arm-none-eabi/7.3.1/../../../../arm-none-eabi/lib/thumb/v7e-m/fpv4-sp/hard\libc_nano.a(lib_a-exit.o) (_global_impure_ptr)
c:/ac6/systemworkbench/plugins/fr.ac6.mcu.externaltools.arm-none.win32_1.17.0.201812190825/tools/compiler/bin/../lib/gcc/arm-none-eabi/7.3.1/../../../../arm-none-eabi/lib/thumb/v7e-m/fpv4-sp/hard\libc_nano.a(lib_a-init.o)
                              c:/ac6/systemworkbench/plugins/fr.ac6.mcu.externaltools.arm-none.win32_1.17.0.201812190825/tools/compiler/bin/../lib/gcc/arm-none-eabi/7.3.1/../../../../arm-none-eabi/lib/thumb/v7e-m/fpv4-sp/hard/crt0.o (__libc_init_array)
c:/ac6/systemworkbench/plugins/fr.ac6.mcu.externaltools.arm-none.win32_1.17.0.201812190825/tools/compiler/bin/../lib/gcc/arm-none-eabi/7.3.1/../../../../arm-none-eabi/lib/thumb/v7e-m/fpv4-sp/hard\libc_nano.a(lib_a-malloc.o)
                              Middlewares/USB_Host_Library/usbh_cdc.o (malloc)
c:/ac6/systemworkbench/plugins/fr.ac6.mcu.externaltools.arm-none.win32_1.17.0.201812190825/tools/compiler/bin/../lib/gcc/arm-none-eabi/7.3.1/../../../../arm-none-eabi/lib/thumb/v7e-m/fpv4-sp/hard\libc_nano.a(lib_a-memset.o)
                              c:/ac6/systemworkbench/plugins/fr.ac6.mcu.externaltools.arm-none.win32_1.17.0.201812190825/tools/compiler/bin/../lib/gcc/arm-none-eabi/7.3.1/../../../../arm-none-eabi/lib/thumb/v7e-m/fpv4-sp/hard/crt0.o (memset)
c:/ac6/systemworkbench/plugins/fr.ac6.mcu.externaltools.arm-none.win32_1.17.0.201812190825/tools/compiler/bin/../lib/gcc/arm-none-eabi/7.3.1/../../../../arm-none-eabi/lib/thumb/v7e-m/fpv4-sp/hard\libc_nano.a(lib_a-nano-freer.o)
                              c:/ac6/systemworkbench/plugins/fr.ac6.mcu.externaltools.arm-none.win32_1.17.0.201812190825/tools/compiler/bin/../lib/gcc/arm-none-eabi/7.3.1/../../../../arm-none-eabi/lib/thumb/v7e-m/fpv4-sp/hard\libc_nano.a(lib_a-malloc.o) (_free_r)
c:/ac6/systemworkbench/plugins/fr.ac6.mcu.externaltools.arm-none.win32_1.17.0.201812190825/tools/compiler/bin/../lib/gcc/arm-none-eabi/7.3.1/../../../../arm-none-eabi/lib/thumb/v7e-m/fpv4-sp/hard\libc_nano.a(lib_a-nano-mallocr.o)
                              c:/ac6/systemworkbench/plugins/fr.ac6.mcu.externaltools.arm-none.win32_1.17.0.201812190825/tools/compiler/bin/../lib/gcc/arm-none-eabi/7.3.1/../../../../arm-none-eabi/lib/thumb/v7e-m/fpv4-sp/hard\libc_nano.a(lib_a-malloc.o) (_malloc_r)
c:/ac6/systemworkbench/plugins/fr.ac6.mcu.externaltools.arm-none.win32_1.17.0.201812190825/tools/compiler/bin/../lib/gcc/arm-none-eabi/7.3.1/../../../../arm-none-eabi/lib/thumb/v7e-m/fpv4-sp/hard\libc_nano.a(lib_a-sbrkr.o)
[...]
Memory Configuration

Name             Origin             Length             Attributes
RAM              0x20000000         0x00020000         xrw
CCMRAM           0x10000000         0x00010000         rw
FLASH            0x08000000         0x00100000         xr
*default*        0x00000000         0xffffffff

Linker script and memory map

LOAD c:/ac6/systemworkbench/plugins/fr.ac6.mcu.externaltools.arm-none.win32_1.17.0.201812190825/tools/compiler/bin/../lib/gcc/arm-none-eabi/7.3.1/thumb/v7e-m/fpv4-sp/hard/crti.o
LOAD c:/ac6/systemworkbench/plugins/fr.ac6.mcu.externaltools.arm-none.win32_1.17.0.201812190825/tools/compiler/bin/../lib/gcc/arm-none-eabi/7.3.1/thumb/v7e-m/fpv4-sp/hard/crtbegin.o
LOAD c:/ac6/systemworkbench/plugins/fr.ac6.mcu.externaltools.arm-none.win32_1.17.0.201812190825/tools/compiler/bin/../lib/gcc/arm-none-eabi/7.3.1/../../../../arm-none-eabi/lib/thumb/v7e-m/fpv4-sp/hard/crt0.o
LOAD Application/SW4STM32/startup_stm32f407xx.o
LOAD Application/SW4STM32/syscalls.o
LOAD Application/User/ADNS3080B.o
LOAD Application/User/ADNS3080J.o
LOAD Application/User/gpio.o
LOAD Application/User/i2c.o
LOAD Application/User/i2s.o
LOAD Application/User/main.o
LOAD Application/User/spi.o
LOAD Application/User/stm32f4xx_hal_msp.o
LOAD Application/User/stm32f4xx_it.o
LOAD Application/User/usb_host.o
LOAD Application/User/usbh_conf.o
LOAD Application/User/usbh_platform.o
LOAD Drivers/CMSIS/system_stm32f4xx.o
LOAD Drivers/STM32F4xx_HAL_Driver/stm32f4xx_hal.o
LOAD Drivers/STM32F4xx_HAL_Driver/stm32f4xx_hal_cortex.o
LOAD Drivers/STM32F4xx_HAL_Driver/stm32f4xx_hal_dma.o
LOAD Drivers/STM32F4xx_HAL_Driver/stm32f4xx_hal_dma_ex.o
LOAD Drivers/STM32F4xx_HAL_Driver/stm32f4xx_hal_exti.o
LOAD Drivers/STM32F4xx_HAL_Driver/stm32f4xx_hal_flash.o
LOAD Drivers/STM32F4xx_HAL_Driver/stm32f4xx_hal_flash_ex.o
LOAD Drivers/STM32F4xx_HAL_Driver/stm32f4xx_hal_flash_ramfunc.o
LOAD Drivers/STM32F4xx_HAL_Driver/stm32f4xx_hal_gpio.o
LOAD Drivers/STM32F4xx_HAL_Driver/stm32f4xx_hal_hcd.o
LOAD Drivers/STM32F4xx_HAL_Driver/stm32f4xx_hal_i2c.o
LOAD Drivers/STM32F4xx_HAL_Driver/stm32f4xx_hal_i2c_ex.o
LOAD Drivers/STM32F4xx_HAL_Driver/stm32f4xx_hal_i2s.o
LOAD Drivers/STM32F4xx_HAL_Driver/stm32f4xx_hal_i2s_ex.o
LOAD Drivers/STM32F4xx_HAL_Driver/stm32f4xx_hal_pwr.o
LOAD Drivers/STM32F4xx_HAL_Driver/stm32f4xx_hal_pwr_ex.o
LOAD Drivers/STM32F4xx_HAL_Driver/stm32f4xx_hal_rcc.o
LOAD Drivers/STM32F4xx_HAL_Driver/stm32f4xx_hal_rcc_ex.o
LOAD Drivers/STM32F4xx_HAL_Driver/stm32f4xx_hal_spi.o
LOAD Drivers/STM32F4xx_HAL_Driver/stm32f4xx_hal_tim.o
LOAD Drivers/STM32F4xx_HAL_Driver/stm32f4xx_hal_tim_ex.o
LOAD Drivers/STM32F4xx_HAL_Driver/stm32f4xx_ll_usb.o
LOAD Middlewares/USB_Host_Library/usbh_cdc.o
LOAD Middlewares/USB_Host_Library/usbh_core.o
LOAD Middlewares/USB_Host_Library/usbh_ctlreq.o
LOAD Middlewares/USB_Host_Library/usbh_ioreq.o
LOAD Middlewares/USB_Host_Library/usbh_pipes.o
LOAD c:/ac6/systemworkbench/plugins/fr.ac6.mcu.externaltools.arm-none.win32_1.17.0.201812190825/tools/compiler/bin/../lib/gcc/arm-none-eabi/7.3.1/../../../../arm-none-eabi/lib/thumb/v7e-m/fpv4-sp/hard\libm.a
START GROUP
LOAD c:/ac6/systemworkbench/plugins/fr.ac6.mcu.externaltools.arm-none.win32_1.17.0.201812190825/tools/compiler/bin/../lib/gcc/arm-none-eabi/7.3.1/thumb/v7e-m/fpv4-sp/hard\libgcc.a
LOAD c:/ac6/systemworkbench/plugins/fr.ac6.mcu.externaltools.arm-none.win32_1.17.0.201812190825/tools/compiler/bin/../lib/gcc/arm-none-eabi/7.3.1/../../../../arm-none-eabi/lib/thumb/v7e-m/fpv4-sp/hard\libc_nano.a
END GROUP
START GROUP
LOAD c:/ac6/systemworkbench/plugins/fr.ac6.mcu.externaltools.arm-none.win32_1.17.0.201812190825/tools/compiler/bin/../lib/gcc/arm-none-eabi/7.3.1/thumb/v7e-m/fpv4-sp/hard\libgcc.a
LOAD c:/ac6/systemworkbench/plugins/fr.ac6.mcu.externaltools.arm-none.win32_1.17.0.201812190825/tools/compiler/bin/../lib/gcc/arm-none-eabi/7.3.1/../../../../arm-none-eabi/lib/thumb/v7e-m/fpv4-sp/hard\libc_nano.a
LOAD c:/ac6/systemworkbench/plugins/fr.ac6.mcu.externaltools.arm-none.win32_1.17.0.201812190825/tools/compiler/bin/../lib/gcc/arm-none-eabi/7.3.1/../../../../arm-none-eabi/lib/thumb/v7e-m/fpv4-sp/hard\libnosys.a
END GROUP
START GROUP
LOAD c:/ac6/systemworkbench/plugins/fr.ac6.mcu.externaltools.arm-none.win32_1.17.0.201812190825/tools/compiler/bin/../lib/gcc/arm-none-eabi/7.3.1/thumb/v7e-m/fpv4-sp/hard\libgcc.a
LOAD c:/ac6/systemworkbench/plugins/fr.ac6.mcu.externaltools.arm-none.win32_1.17.0.201812190825/tools/compiler/bin/../lib/gcc/arm-none-eabi/7.3.1/../../../../arm-none-eabi/lib/thumb/v7e-m/fpv4-sp/hard\libc_nano.a
LOAD c:/ac6/systemworkbench/plugins/fr.ac6.mcu.externaltools.arm-none.win32_1.17.0.201812190825/tools/compiler/bin/../lib/gcc/arm-none-eabi/7.3.1/../../../../arm-none-eabi/lib/thumb/v7e-m/fpv4-sp/hard\libnosys.a
END GROUP
LOAD c:/ac6/systemworkbench/plugins/fr.ac6.mcu.externaltools.arm-none.win32_1.17.0.201812190825/tools/compiler/bin/../lib/gcc/arm-none-eabi/7.3.1/thumb/v7e-m/fpv4-sp/hard/crtend.o
LOAD c:/ac6/systemworkbench/plugins/fr.ac6.mcu.externaltools.arm-none.win32_1.17.0.201812190825/tools/compiler/bin/../lib/gcc/arm-none-eabi/7.3.1/thumb/v7e-m/fpv4-sp/hard/crtn.o
                0x20020000                _estack = 0x20020000
                0x00000200                _Min_Heap_Size = 0x200
                0x00000400                _Min_Stack_Size = 0x400

.isr_vector     0x08000000      0x188
                0x08000000                . = ALIGN (0x4)
 *(.isr_vector)
 .isr_vector    0x08000000      0x188 Application/SW4STM32/startup_stm32f407xx.o
                0x08000000                g_pfnVectors
                0x08000188                . = ALIGN (0x4)

.text           0x08000188     0x4bcc
                0x08000188                . = ALIGN (0x4)
 *(.text)
 .text          0x08000188       0x40 c:/ac6/systemworkbench/plugins/fr.ac6.mcu.externaltools.arm-none.win32_1.17.0.201812190825/tools/compiler/bin/../lib/gcc/arm-none-eabi/7.3.1/thumb/v7e-m/fpv4-sp/hard/crtbegin.o
 .text          0x080001c8       0x30 c:/ac6/systemworkbench/plugins/fr.ac6.mcu.externaltools.arm-none.win32_1.17.0.201812190825/tools/compiler/bin/../lib/gcc/arm-none-eabi/7.3.1/thumb/v7e-m/fpv4-sp/hard\libgcc.a(_aeabi_uldivmod.o)
                0x080001c8                __aeabi_uldivmod
 .text          0x080001f8      0x2cc c:/ac6/systemworkbench/plugins/fr.ac6.mcu.externaltools.arm-none.win32_1.17.0.201812190825/tools/compiler/bin/../lib/gcc/arm-none-eabi/7.3.1/thumb/v7e-m/fpv4-sp/hard\libgcc.a(_udivmoddi4.o)
                0x080001f8                __udivmoddi4
 .text          0x080004c4        0x4 c:/ac6/systemworkbench/plugins/fr.ac6.mcu.externaltools.arm-none.win32_1.17.0.201812190825/tools/compiler/bin/../lib/gcc/arm-none-eabi/7.3.1/thumb/v7e-m/fpv4-sp/hard\libgcc.a(_dvmd_tls.o)
                0x080004c4                __aeabi_idiv0
                0x080004c4                __aeabi_ldiv0
 *(.text*)
 .text.Reset_Handler
                0x080004c8       0x50 Application/SW4STM32/startup_stm32f407xx.o
                0x080004c8                Reset_Handler
 .text.Default_Handler
                0x08000518        0x2 Application/SW4STM32/startup_stm32f407xx.o
                0x08000518                RTC_Alarm_IRQHandler
                0x08000518                HASH_RNG_IRQHandler
                0x08000518                EXTI2_IRQHandler
                0x08000518                TIM8_CC_IRQHandler
                0x08000518                TIM1_CC_IRQHandler
                0x08000518                DMA2_Stream5_IRQHandler
                0x08000518                DMA1_Stream5_IRQHandler
                0x08000518                PVD_IRQHandler
                0x08000518                SDIO_IRQHandler
                0x08000518                TAMP_STAMP_IRQHandler
                0x08000518                CAN2_RX1_IRQHandler
                0x08000518                EXTI3_IRQHandler
                0x08000518                TIM8_TRG_COM_TIM14_IRQHandler
                0x08000518                TIM1_UP_TIM10_IRQHandler
                0x08000518                TIM8_UP_TIM13_IRQHandler
                0x08000518                I2C3_ER_IRQHandler
                0x08000518                EXTI0_IRQHandler
                0x08000518                I2C2_EV_IRQHandler
                0x08000518                DMA1_Stream2_IRQHandler
                0x08000518                CAN1_RX0_IRQHandler
                0x08000518                FPU_IRQHandler
                0x08000518                OTG_HS_WKUP_IRQHandler
                0x08000518                CAN2_SCE_IRQHandler
                0x08000518                DMA2_Stream2_IRQHandler
                0x08000518                SPI1_IRQHandler
                0x08000518                TIM6_DAC_IRQHandler
                0x08000518                TIM1_BRK_TIM9_IRQHandler
                0x08000518                DCMI_IRQHandler
                0x08000518                CAN2_RX0_IRQHandler
                0x08000518                DMA2_Stream3_IRQHandler
                0x08000518                USART6_IRQHandler
                0x08000518                USART3_IRQHandler
                0x08000518                CAN1_RX1_IRQHandler
                0x08000518                UART5_IRQHandler
                0x08000518                DMA2_Stream0_IRQHandler
                0x08000518                TIM4_IRQHandler
                0x08000518                I2C1_EV_IRQHandler
                0x08000518                DMA1_Stream6_IRQHandler
                0x08000518                DMA1_Stream1_IRQHandler
                0x08000518                UART4_IRQHandler
                0x08000518                TIM3_IRQHandler
                0x08000518                RCC_IRQHandler
                0x08000518                TIM8_BRK_TIM12_IRQHandler
                0x08000518                Default_Handler
                0x08000518                EXTI15_10_IRQHandler
                0x08000518                ADC_IRQHandler
                0x08000518                DMA1_Stream7_IRQHandler
                0x08000518                TIM7_IRQHandler
                0x08000518                CAN2_TX_IRQHandler
                0x08000518                TIM5_IRQHandler
                0x08000518                DMA2_Stream7_IRQHandler
                0x08000518                I2C3_EV_IRQHandler
                0x08000518                EXTI9_5_IRQHandler
                0x08000518                RTC_WKUP_IRQHandler
                0x08000518                ETH_WKUP_IRQHandler
                0x08000518                SPI2_IRQHandler
                0x08000518                OTG_HS_EP1_IN_IRQHandler
                0x08000518                DMA1_Stream0_IRQHandler
                0x08000518                CAN1_TX_IRQHandler
                0x08000518                EXTI4_IRQHandler
                0x08000518                FSMC_IRQHandler
                0x08000518                ETH_IRQHandler
                0x08000518                OTG_HS_EP1_OUT_IRQHandler
                0x08000518                WWDG_IRQHandler
                0x08000518                TIM2_IRQHandler
                0x08000518                OTG_FS_WKUP_IRQHandler
                0x08000518                TIM1_TRG_COM_TIM11_IRQHandler
                0x08000518                OTG_HS_IRQHandler
                0x08000518                EXTI1_IRQHandler
                0x08000518                USART2_IRQHandler
                0x08000518                I2C2_ER_IRQHandler
                0x08000518                DMA2_Stream1_IRQHandler
                0x08000518                CAN1_SCE_IRQHandler
                0x08000518                FLASH_IRQHandler
                0x08000518                DMA2_Stream4_IRQHandler
                0x08000518                USART1_IRQHandler
                0x08000518                SPI3_IRQHandler
                0x08000518                DMA1_Stream4_IRQHandler
                0x08000518                I2C1_ER_IRQHandler
                0x08000518                DMA2_Stream6_IRQHandler
                0x08000518                DMA1_Stream3_IRQHandler
 *fill*         0x0800051a        0x2 
 .text._sbrk    0x0800051c       0x3c Application/SW4STM32/syscalls.o
                0x0800051c                _sbrk
 .text.ADNS3080DownloadSROMB
                0x08000558       0xf4 Application/User/ADNS3080B.o
                0x08000558                ADNS3080DownloadSROMB
 .text.ADNS3080DownloadSROMJ
                0x0800064c       0xf4 Application/User/ADNS3080J.o
                0x0800064c                ADNS3080DownloadSROMJ
 .text.MX_GPIO_Init
                0x08000740      0x1b8 Application/User/gpio.o
                0x08000740                MX_GPIO_Init
 .text.MX_I2C1_Init
                0x080008f8       0x3c Application/User/i2c.o
                0x080008f8                MX_I2C1_Init
 .text.HAL_I2C_MspInit
                0x08000934       0x70 Application/User/i2c.o
                0x08000934                HAL_I2C_MspInit
 .text.MX_I2S3_Init
                0x080009a4       0x3c Application/User/i2s.o
                0x080009a4                MX_I2S3_Init
 .text.HAL_I2S_MspInit
                0x080009e0       0x98 Application/User/i2s.o
                0x080009e0                HAL_I2S_MspInit
 .text.SystemClock_Config
                0x08000a78       0xb0 Application/User/main.o
                0x08000a78                SystemClock_Config
 .text.main     0x08000b28       0xc4 Application/User/main.o
                0x08000b28                main
 .text.Error_Handler
                0x08000bec        0x2 Application/User/main.o
                0x08000bec                Error_Handler
 *fill*         0x08000bee        0x2 
 .text.MX_SPI1_Init
                0x08000bf0       0x40 Application/User/spi.o
                0x08000bf0                MX_SPI1_Init
 .text.MX_SPI2_Init
                0x08000c30       0x44 Application/User/spi.o
                0x08000c30                MX_SPI2_Init
 .text.HAL_SPI_MspInit
                0x08000c74       0xe8 Application/User/spi.o
                0x08000c74                HAL_SPI_MspInit
 .text.HAL_MspInit
                0x08000d5c       0x40 Application/User/stm32f4xx_hal_msp.o
                0x08000d5c                HAL_MspInit
 .text.NMI_Handler
                0x08000d9c        0x2 Application/User/stm32f4xx_it.o
                0x08000d9c                NMI_Handler
 .text.HardFault_Handler
                0x08000d9e        0x2 Application/User/stm32f4xx_it.o
                0x08000d9e                HardFault_Handler
 .text.MemManage_Handler
                0x08000da0        0x2 Application/User/stm32f4xx_it.o
                0x08000da0                MemManage_Handler
 .text.BusFault_Handler
                0x08000da2        0x2 Application/User/stm32f4xx_it.o
                0x08000da2                BusFault_Handler
 .text.UsageFault_Handler
                0x08000da4        0x2 Application/User/stm32f4xx_it.o
                0x08000da4                UsageFault_Handler
 .text.SVC_Handler
                0x08000da6        0x2 Application/User/stm32f4xx_it.o
                0x08000da6                SVC_Handler
 .text.DebugMon_Handler
                0x08000da8        0x2 Application/User/stm32f4xx_it.o
                0x08000da8                DebugMon_Handler
 .text.PendSV_Handler
                0x08000daa        0x2 Application/User/stm32f4xx_it.o
                0x08000daa                PendSV_Handler
 .text.SysTick_Handler
                0x08000dac        0x8 Application/User/stm32f4xx_it.o
                0x08000dac                SysTick_Handler
 .text.OTG_FS_IRQHandler
                0x08000db4       0x10 Application/User/stm32f4xx_it.o
                0x08000db4                OTG_FS_IRQHandler
 .text.USBH_UserProcess
                0x08000dc4       0x2c Application/User/usb_host.o
 .text.MX_USB_HOST_Init
                0x08000df0       0x40 Application/User/usb_host.o
                0x08000df0                MX_USB_HOST_Init
 .text.MX_USB_HOST_Process
                0x08000e30       0x10 Application/User/usb_host.o
                0x08000e30                MX_USB_HOST_Process
 .text.HAL_HCD_MspInit
                0x08000e40       0x98 Application/User/usbh_conf.o
                0x08000e40                HAL_HCD_MspInit
 .text.HAL_HCD_SOF_Callback
                0x08000ed8        0xc Application/User/usbh_conf.o
                0x08000ed8                HAL_HCD_SOF_Callback
 .text.HAL_HCD_Connect_Callback
                0x08000ee4        0xc Application/User/usbh_conf.o
                0x08000ee4                HAL_HCD_Connect_Callback
 .text.HAL_HCD_Disconnect_Callback
                0x08000ef0        0xc Application/User/usbh_conf.o
                0x08000ef0                HAL_HCD_Disconnect_Callback
 .text.HAL_HCD_HC_NotifyURBChange_Callback
                0x08000efc        0x2 Application/User/usbh_conf.o
                0x08000efc                HAL_HCD_HC_NotifyURBChange_Callback
 .text.HAL_HCD_PortEnabled_Callback
                0x08000efe        0xc Application/User/usbh_conf.o
                0x08000efe                HAL_HCD_PortEnabled_Callback
 .text.HAL_HCD_PortDisabled_Callback
                0x08000f0a        0xc Application/User/usbh_conf.o
                0x08000f0a                HAL_HCD_PortDisabled_Callback
 *fill*         0x08000f16        0x2 
 .text.USBH_LL_Init
                0x08000f18       0x54 Application/User/usbh_conf.o
                0x08000f18                USBH_LL_Init
 .text.USBH_LL_GetSpeed
                0x08000f6c       0x1c Application/User/usbh_conf.o
                0x08000f6c                USBH_LL_GetSpeed
 .text.USBH_LL_GetLastXferSize
                0x08000f88        0xc Application/User/usbh_conf.o
                0x08000f88                USBH_LL_GetLastXferSize
 .text.USBH_LL_GetURBState
                0x08000f94        0xc Application/User/usbh_conf.o
                0x08000f94                USBH_LL_GetURBState
 .text.USBH_LL_DriverVBUS
                0x08000fa0       0x1c Application/User/usbh_conf.o
                0x08000fa0                USBH_LL_DriverVBUS
 .text.USBH_LL_SetToggle
                0x08000fbc       0x32 Application/User/usbh_conf.o
                0x08000fbc                USBH_LL_SetToggle
 .text.USBH_Delay
                0x08000fee        0x8 Application/User/usbh_conf.o
                0x08000fee                USBH_Delay
 .text.USBH_Get_USB_Status
                0x08000ff6       0x12 Application/User/usbh_conf.o
                0x08000ff6                USBH_Get_USB_Status
 .text.USBH_LL_Start
                0x08001008       0x10 Application/User/usbh_conf.o
                0x08001008                USBH_LL_Start
 .text.USBH_LL_Stop
                0x08001018       0x10 Application/User/usbh_conf.o
                0x08001018                USBH_LL_Stop
 .text.USBH_LL_ResetPort
                0x08001028       0x10 Application/User/usbh_conf.o
                0x08001028                USBH_LL_ResetPort
 .text.USBH_LL_OpenPipe
                0x08001038       0x26 Application/User/usbh_conf.o
                0x08001038                USBH_LL_OpenPipe
 .text.USBH_LL_ClosePipe
                0x0800105e       0x10 Application/User/usbh_conf.o
                0x0800105e                USBH_LL_ClosePipe
 .text.USBH_LL_SubmitURB
                0x0800106e       0x2a Application/User/usbh_conf.o
                0x0800106e                USBH_LL_SubmitURB
 .text.MX_DriverVbusFS
                0x08001098       0x18 Application/User/usbh_platform.o
                0x08001098                MX_DriverVbusFS
 .text.SystemInit
                0x080010b0       0x4c Drivers/CMSIS/system_stm32f4xx.o
                0x080010b0                SystemInit
 .text.HAL_InitTick
                0x080010fc       0x48 Drivers/STM32F4xx_HAL_Driver/stm32f4xx_hal.o
                0x080010fc                HAL_InitTick
 .text.HAL_Init
                0x08001144       0x34 Drivers/STM32F4xx_HAL_Driver/stm32f4xx_hal.o
                0x08001144                HAL_Init
 .text.HAL_IncTick
                0x08001178       0x18 Drivers/STM32F4xx_HAL_Driver/stm32f4xx_hal.o
                0x08001178                HAL_IncTick
 .text.HAL_GetTick
                0x08001190        0xc Drivers/STM32F4xx_HAL_Driver/stm32f4xx_hal.o
                0x08001190                HAL_GetTick
 .text.HAL_Delay
                0x0800119c       0x28 Drivers/STM32F4xx_HAL_Driver/stm32f4xx_hal.o
                0x0800119c                HAL_Delay
 .text.HAL_NVIC_SetPriorityGrouping
                0x080011c4       0x24 Drivers/STM32F4xx_HAL_Driver/stm32f4xx_hal_cortex.o
                0x080011c4                HAL_NVIC_SetPriorityGrouping
 .text.HAL_NVIC_SetPriority
                0x080011e8       0x68 Drivers/STM32F4xx_HAL_Driver/stm32f4xx_hal_cortex.o
                0x080011e8                HAL_NVIC_SetPriority
 .text.HAL_NVIC_EnableIRQ
                0x08001250       0x1c Drivers/STM32F4xx_HAL_Driver/stm32f4xx_hal_cortex.o
                0x08001250                HAL_NVIC_EnableIRQ
 .text.HAL_SYSTICK_Config
                0x0800126c       0x2c Drivers/STM32F4xx_HAL_Driver/stm32f4xx_hal_cortex.o
                0x0800126c                HAL_SYSTICK_Config
 .text.HAL_GPIO_Init
                0x08001298      0x1c8 Drivers/STM32F4xx_HAL_Driver/stm32f4xx_hal_gpio.o
                0x08001298                HAL_GPIO_Init
 .text.HAL_GPIO_WritePin
                0x08001460        0xc Drivers/STM32F4xx_HAL_Driver/stm32f4xx_hal_gpio.o
                0x08001460                HAL_GPIO_WritePin
 .text.HCD_RXQLVL_IRQHandler
                0x0800146c       0x7c Drivers/STM32F4xx_HAL_Driver/stm32f4xx_hal_hcd.o
 .text.HAL_HCD_HC_Init
                0x080014e8       0xa0 Drivers/STM32F4xx_HAL_Driver/stm32f4xx_hal_hcd.o
                0x080014e8                HAL_HCD_HC_Init
 .text.HAL_HCD_HC_Halt
                0x08001588       0x24 Drivers/STM32F4xx_HAL_Driver/stm32f4xx_hal_hcd.o
                0x08001588                HAL_HCD_HC_Halt
 .text.HAL_HCD_Init
                0x080015ac       0x94 Drivers/STM32F4xx_HAL_Driver/stm32f4xx_hal_hcd.o
                0x080015ac                HAL_HCD_Init
 .text.HAL_HCD_HC_SubmitRequest
                0x08001640      0x18e Drivers/STM32F4xx_HAL_Driver/stm32f4xx_hal_hcd.o
                0x08001640                HAL_HCD_HC_SubmitRequest
 .text.HCD_Port_IRQHandler
                0x080017ce       0xd4 Drivers/STM32F4xx_HAL_Driver/stm32f4xx_hal_hcd.o
 .text.HCD_HC_IN_IRQHandler
                0x080018a2      0x2bc Drivers/STM32F4xx_HAL_Driver/stm32f4xx_hal_hcd.o
 .text.HCD_HC_OUT_IRQHandler
                0x08001b5e      0x2b4 Drivers/STM32F4xx_HAL_Driver/stm32f4xx_hal_hcd.o
 .text.HAL_HCD_IRQHandler
                0x08001e12      0x148 Drivers/STM32F4xx_HAL_Driver/stm32f4xx_hal_hcd.o
                0x08001e12                HAL_HCD_IRQHandler
 .text.HAL_HCD_Start
                0x08001f5a       0x2c Drivers/STM32F4xx_HAL_Driver/stm32f4xx_hal_hcd.o
                0x08001f5a                HAL_HCD_Start
 .text.HAL_HCD_Stop
                0x08001f86       0x24 Drivers/STM32F4xx_HAL_Driver/stm32f4xx_hal_hcd.o
                0x08001f86                HAL_HCD_Stop
 .text.HAL_HCD_ResetPort
                0x08001faa        0xa Drivers/STM32F4xx_HAL_Driver/stm32f4xx_hal_hcd.o
                0x08001faa                HAL_HCD_ResetPort
 .text.HAL_HCD_HC_GetURBState
                0x08001fb4        0xe Drivers/STM32F4xx_HAL_Driver/stm32f4xx_hal_hcd.o
                0x08001fb4                HAL_HCD_HC_GetURBState
 .text.HAL_HCD_HC_GetXferCount
                0x08001fc2        0xc Drivers/STM32F4xx_HAL_Driver/stm32f4xx_hal_hcd.o
                0x08001fc2                HAL_HCD_HC_GetXferCount
 .text.HAL_HCD_GetCurrentFrame
                0x08001fce        0xa Drivers/STM32F4xx_HAL_Driver/stm32f4xx_hal_hcd.o
                0x08001fce                HAL_HCD_GetCurrentFrame
 .text.HAL_HCD_GetCurrentSpeed
                0x08001fd8        0xa Drivers/STM32F4xx_HAL_Driver/stm32f4xx_hal_hcd.o
                0x08001fd8                HAL_HCD_GetCurrentSpeed
 *fill*         0x08001fe2        0x2 
 .text.HAL_I2C_Init
                0x08001fe4      0x1a0 Drivers/STM32F4xx_HAL_Driver/stm32f4xx_hal_i2c.o
                0x08001fe4                HAL_I2C_Init
 .text.HAL_I2S_Init
                0x08002184      0x19c Drivers/STM32F4xx_HAL_Driver/stm32f4xx_hal_i2s.o
                0x08002184                HAL_I2S_Init
 .text.HAL_I2S_TxCpltCallback
                0x08002320        0x2 Drivers/STM32F4xx_HAL_Driver/stm32f4xx_hal_i2s.o
                0x08002320                HAL_I2S_TxCpltCallback
 .text.I2S_Transmit_IT
                0x08002322       0x36 Drivers/STM32F4xx_HAL_Driver/stm32f4xx_hal_i2s.o
 .text.HAL_I2S_RxCpltCallback
                0x08002358        0x2 Drivers/STM32F4xx_HAL_Driver/stm32f4xx_hal_i2s.o
                0x08002358                HAL_I2S_RxCpltCallback
 .text.I2S_Receive_IT
                0x0800235a       0x36 Drivers/STM32F4xx_HAL_Driver/stm32f4xx_hal_i2s.o
 .text.HAL_I2S_ErrorCallback
                0x08002390        0x2 Drivers/STM32F4xx_HAL_Driver/stm32f4xx_hal_i2s.o
                0x08002390                HAL_I2S_ErrorCallback
 .text.I2S_IRQHandler
                0x08002392       0xd0 Drivers/STM32F4xx_HAL_Driver/stm32f4xx_hal_i2s.o
 .text.HAL_I2SEx_TxRxCpltCallback
                0x08002462        0x2 Drivers/STM32F4xx_HAL_Driver/stm32f4xx_hal_i2s_ex.o
                0x08002462                HAL_I2SEx_TxRxCpltCallback
 .text.I2SEx_TxISR_I2S
                0x08002464       0x3a Drivers/STM32F4xx_HAL_Driver/stm32f4xx_hal_i2s_ex.o
 *fill*         0x0800249e        0x2 
 .text.I2SEx_RxISR_I2SExt
                0x080024a0       0x60 Drivers/STM32F4xx_HAL_Driver/stm32f4xx_hal_i2s_ex.o
 .text.I2SEx_TxISR_I2SExt
                0x08002500       0x60 Drivers/STM32F4xx_HAL_Driver/stm32f4xx_hal_i2s_ex.o
 .text.I2SEx_RxISR_I2S
                0x08002560       0x3a Drivers/STM32F4xx_HAL_Driver/stm32f4xx_hal_i2s_ex.o
 *fill*         0x0800259a        0x2 
 .text.HAL_I2SEx_FullDuplex_IRQHandler
                0x0800259c      0x1d8 Drivers/STM32F4xx_HAL_Driver/stm32f4xx_hal_i2s_ex.o
                0x0800259c                HAL_I2SEx_FullDuplex_IRQHandler
 .text.HAL_RCC_OscConfig
                0x08002774      0x398 Drivers/STM32F4xx_HAL_Driver/stm32f4xx_hal_rcc.o
                0x08002774                HAL_RCC_OscConfig
 .text.HAL_RCC_GetSysClockFreq
                0x08002b0c       0xd8 Drivers/STM32F4xx_HAL_Driver/stm32f4xx_hal_rcc.o
                0x08002b0c                HAL_RCC_GetSysClockFreq
 .text.HAL_RCC_ClockConfig
                0x08002be4      0x158 Drivers/STM32F4xx_HAL_Driver/stm32f4xx_hal_rcc.o
                0x08002be4                HAL_RCC_ClockConfig
 .text.HAL_RCC_GetHCLKFreq
                0x08002d3c        0xc Drivers/STM32F4xx_HAL_Driver/stm32f4xx_hal_rcc.o
                0x08002d3c                HAL_RCC_GetHCLKFreq
 .text.HAL_RCC_GetPCLK1Freq
                0x08002d48       0x20 Drivers/STM32F4xx_HAL_Driver/stm32f4xx_hal_rcc.o
                0x08002d48                HAL_RCC_GetPCLK1Freq
 .text.HAL_RCCEx_PeriphCLKConfig
                0x08002d68      0x154 Drivers/STM32F4xx_HAL_Driver/stm32f4xx_hal_rcc_ex.o
                0x08002d68                HAL_RCCEx_PeriphCLKConfig
 .text.HAL_RCCEx_GetPeriphCLKFreq
                0x08002ebc       0x74 Drivers/STM32F4xx_HAL_Driver/stm32f4xx_hal_rcc_ex.o
                0x08002ebc                HAL_RCCEx_GetPeriphCLKFreq
 .text.SPI_WaitFlagStateUntilTimeout
                0x08002f30       0x90 Drivers/STM32F4xx_HAL_Driver/stm32f4xx_hal_spi.o
 .text.SPI_EndRxTxTransaction
                0x08002fc0       0x68 Drivers/STM32F4xx_HAL_Driver/stm32f4xx_hal_spi.o
 .text.HAL_SPI_Init
                0x08003028       0x80 Drivers/STM32F4xx_HAL_Driver/stm32f4xx_hal_spi.o
                0x08003028                HAL_SPI_Init
 .text.HAL_SPI_Transmit
                0x080030a8      0x19a Drivers/STM32F4xx_HAL_Driver/stm32f4xx_hal_spi.o
                0x080030a8                HAL_SPI_Transmit
 .text.HAL_SPI_TransmitReceive
                0x08003242      0x22e Drivers/STM32F4xx_HAL_Driver/stm32f4xx_hal_spi.o
                0x08003242                HAL_SPI_TransmitReceive
 .text.USB_CoreReset
                0x08003470       0x3c Drivers/STM32F4xx_HAL_Driver/stm32f4xx_ll_usb.o
 .text.USB_CoreInit
                0x080034ac       0x8a Drivers/STM32F4xx_HAL_Driver/stm32f4xx_ll_usb.o
                0x080034ac                USB_CoreInit
 .text.USB_EnableGlobalInt
                0x08003536        0xc Drivers/STM32F4xx_HAL_Driver/stm32f4xx_ll_usb.o
                0x08003536                USB_EnableGlobalInt
 .text.USB_DisableGlobalInt
                0x08003542        0xc Drivers/STM32F4xx_HAL_Driver/stm32f4xx_ll_usb.o
                0x08003542                USB_DisableGlobalInt
 .text.USB_SetCurrentMode
                0x0800354e       0x30 Drivers/STM32F4xx_HAL_Driver/stm32f4xx_ll_usb.o
                0x0800354e                USB_SetCurrentMode
 *fill*         0x0800357e        0x2 
 .text.USB_FlushTxFifo
                0x08003580       0x28 Drivers/STM32F4xx_HAL_Driver/stm32f4xx_ll_usb.o
                0x08003580                USB_FlushTxFifo
 .text.USB_FlushRxFifo
                0x080035a8       0x24 Drivers/STM32F4xx_HAL_Driver/stm32f4xx_ll_usb.o
                0x080035a8                USB_FlushRxFifo
 .text.USB_WritePacket
                0x080035cc       0x28 Drivers/STM32F4xx_HAL_Driver/stm32f4xx_ll_usb.o
                0x080035cc                USB_WritePacket
 .text.USB_ReadPacket
                0x080035f4       0x28 Drivers/STM32F4xx_HAL_Driver/stm32f4xx_ll_usb.o
                0x080035f4                USB_ReadPacket
 .text.USB_ReadInterrupts
                0x0800361c        0x8 Drivers/STM32F4xx_HAL_Driver/stm32f4xx_ll_usb.o
                0x0800361c                USB_ReadInterrupts
 .text.USB_GetMode
                0x08003624        0x8 Drivers/STM32F4xx_HAL_Driver/stm32f4xx_ll_usb.o
                0x08003624                USB_GetMode
 .text.USB_InitFSLSPClkSel
                0x0800362c       0x40 Drivers/STM32F4xx_HAL_Driver/stm32f4xx_ll_usb.o
                0x0800362c                USB_InitFSLSPClkSel
 .text.USB_ResetPort
                0x0800366c       0x3e Drivers/STM32F4xx_HAL_Driver/stm32f4xx_ll_usb.o
                0x0800366c                USB_ResetPort
 .text.USB_DriveVbus
                0x080036aa       0x46 Drivers/STM32F4xx_HAL_Driver/stm32f4xx_ll_usb.o
                0x080036aa                USB_DriveVbus
 .text.USB_HostInit
                0x080036f0       0xfc Drivers/STM32F4xx_HAL_Driver/stm32f4xx_ll_usb.o
                0x080036f0                USB_HostInit
 .text.USB_GetHostSpeed
                0x080037ec       0x16 Drivers/STM32F4xx_HAL_Driver/stm32f4xx_ll_usb.o
                0x080037ec                USB_GetHostSpeed
 .text.USB_GetCurrentFrame
                0x08003802        0xa Drivers/STM32F4xx_HAL_Driver/stm32f4xx_ll_usb.o
                0x08003802                USB_GetCurrentFrame
 .text.USB_HC_Init
                0x0800380c      0x108 Drivers/STM32F4xx_HAL_Driver/stm32f4xx_ll_usb.o
                0x0800380c                USB_HC_Init
 .text.USB_HC_ReadInterrupt
                0x08003914        0xa Drivers/STM32F4xx_HAL_Driver/stm32f4xx_ll_usb.o
                0x08003914                USB_HC_ReadInterrupt
 .text.USB_HC_Halt
                0x0800391e       0xd0 Drivers/STM32F4xx_HAL_Driver/stm32f4xx_ll_usb.o
                0x0800391e                USB_HC_Halt
 *fill*         0x080039ee        0x2 
 .text.USB_DoPing
                0x080039f0       0x24 Drivers/STM32F4xx_HAL_Driver/stm32f4xx_ll_usb.o
                0x080039f0                USB_DoPing
 .text.USB_HC_StartXfer
                0x08003a14      0x158 Drivers/STM32F4xx_HAL_Driver/stm32f4xx_ll_usb.o
                0x08003a14                USB_HC_StartXfer
 .text.USB_StopHost
                0x08003b6c       0x7e Drivers/STM32F4xx_HAL_Driver/stm32f4xx_ll_usb.o
                0x08003b6c                USB_StopHost
 .text.USBH_CDC_SOFProcess
                0x08003bea        0x4 Middlewares/USB_Host_Library/usbh_cdc.o
 .text.SetLineCoding
                0x08003bee       0x1a Middlewares/USB_Host_Library/usbh_cdc.o
 .text.GetLineCoding
                0x08003c08       0x1a Middlewares/USB_Host_Library/usbh_cdc.o
 .text.USBH_CDC_ClassRequest
                0x08003c22       0x22 Middlewares/USB_Host_Library/usbh_cdc.o
 .text.USBH_CDC_InterfaceDeInit
                0x08003c44       0x68 Middlewares/USB_Host_Library/usbh_cdc.o
 .text.USBH_CDC_InterfaceInit
                0x08003cac      0x160 Middlewares/USB_Host_Library/usbh_cdc.o
 .text.USBH_CDC_TransmitCallback
                0x08003e0c        0x2 Middlewares/USB_Host_Library/usbh_cdc.o
                0x08003e0c                USBH_CDC_TransmitCallback
 .text.CDC_ProcessTransmission
                0x08003e0e       0x94 Middlewares/USB_Host_Library/usbh_cdc.o
 .text.USBH_CDC_ReceiveCallback
                0x08003ea2        0x2 Middlewares/USB_Host_Library/usbh_cdc.o
                0x08003ea2                USBH_CDC_ReceiveCallback
 .text.CDC_ProcessReception
                0x08003ea4       0x68 Middlewares/USB_Host_Library/usbh_cdc.o
 .text.USBH_CDC_LineCodingChanged
                0x08003f0c        0x2 Middlewares/USB_Host_Library/usbh_cdc.o
                0x08003f0c                USBH_CDC_LineCodingChanged
 .text.USBH_CDC_Process
                0x08003f0e       0xb8 Middlewares/USB_Host_Library/usbh_cdc.o
 .text.DeInitStateMachine
                0x08003fc6       0x4a Middlewares/USB_Host_Library/usbh_core.o
 .text.USBH_HandleSof
                0x08004010       0x1a Middlewares/USB_Host_Library/usbh_core.o
 .text.USBH_HandleEnum
                0x0800402a      0x16e Middlewares/USB_Host_Library/usbh_core.o
 .text.USBH_Init
                0x08004198       0x2e Middlewares/USB_Host_Library/usbh_core.o
                0x08004198                USBH_Init
 .text.USBH_RegisterClass
                0x080041c6       0x24 Middlewares/USB_Host_Library/usbh_core.o
                0x080041c6                USBH_RegisterClass
 .text.USBH_SelectInterface
                0x080041ea       0x14 Middlewares/USB_Host_Library/usbh_core.o
                0x080041ea                USBH_SelectInterface
 .text.USBH_FindInterface
                0x080041fe       0x50 Middlewares/USB_Host_Library/usbh_core.o
                0x080041fe                USBH_FindInterface
 .text.USBH_Start
                0x0800424e       0x14 Middlewares/USB_Host_Library/usbh_core.o
                0x0800424e                USBH_Start
 .text.USBH_LL_SetTimer
                0x08004262        0x6 Middlewares/USB_Host_Library/usbh_core.o
                0x08004262                USBH_LL_SetTimer
 .text.USBH_LL_IncTimer
                0x08004268       0x12 Middlewares/USB_Host_Library/usbh_core.o
                0x08004268                USBH_LL_IncTimer
 .text.USBH_LL_PortEnabled
                0x0800427a        0x8 Middlewares/USB_Host_Library/usbh_core.o
                0x0800427a                USBH_LL_PortEnabled
 .text.USBH_LL_PortDisabled
                0x08004282        0x8 Middlewares/USB_Host_Library/usbh_core.o
                0x08004282                USBH_LL_PortDisabled
 .text.USBH_IsPortEnabled
                0x0800428a        0x6 Middlewares/USB_Host_Library/usbh_core.o
                0x0800428a                USBH_IsPortEnabled
 .text.USBH_Process
                0x08004290      0x1ec Middlewares/USB_Host_Library/usbh_core.o
                0x08004290                USBH_Process
 .text.USBH_LL_Connect
                0x0800447c       0x28 Middlewares/USB_Host_Library/usbh_core.o
                0x0800447c                USBH_LL_Connect
 .text.USBH_LL_Disconnect
                0x080044a4       0x38 Middlewares/USB_Host_Library/usbh_core.o
                0x080044a4                USBH_LL_Disconnect
 .text.USBH_ParseDevDesc
                0x080044dc       0x5c Middlewares/USB_Host_Library/usbh_ctlreq.o
 .text.USBH_ParseInterfaceDesc
                0x08004538       0x26 Middlewares/USB_Host_Library/usbh_ctlreq.o
 .text.USBH_ParseEPDesc
                0x0800455e       0x20 Middlewares/USB_Host_Library/usbh_ctlreq.o
 .text.USBH_ParseStringDesc
                0x0800457e       0x3c Middlewares/USB_Host_Library/usbh_ctlreq.o
 .text.USBH_HandleControl
                0x080045ba      0x1d0 Middlewares/USB_Host_Library/usbh_ctlreq.o
 .text.USBH_GetNextDesc
                0x0800478a        0xe Middlewares/USB_Host_Library/usbh_ctlreq.o
                0x0800478a                USBH_GetNextDesc
 .text.USBH_ParseCfgDesc
                0x08004798       0xc2 Middlewares/USB_Host_Library/usbh_ctlreq.o
 .text.USBH_CtlReq
                0x0800485a       0x4e Middlewares/USB_Host_Library/usbh_ctlreq.o
                0x0800485a                USBH_CtlReq
 .text.USBH_GetDescriptor
                0x080048a8       0x3c Middlewares/USB_Host_Library/usbh_ctlreq.o
                0x080048a8                USBH_GetDescriptor
 .text.USBH_Get_DevDesc
                0x080048e4       0x32 Middlewares/USB_Host_Library/usbh_ctlreq.o
                0x080048e4                USBH_Get_DevDesc
 .text.USBH_Get_CfgDesc
                0x08004916       0x32 Middlewares/USB_Host_Library/usbh_ctlreq.o
                0x08004916                USBH_Get_CfgDesc
 .text.USBH_Get_StringDesc
                0x08004948       0x30 Middlewares/USB_Host_Library/usbh_ctlreq.o
                0x08004948                USBH_Get_StringDesc
 .text.USBH_SetAddress
                0x08004978       0x22 Middlewares/USB_Host_Library/usbh_ctlreq.o
                0x08004978                USBH_SetAddress
 .text.USBH_SetCfg
                0x0800499a       0x22 Middlewares/USB_Host_Library/usbh_ctlreq.o
                0x0800499a                USBH_SetCfg
 .text.USBH_SetFeature
                0x080049bc       0x22 Middlewares/USB_Host_Library/usbh_ctlreq.o
                0x080049bc                USBH_SetFeature
 .text.USBH_ClrFeature
                0x080049de       0x24 Middlewares/USB_Host_Library/usbh_ctlreq.o
                0x080049de                USBH_ClrFeature
 .text.USBH_CtlSendSetup
                0x08004a02       0x22 Middlewares/USB_Host_Library/usbh_ioreq.o
                0x08004a02                USBH_CtlSendSetup
 .text.USBH_CtlSendData
                0x08004a24       0x2c Middlewares/USB_Host_Library/usbh_ioreq.o
                0x08004a24                USBH_CtlSendData
 .text.USBH_CtlReceiveData
                0x08004a50       0x20 Middlewares/USB_Host_Library/usbh_ioreq.o
                0x08004a50                USBH_CtlReceiveData
 .text.USBH_BulkSendData
                0x08004a70       0x2c Middlewares/USB_Host_Library/usbh_ioreq.o
                0x08004a70                USBH_BulkSendData
 .text.USBH_BulkReceiveData
                0x08004a9c       0x20 Middlewares/USB_Host_Library/usbh_ioreq.o
                0x08004a9c                USBH_BulkReceiveData
 .text.USBH_GetFreePipe
                0x08004abc       0x24 Middlewares/USB_Host_Library/usbh_pipes.o
 .text.USBH_OpenPipe
                0x08004ae0       0x20 Middlewares/USB_Host_Library/usbh_pipes.o
                0x08004ae0                USBH_OpenPipe
 .text.USBH_ClosePipe
                0x08004b00        0xa Middlewares/USB_Host_Library/usbh_pipes.o
                0x08004b00                USBH_ClosePipe
 .text.USBH_AllocPipe
                0x08004b0a       0x22 Middlewares/USB_Host_Library/usbh_pipes.o
                0x08004b0a                USBH_AllocPipe
 .text.USBH_FreePipe
                0x08004b2c       0x16 Middlewares/USB_Host_Library/usbh_pipes.o
                0x08004b2c                USBH_FreePipe
 *fill*         0x08004b42        0x2 
 .text.__errno  0x08004b44        0xc c:/ac6/systemworkbench/plugins/fr.ac6.mcu.externaltools.arm-none.win32_1.17.0.201812190825/tools/compiler/bin/../lib/gcc/arm-none-eabi/7.3.1/../../../../arm-none-eabi/lib/thumb/v7e-m/fpv4-sp/hard\libc_nano.a(lib_a-errno.o)
                0x08004b44                __errno
 .text.__libc_init_array
                0x08004b50       0x48 c:/ac6/systemworkbench/plugins/fr.ac6.mcu.externaltools.arm-none.win32_1.17.0.201812190825/tools/compiler/bin/../lib/gcc/arm-none-eabi/7.3.1/../../../../arm-none-eabi/lib/thumb/v7e-m/fpv4-sp/hard\libc_nano.a(lib_a-init.o)
                0x08004b50                __libc_init_array
 .text.malloc   0x08004b98       0x10 c:/ac6/systemworkbench/plugins/fr.ac6.mcu.externaltools.arm-none.win32_1.17.0.201812190825/tools/compiler/bin/../lib/gcc/arm-none-eabi/7.3.1/../../../../arm-none-eabi/lib/thumb/v7e-m/fpv4-sp/hard\libc_nano.a(lib_a-malloc.o)
                0x08004b98                malloc
 .text.free     0x08004ba8       0x10 c:/ac6/systemworkbench/plugins/fr.ac6.mcu.externaltools.arm-none.win32_1.17.0.201812190825/tools/compiler/bin/../lib/gcc/arm-none-eabi/7.3.1/../../../../arm-none-eabi/lib/thumb/v7e-m/fpv4-sp/hard\libc_nano.a(lib_a-malloc.o)
                0x08004ba8                free
 .text.memset   0x08004bb8       0x10 c:/ac6/systemworkbench/plugins/fr.ac6.mcu.externaltools.arm-none.win32_1.17.0.201812190825/tools/compiler/bin/../lib/gcc/arm-none-eabi/7.3.1/../../../../arm-none-eabi/lib/thumb/v7e-m/fpv4-sp/hard\libc_nano.a(lib_a-memset.o)
                0x08004bb8                memset
 .text._free_r  0x08004bc8       0x9c c:/ac6/systemworkbench/plugins/fr.ac6.mcu.externaltools.arm-none.win32_1.17.0.201812190825/tools/compiler/bin/../lib/gcc/arm-none-eabi/7.3.1/../../../../arm-none-eabi/lib/thumb/v7e-m/fpv4-sp/hard\libc_nano.a(lib_a-nano-freer.o)
                0x08004bc8                _free_r
 .text._malloc_r
                0x08004c64       0xb4 c:/ac6/systemworkbench/plugins/fr.ac6.mcu.externaltools.arm-none.win32_1.17.0.201812190825/tools/compiler/bin/../lib/gcc/arm-none-eabi/7.3.1/../../../../arm-none-eabi/lib/thumb/v7e-m/fpv4-sp/hard\libc_nano.a(lib_a-nano-mallocr.o)
                0x08004c64                _malloc_r
 .text._sbrk_r  0x08004d18       0x20 c:/ac6/systemworkbench/plugins/fr.ac6.mcu.externaltools.arm-none.win32_1.17.0.201812190825/tools/compiler/bin/../lib/gcc/arm-none-eabi/7.3.1/../../../../arm-none-eabi/lib/thumb/v7e-m/fpv4-sp/hard\libc_nano.a(lib_a-sbrkr.o)
                0x08004d18                _sbrk_r
 .text.__malloc_lock
                0x08004d38        0x2 c:/ac6/systemworkbench/plugins/fr.ac6.mcu.externaltools.arm-none.win32_1.17.0.201812190825/tools/compiler/bin/../lib/gcc/arm-none-eabi/7.3.1/../../../../arm-none-eabi/lib/thumb/v7e-m/fpv4-sp/hard\libc_nano.a(lib_a-mlock.o)
                0x08004d38                __malloc_lock
 .text.__malloc_unlock
                0x08004d3a        0x2 c:/ac6/systemworkbench/plugins/fr.ac6.mcu.externaltools.arm-none.win32_1.17.0.201812190825/tools/compiler/bin/../lib/gcc/arm-none-eabi/7.3.1/../../../../arm-none-eabi/lib/thumb/v7e-m/fpv4-sp/hard\libc_nano.a(lib_a-mlock.o)
                0x08004d3a                __malloc_unlock
 *(.glue_7)
 .glue_7        0x08004d3c        0x0 linker stubs
 *(.glue_7t)
 .glue_7t       0x08004d3c        0x0 linker stubs
 *(.eh_frame)
 .eh_frame      0x08004d3c        0x0 c:/ac6/systemworkbench/plugins/fr.ac6.mcu.externaltools.arm-none.win32_1.17.0.201812190825/tools/compiler/bin/../lib/gcc/arm-none-eabi/7.3.1/thumb/v7e-m/fpv4-sp/hard/crtbegin.o
 *(.init)
 .init          0x08004d3c        0x4 c:/ac6/systemworkbench/plugins/fr.ac6.mcu.externaltools.arm-none.win32_1.17.0.201812190825/tools/compiler/bin/../lib/gcc/arm-none-eabi/7.3.1/thumb/v7e-m/fpv4-sp/hard/crti.o
                0x08004d3c                _init
 .init          0x08004d40        0x8 c:/ac6/systemworkbench/plugins/fr.ac6.mcu.externaltools.arm-none.win32_1.17.0.201812190825/tools/compiler/bin/../lib/gcc/arm-none-eabi/7.3.1/thumb/v7e-m/fpv4-sp/hard/crtn.o
 *(.fini)
 .fini          0x08004d48        0x4 c:/ac6/systemworkbench/plugins/fr.ac6.mcu.externaltools.arm-none.win32_1.17.0.201812190825/tools/compiler/bin/../lib/gcc/arm-none-eabi/7.3.1/thumb/v7e-m/fpv4-sp/hard/crti.o
                0x08004d48                _fini
 .fini          0x08004d4c        0x8 c:/ac6/systemworkbench/plugins/fr.ac6.mcu.externaltools.arm-none.win32_1.17.0.201812190825/tools/compiler/bin/../lib/gcc/arm-none-eabi/7.3.1/thumb/v7e-m/fpv4-sp/hard/crtn.o
                0x08004d54                . = ALIGN (0x4)
                0x08004d54                _etext = .

.vfp11_veneer   0x08004d54        0x0
 .vfp11_veneer  0x08004d54        0x0 linker stubs

.v4_bx          0x08004d54        0x0
 .v4_bx         0x08004d54        0x0 linker stubs

.iplt           0x08004d54        0x0
 .iplt          0x08004d54        0x0 c:/ac6/systemworkbench/plugins/fr.ac6.mcu.externaltools.arm-none.win32_1.17.0.201812190825/tools/compiler/bin/../lib/gcc/arm-none-eabi/7.3.1/thumb/v7e-m/fpv4-sp/hard/crtbegin.o

.rodata         0x08004d54       0x1c
                0x08004d54                . = ALIGN (0x4)
 *(.rodata)
 .rodata        0x08004d54       0x18 Drivers/CMSIS/system_stm32f4xx.o
                0x08004d54                AHBPrescTable
                0x08004d64                APBPrescTable
 *(.rodata*)
 .rodata.str1.4
                0x08004d6c        0x4 Middlewares/USB_Host_Library/usbh_cdc.o
                0x08004d70                . = ALIGN (0x4)

.ARM.extab
 *(.ARM.extab* .gnu.linkonce.armextab.*)

.ARM            0x08004d70        0x8
                0x08004d70                __exidx_start = .
 *(.ARM.exidx*)
 .ARM.exidx     0x08004d70        0x8 c:/ac6/systemworkbench/plugins/fr.ac6.mcu.externaltools.arm-none.win32_1.17.0.201812190825/tools/compiler/bin/../lib/gcc/arm-none-eabi/7.3.1/thumb/v7e-m/fpv4-sp/hard\libgcc.a(_udivmoddi4.o)
                0x08004d78                __exidx_end = .

.rel.dyn        0x08004d78        0x0
 .rel.iplt      0x08004d78        0x0 c:/ac6/systemworkbench/plugins/fr.ac6.mcu.externaltools.arm-none.win32_1.17.0.201812190825/tools/compiler/bin/../lib/gcc/arm-none-eabi/7.3.1/thumb/v7e-m/fpv4-sp/hard/crtbegin.o

.preinit_array  0x08004d78        0x0
                0x08004d78                PROVIDE (__preinit_array_start = .)
 *(.preinit_array*)
                0x08004d78                PROVIDE (__preinit_array_end = .)

.init_array     0x08004d78        0x4
                0x08004d78                PROVIDE (__init_array_start = .)
 *(SORT_BY_NAME(.init_array.*))
 *(.init_array*)
 .init_array    0x08004d78        0x4 c:/ac6/systemworkbench/plugins/fr.ac6.mcu.externaltools.arm-none.win32_1.17.0.201812190825/tools/compiler/bin/../lib/gcc/arm-none-eabi/7.3.1/thumb/v7e-m/fpv4-sp/hard/crtbegin.o
                0x08004d7c                PROVIDE (__init_array_end = .)

.fini_array     0x08004d7c        0x4
                [!provide]                PROVIDE (__fini_array_start = .)
 *(SORT_BY_NAME(.fini_array.*))
 *(.fini_array*)
 .fini_array    0x08004d7c        0x4 c:/ac6/systemworkbench/plugins/fr.ac6.mcu.externaltools.arm-none.win32_1.17.0.201812190825/tools/compiler/bin/../lib/gcc/arm-none-eabi/7.3.1/thumb/v7e-m/fpv4-sp/hard/crtbegin.o
                [!provide]                PROVIDE (__fini_array_end = .)
                0x08004d80                _sidata = LOADADDR (.data)

.data           0x20000000     0x1020 load address 0x08004d80
                0x20000000                . = ALIGN (0x4)
                0x20000000                _sdata = .
 *(.data)
 .data          0x20000000      0x7c2 Application/User/ADNS3080B.o
                0x20000000                g_avago_srom
 *fill*         0x200007c2        0x2 
 .data          0x200007c4      0x7c2 Application/User/ADNS3080J.o
 *fill*         0x20000f86        0x2 
 .data          0x20000f88        0x7 Application/User/main.o
                0x20000f88                txbuff
 *fill*         0x20000f8f        0x1 
 .data          0x20000f90        0x4 Drivers/CMSIS/system_stm32f4xx.o
                0x20000f90                SystemCoreClock
 .data          0x20000f94        0x8 Drivers/STM32F4xx_HAL_Driver/stm32f4xx_hal.o
                0x20000f94                uwTickFreq
                0x20000f98                uwTickPrio
 .data          0x20000f9c       0x20 Middlewares/USB_Host_Library/usbh_cdc.o
                0x20000f9c                CDC_Class
 *(.data*)
 .data._impure_ptr
                0x20000fbc        0x4 c:/ac6/systemworkbench/plugins/fr.ac6.mcu.externaltools.arm-none.win32_1.17.0.201812190825/tools/compiler/bin/../lib/gcc/arm-none-eabi/7.3.1/../../../../arm-none-eabi/lib/thumb/v7e-m/fpv4-sp/hard\libc_nano.a(lib_a-impure.o)
                0x20000fbc                _impure_ptr
 .data.impure_data
                0x20000fc0       0x60 c:/ac6/systemworkbench/plugins/fr.ac6.mcu.externaltools.arm-none.win32_1.17.0.201812190825/tools/compiler/bin/../lib/gcc/arm-none-eabi/7.3.1/../../../../arm-none-eabi/lib/thumb/v7e-m/fpv4-sp/hard\libc_nano.a(lib_a-impure.o)
                0x20001020                . = ALIGN (0x4)
                0x20001020                _edata = .
                0x08005da0                _siccmram = LOADADDR (.ccmram)

.igot.plt       0x20001020        0x0 load address 0x08005da0
 .igot.plt      0x20001020        0x0 c:/ac6/systemworkbench/plugins/fr.ac6.mcu.externaltools.arm-none.win32_1.17.0.201812190825/tools/compiler/bin/../lib/gcc/arm-none-eabi/7.3.1/thumb/v7e-m/fpv4-sp/hard/crtbegin.o

.ccmram         0x10000000        0x0 load address 0x08005da0
                0x10000000                . = ALIGN (0x4)
                0x10000000                _sccmram = .
 *(.ccmram)
 *(.ccmram*)
                0x10000000                . = ALIGN (0x4)
                0x10000000                _eccmram = .
                0x10000000                . = ALIGN (0x4)

.bss            0x20001020      0x844
                0x20001020                _sbss = .
                0x20001020                __bss_start__ = _sbss
 *(.bss)
 .bss           0x20001020       0x1c c:/ac6/systemworkbench/plugins/fr.ac6.mcu.externaltools.arm-none.win32_1.17.0.201812190825/tools/compiler/bin/../lib/gcc/arm-none-eabi/7.3.1/thumb/v7e-m/fpv4-sp/hard/crtbegin.o
 .bss           0x2000103c        0x8 Application/SW4STM32/syscalls.o
                0x20001040                __env
 .bss           0x20001044        0x6 Application/User/ADNS3080B.o
                0x20001044                txBuff
                0x20001048                rxData
 *fill*         0x2000104a        0x2 
 .bss           0x2000104c        0x6 Application/User/ADNS3080J.o
                0x2000104c                txBuffJ
                0x20001050                rxDataJ
 .bss           0x20001052        0x1 Application/User/usb_host.o
                0x20001052                Appli_state
 *fill*         0x20001053        0x1 
 .bss           0x20001054        0x4 Drivers/STM32F4xx_HAL_Driver/stm32f4xx_ll_usb.o
 *(.bss*)
 .bss.__malloc_free_list
                0x20001058        0x4 c:/ac6/systemworkbench/plugins/fr.ac6.mcu.externaltools.arm-none.win32_1.17.0.201812190825/tools/compiler/bin/../lib/gcc/arm-none-eabi/7.3.1/../../../../arm-none-eabi/lib/thumb/v7e-m/fpv4-sp/hard\libc_nano.a(lib_a-nano-mallocr.o)
                0x20001058                __malloc_free_list
 .bss.__malloc_sbrk_start
                0x2000105c        0x4 c:/ac6/systemworkbench/plugins/fr.ac6.mcu.externaltools.arm-none.win32_1.17.0.201812190825/tools/compiler/bin/../lib/gcc/arm-none-eabi/7.3.1/../../../../arm-none-eabi/lib/thumb/v7e-m/fpv4-sp/hard\libc_nano.a(lib_a-nano-mallocr.o)
                0x2000105c                __malloc_sbrk_start
 *(COMMON)
 COMMON         0x20001060       0x54 Application/User/i2c.o
                0x20001060                hi2c1
 COMMON         0x200010b4       0x48 Application/User/i2s.o
                0x200010b4                hi2s3
 COMMON         0x200010fc       0x1f Application/User/main.o
                0x200010fc                rxdataj
                0x20001103                state
                0x20001104                uart_txdata
                0x2000110c                rxdatab
                0x20001114                motion_burst
 *fill*         0x2000111b        0x1 
 COMMON         0x2000111c       0xb0 Application/User/spi.o
                0x2000111c                hspi2
                0x20001174                hspi1
 COMMON         0x200011cc      0x3cc Application/User/usb_host.o
                0x200011cc                hUsbHostFS
 COMMON         0x20001598      0x2c4 Application/User/usbh_conf.o
                0x20001598                hhcd_USB_OTG_FS
 COMMON         0x2000185c        0x4 Drivers/STM32F4xx_HAL_Driver/stm32f4xx_hal.o
                0x2000185c                uwTick
 COMMON         0x20001860        0x4 c:/ac6/systemworkbench/plugins/fr.ac6.mcu.externaltools.arm-none.win32_1.17.0.201812190825/tools/compiler/bin/../lib/gcc/arm-none-eabi/7.3.1/../../../../arm-none-eabi/lib/thumb/v7e-m/fpv4-sp/hard\libc_nano.a(lib_a-reent.o)
                0x20001860                errno
                0x20001864                . = ALIGN (0x4)
                0x20001864                _ebss = .
                0x20001864                __bss_end__ = _ebss

._user_heap_stack
                0x20001864      0x604
                0x20001868                . = ALIGN (0x8)
 *fill*         0x20001864        0x4 
                0x20001868                PROVIDE (end = .)
                [!provide]                PROVIDE (_end = .)
                0x20001a68                . = (. + _Min_Heap_Size)
 *fill*         0x20001868      0x200 
                0x20001e68                . = (. + _Min_Stack_Size)
 *fill*         0x20001a68      0x400 
                0x20001e68                . = ALIGN (0x8)

/DISCARD/
 libc.a(*)
 libm.a(*)
 libgcc.a(*)

.ARM.attributes
                0x00000000       0x30
 *(.ARM.attributes)
 .ARM.attributes
                0x00000000       0x22 c:/ac6/systemworkbench/plugins/fr.ac6.mcu.externaltools.arm-none.win32_1.17.0.201812190825/tools/compiler/bin/../lib/gcc/arm-none-eabi/7.3.1/thumb/v7e-m/fpv4-sp/hard/crti.o
 .ARM.attributes
                0x00000022       0x34 c:/ac6/systemworkbench/plugins/fr.ac6.mcu.externaltools.arm-none.win32_1.17.0.201812190825/tools/compiler/bin/../lib/gcc/arm-none-eabi/7.3.1/thumb/v7e-m/fpv4-sp/hard/crtbegin.o
 .ARM.attributes
                0x00000056       0x21 Application/SW4STM32/startup_stm32f407xx.o
 .ARM.attributes
                0x00000077       0x39 Application/SW4STM32/syscalls.o
 .ARM.attributes
                0x000000b0       0x39 Application/User/ADNS3080B.o
 .ARM.attributes
                0x000000e9       0x39 Application/User/ADNS3080J.o
 .ARM.attributes
                0x00000122       0x39 Application/User/gpio.o
 .ARM.attributes
                0x0000015b       0x39 Application/User/i2c.o
 .ARM.attributes
                0x00000194       0x39 Application/User/i2s.o
 .ARM.attributes
                0x000001cd       0x39 Application/User/main.o
 .ARM.attributes
                0x00000206       0x39 Application/User/spi.o
 .ARM.attributes
                0x0000023f       0x39 Application/User/stm32f4xx_hal_msp.o
 .ARM.attributes
                0x00000278       0x39 Application/User/stm32f4xx_it.o
 .ARM.attributes
                0x000002b1       0x39 Application/User/usb_host.o
 .ARM.attributes
                0x000002ea       0x39 Application/User/usbh_conf.o
 .ARM.attributes
                0x00000323       0x39 Application/User/usbh_platform.o
 .ARM.attributes
                0x0000035c       0x39 Drivers/CMSIS/system_stm32f4xx.o
 .ARM.attributes
                0x00000395       0x39 Drivers/STM32F4xx_HAL_Driver/stm32f4xx_hal.o
 .ARM.attributes
                0x000003ce       0x39 Drivers/STM32F4xx_HAL_Driver/stm32f4xx_hal_cortex.o
 .ARM.attributes
                0x00000407       0x39 Drivers/STM32F4xx_HAL_Driver/stm32f4xx_hal_gpio.o
 .ARM.attributes
                0x00000440       0x39 Drivers/STM32F4xx_HAL_Driver/stm32f4xx_hal_hcd.o
 .ARM.attributes
                0x00000479       0x39 Drivers/STM32F4xx_HAL_Driver/stm32f4xx_hal_i2c.o
 .ARM.attributes
                0x000004b2       0x39 Drivers/STM32F4xx_HAL_Driver/stm32f4xx_hal_i2s.o
 .ARM.attributes
                0x000004eb       0x39 Drivers/STM32F4xx_HAL_Driver/stm32f4xx_hal_i2s_ex.o
 .ARM.attributes
                0x00000524       0x39 Drivers/STM32F4xx_HAL_Driver/stm32f4xx_hal_rcc.o
 .ARM.attributes
                0x0000055d       0x39 Drivers/STM32F4xx_HAL_Driver/stm32f4xx_hal_rcc_ex.o
 .ARM.attributes
                0x00000596       0x39 Drivers/STM32F4xx_HAL_Driver/stm32f4xx_hal_spi.o
 .ARM.attributes
                0x000005cf       0x39 Drivers/STM32F4xx_HAL_Driver/stm32f4xx_ll_usb.o
 .ARM.attributes
                0x00000608       0x39 Middlewares/USB_Host_Library/usbh_cdc.o
 .ARM.attributes
                0x00000641       0x39 Middlewares/USB_Host_Library/usbh_core.o
 .ARM.attributes
                0x0000067a       0x39 Middlewares/USB_Host_Library/usbh_ctlreq.o
 .ARM.attributes
                0x000006b3       0x39 Middlewares/USB_Host_Library/usbh_ioreq.o
 .ARM.attributes
                0x000006ec       0x39 Middlewares/USB_Host_Library/usbh_pipes.o
 .ARM.attributes
                0x00000725       0x22 c:/ac6/systemworkbench/plugins/fr.ac6.mcu.externaltools.arm-none.win32_1.17.0.201812190825/tools/compiler/bin/../lib/gcc/arm-none-eabi/7.3.1/thumb/v7e-m/fpv4-sp/hard\libgcc.a(_aeabi_uldivmod.o)
 .ARM.attributes
                0x00000747       0x34 c:/ac6/systemworkbench/plugins/fr.ac6.mcu.externaltools.arm-none.win32_1.17.0.201812190825/tools/compiler/bin/../lib/gcc/arm-none-eabi/7.3.1/thumb/v7e-m/fpv4-sp/hard\libgcc.a(_udivmoddi4.o)
 .ARM.attributes
                0x0000077b       0x22 c:/ac6/systemworkbench/plugins/fr.ac6.mcu.externaltools.arm-none.win32_1.17.0.201812190825/tools/compiler/bin/../lib/gcc/arm-none-eabi/7.3.1/thumb/v7e-m/fpv4-sp/hard\libgcc.a(_dvmd_tls.o)
 .ARM.attributes
                0x0000079d       0x34 c:/ac6/systemworkbench/plugins/fr.ac6.mcu.externaltools.arm-none.win32_1.17.0.201812190825/tools/compiler/bin/../lib/gcc/arm-none-eabi/7.3.1/../../../../arm-none-eabi/lib/thumb/v7e-m/fpv4-sp/hard\libc_nano.a(lib_a-errno.o)
 .ARM.attributes
                0x000007d1       0x34 c:/ac6/systemworkbench/plugins/fr.ac6.mcu.externaltools.arm-none.win32_1.17.0.201812190825/tools/compiler/bin/../lib/gcc/arm-none-eabi/7.3.1/../../../../arm-none-eabi/lib/thumb/v7e-m/fpv4-sp/hard\libc_nano.a(lib_a-impure.o)
 .ARM.attributes
                0x00000805       0x34 c:/ac6/systemworkbench/plugins/fr.ac6.mcu.externaltools.arm-none.win32_1.17.0.201812190825/tools/compiler/bin/../lib/gcc/arm-none-eabi/7.3.1/../../../../arm-none-eabi/lib/thumb/v7e-m/fpv4-sp/hard\libc_nano.a(lib_a-init.o)
 .ARM.attributes
                0x00000839       0x34 c:/ac6/systemworkbench/plugins/fr.ac6.mcu.externaltools.arm-none.win32_1.17.0.201812190825/tools/compiler/bin/../lib/gcc/arm-none-eabi/7.3.1/../../../../arm-none-eabi/lib/thumb/v7e-m/fpv4-sp/hard\libc_nano.a(lib_a-malloc.o)
 .ARM.attributes
                0x0000086d       0x34 c:/ac6/systemworkbench/plugins/fr.ac6.mcu.externaltools.arm-none.win32_1.17.0.201812190825/tools/compiler/bin/../lib/gcc/arm-none-eabi/7.3.1/../../../../arm-none-eabi/lib/thumb/v7e-m/fpv4-sp/hard\libc_nano.a(lib_a-memset.o)
 .ARM.attributes
                0x000008a1       0x34 c:/ac6/systemworkbench/plugins/fr.ac6.mcu.externaltools.arm-none.win32_1.17.0.201812190825/tools/compiler/bin/../lib/gcc/arm-none-eabi/7.3.1/../../../../arm-none-eabi/lib/thumb/v7e-m/fpv4-sp/hard\libc_nano.a(lib_a-nano-freer.o)
 .ARM.attributes
                0x000008d5       0x34 c:/ac6/systemworkbench/plugins/fr.ac6.mcu.externaltools.arm-none.win32_1.17.0.201812190825/tools/compiler/bin/../lib/gcc/arm-none-eabi/7.3.1/../../../../arm-none-eabi/lib/thumb/v7e-m/fpv4-sp/hard\libc_nano.a(lib_a-nano-mallocr.o)
 .ARM.attributes
                0x00000909       0x34 c:/ac6/systemworkbench/plugins/fr.ac6.mcu.externaltools.arm-none.win32_1.17.0.201812190825/tools/compiler/bin/../lib/gcc/arm-none-eabi/7.3.1/../../../../arm-none-eabi/lib/thumb/v7e-m/fpv4-sp/hard\libc_nano.a(lib_a-sbrkr.o)
 .ARM.attributes
                0x0000093d       0x34 c:/ac6/systemworkbench/plugins/fr.ac6.mcu.externaltools.arm-none.win32_1.17.0.201812190825/tools/compiler/bin/../lib/gcc/arm-none-eabi/7.3.1/../../../../arm-none-eabi/lib/thumb/v7e-m/fpv4-sp/hard\libc_nano.a(lib_a-mlock.o)
 .ARM.attributes
                0x00000971       0x34 c:/ac6/systemworkbench/plugins/fr.ac6.mcu.externaltools.arm-none.win32_1.17.0.201812190825/tools/compiler/bin/../lib/gcc/arm-none-eabi/7.3.1/../../../../arm-none-eabi/lib/thumb/v7e-m/fpv4-sp/hard\libc_nano.a(lib_a-reent.o)
 .ARM.attributes
                0x000009a5       0x22 c:/ac6/systemworkbench/plugins/fr.ac6.mcu.externaltools.arm-none.win32_1.17.0.201812190825/tools/compiler/bin/../lib/gcc/arm-none-eabi/7.3.1/thumb/v7e-m/fpv4-sp/hard/crtn.o
OUTPUT(optikal.elf elf32-littlearm)

.debug_line     0x00000000    0x126f0
 .debug_line    0x00000000       0x90 Application/SW4STM32/startup_stm32f407xx.o
 .debug_line    0x00000090      0x5e6 Application/SW4STM32/syscalls.o
 .debug_line    0x00000676      0x6dd Application/User/ADNS3080B.o
 .debug_line    0x00000d53      0x6dd Application/User/ADNS3080J.o
 .debug_line    0x00001430      0x6ed Application/User/gpio.o
 .debug_line    0x00001b1d      0x6f3 Application/User/i2c.o
 .debug_line    0x00002210      0x6fa Application/User/i2s.o
 .debug_line    0x0000290a      0x781 Application/User/main.o
 .debug_line    0x0000308b      0x72f Application/User/spi.o
 .debug_line    0x000037ba      0x6b9 Application/User/stm32f4xx_hal_msp.o
 .debug_line    0x00003e73      0x75a Application/User/stm32f4xx_it.o
 .debug_line    0x000045cd      0x956 Application/User/usb_host.o
 .debug_line    0x00004f23      0xacd Application/User/usbh_conf.o
 .debug_line    0x000059f0      0x6ce Application/User/usbh_platform.o
 .debug_line    0x000060be      0x6df Drivers/CMSIS/system_stm32f4xx.o
 .debug_line    0x0000679d      0x8b7 Drivers/STM32F4xx_HAL_Driver/stm32f4xx_hal.o
 .debug_line    0x00007054      0x90d Drivers/STM32F4xx_HAL_Driver/stm32f4xx_hal_cortex.o
 .debug_line    0x00007961      0x843 Drivers/STM32F4xx_HAL_Driver/stm32f4xx_hal_gpio.o
 .debug_line    0x000081a4      0xae2 Drivers/STM32F4xx_HAL_Driver/stm32f4xx_hal_hcd.o
 .debug_line    0x00008c86     0x1be9 Drivers/STM32F4xx_HAL_Driver/stm32f4xx_hal_i2c.o
 .debug_line    0x0000a86f      0xc68 Drivers/STM32F4xx_HAL_Driver/stm32f4xx_hal_i2s.o
 .debug_line    0x0000b4d7      0xc93 Drivers/STM32F4xx_HAL_Driver/stm32f4xx_hal_i2s_ex.o
 .debug_line    0x0000c16a      0x92f Drivers/STM32F4xx_HAL_Driver/stm32f4xx_hal_rcc.o
 .debug_line    0x0000ca99      0x7d3 Drivers/STM32F4xx_HAL_Driver/stm32f4xx_hal_rcc_ex.o
 .debug_line    0x0000d26c     0x10fc Drivers/STM32F4xx_HAL_Driver/stm32f4xx_hal_spi.o
 .debug_line    0x0000e368      0xd88 Drivers/STM32F4xx_HAL_Driver/stm32f4xx_ll_usb.o
 .debug_line    0x0000f0f0      0xb88 Middlewares/USB_Host_Library/usbh_cdc.o
 .debug_line    0x0000fc78      0xbd2 Middlewares/USB_Host_Library/usbh_core.o
 .debug_line    0x0001084a      0xbd0 Middlewares/USB_Host_Library/usbh_ctlreq.o
 .debug_line    0x0001141a      0x990 Middlewares/USB_Host_Library/usbh_ioreq.o
 .debug_line    0x00011daa      0x946 Middlewares/USB_Host_Library/usbh_pipes.o

.debug_info     0x00000000    0x1ecbf
 .debug_info    0x00000000       0x22 Application/SW4STM32/startup_stm32f407xx.o
 .debug_info    0x00000022      0xfd3 Application/SW4STM32/syscalls.o
 .debug_info    0x00000ff5      0x9cf Application/User/ADNS3080B.o
 .debug_info    0x000019c4      0x9cf Application/User/ADNS3080J.o
 .debug_info    0x00002393      0x655 Application/User/gpio.o
 .debug_info    0x000029e8      0xa16 Application/User/i2c.o
 .debug_info    0x000033fe      0xa1a Application/User/i2s.o
 .debug_info    0x00003e18     0x13a8 Application/User/main.o
 .debug_info    0x000051c0      0xb05 Application/User/spi.o
 .debug_info    0x00005cc5      0x333 Application/User/stm32f4xx_hal_msp.o
 .debug_info    0x00005ff8      0x694 Application/User/stm32f4xx_it.o
 .debug_info    0x0000668c     0x12ab Application/User/usb_host.o
 .debug_info    0x00007937     0x24ed Application/User/usbh_conf.o
 .debug_info    0x00009e24      0x251 Application/User/usbh_platform.o
 .debug_info    0x0000a075      0x507 Drivers/CMSIS/system_stm32f4xx.o
 .debug_info    0x0000a57c      0x9cc Drivers/STM32F4xx_HAL_Driver/stm32f4xx_hal.o
 .debug_info    0x0000af48      0xf3a Drivers/STM32F4xx_HAL_Driver/stm32f4xx_hal_cortex.o
 .debug_info    0x0000be82      0x770 Drivers/STM32F4xx_HAL_Driver/stm32f4xx_hal_gpio.o
 .debug_info    0x0000c5f2     0x1276 Drivers/STM32F4xx_HAL_Driver/stm32f4xx_hal_hcd.o
 .debug_info    0x0000d868     0x327d Drivers/STM32F4xx_HAL_Driver/stm32f4xx_hal_i2c.o
 .debug_info    0x00010ae5      0xf8d Drivers/STM32F4xx_HAL_Driver/stm32f4xx_hal_i2s.o
 .debug_info    0x00011a72      0xd99 Drivers/STM32F4xx_HAL_Driver/stm32f4xx_hal_i2s_ex.o
 .debug_info    0x0001280b      0xa39 Drivers/STM32F4xx_HAL_Driver/stm32f4xx_hal_rcc.o
 .debug_info    0x00013244      0x669 Drivers/STM32F4xx_HAL_Driver/stm32f4xx_hal_rcc_ex.o
 .debug_info    0x000138ad     0x1ba9 Drivers/STM32F4xx_HAL_Driver/stm32f4xx_hal_spi.o
 .debug_info    0x00015456     0x1b1d Drivers/STM32F4xx_HAL_Driver/stm32f4xx_ll_usb.o
 .debug_info    0x00016f73     0x1e41 Middlewares/USB_Host_Library/usbh_cdc.o
 .debug_info    0x00018db4     0x1b6e Middlewares/USB_Host_Library/usbh_core.o
 .debug_info    0x0001a922     0x1a33 Middlewares/USB_Host_Library/usbh_ctlreq.o
 .debug_info    0x0001c355     0x1661 Middlewares/USB_Host_Library/usbh_ioreq.o
 .debug_info    0x0001d9b6     0x1309 Middlewares/USB_Host_Library/usbh_pipes.o

.debug_abbrev   0x00000000     0x4327
 .debug_abbrev  0x00000000       0x12 Application/SW4STM32/startup_stm32f407xx.o
 .debug_abbrev  0x00000012      0x2d4 Application/SW4STM32/syscalls.o
 .debug_abbrev  0x000002e6      0x1a2 Application/User/ADNS3080B.o
 .debug_abbrev  0x00000488      0x1a2 Application/User/ADNS3080J.o
 .debug_abbrev  0x0000062a      0x162 Application/User/gpio.o
 .debug_abbrev  0x0000078c      0x1c9 Application/User/i2c.o
 .debug_abbrev  0x00000955      0x1c9 Application/User/i2s.o
 .debug_abbrev  0x00000b1e      0x22e Application/User/main.o
 .debug_abbrev  0x00000d4c      0x1c9 Application/User/spi.o
 .debug_abbrev  0x00000f15      0x110 Application/User/stm32f4xx_hal_msp.o
 .debug_abbrev  0x00001025      0x182 Application/User/stm32f4xx_it.o
 .debug_abbrev  0x000011a7      0x2b5 Application/User/usb_host.o
 .debug_abbrev  0x0000145c      0x38a Application/User/usbh_conf.o
 .debug_abbrev  0x000017e6      0x12e Application/User/usbh_platform.o
 .debug_abbrev  0x00001914      0x111 Drivers/CMSIS/system_stm32f4xx.o
 .debug_abbrev  0x00001a25      0x1f1 Drivers/STM32F4xx_HAL_Driver/stm32f4xx_hal.o
 .debug_abbrev  0x00001c16      0x328 Drivers/STM32F4xx_HAL_Driver/stm32f4xx_hal_cortex.o
 .debug_abbrev  0x00001f3e      0x1e7 Drivers/STM32F4xx_HAL_Driver/stm32f4xx_hal_gpio.o
 .debug_abbrev  0x00002125      0x27f Drivers/STM32F4xx_HAL_Driver/stm32f4xx_hal_hcd.o
 .debug_abbrev  0x000023a4      0x284 Drivers/STM32F4xx_HAL_Driver/stm32f4xx_hal_i2c.o
 .debug_abbrev  0x00002628      0x23a Drivers/STM32F4xx_HAL_Driver/stm32f4xx_hal_i2s.o
 .debug_abbrev  0x00002862      0x281 Drivers/STM32F4xx_HAL_Driver/stm32f4xx_hal_i2s_ex.o
 .debug_abbrev  0x00002ae3      0x273 Drivers/STM32F4xx_HAL_Driver/stm32f4xx_hal_rcc.o
 .debug_abbrev  0x00002d56      0x190 Drivers/STM32F4xx_HAL_Driver/stm32f4xx_hal_rcc_ex.o
 .debug_abbrev  0x00002ee6      0x249 Drivers/STM32F4xx_HAL_Driver/stm32f4xx_hal_spi.o
 .debug_abbrev  0x0000312f      0x2a8 Drivers/STM32F4xx_HAL_Driver/stm32f4xx_ll_usb.o
 .debug_abbrev  0x000033d7      0x346 Middlewares/USB_Host_Library/usbh_cdc.o
 .debug_abbrev  0x0000371d      0x371 Middlewares/USB_Host_Library/usbh_core.o
 .debug_abbrev  0x00003a8e      0x35d Middlewares/USB_Host_Library/usbh_ctlreq.o
 .debug_abbrev  0x00003deb      0x281 Middlewares/USB_Host_Library/usbh_ioreq.o
 .debug_abbrev  0x0000406c      0x2bb Middlewares/USB_Host_Library/usbh_pipes.o

.debug_aranges  0x00000000     0x11b8
 .debug_aranges
                0x00000000       0x28 Application/SW4STM32/startup_stm32f407xx.o
 .debug_aranges
                0x00000028       0xb0 Application/SW4STM32/syscalls.o
 .debug_aranges
                0x000000d8       0x20 Application/User/ADNS3080B.o
 .debug_aranges
                0x000000f8       0x20 Application/User/ADNS3080J.o
 .debug_aranges
                0x00000118       0x20 Application/User/gpio.o
 .debug_aranges
                0x00000138       0x30 Application/User/i2c.o
 .debug_aranges
                0x00000168       0x30 Application/User/i2s.o
 .debug_aranges
                0x00000198       0x30 Application/User/main.o
 .debug_aranges
                0x000001c8       0x38 Application/User/spi.o
 .debug_aranges
                0x00000200       0x20 Application/User/stm32f4xx_hal_msp.o
 .debug_aranges
                0x00000220       0x68 Application/User/stm32f4xx_it.o
 .debug_aranges
                0x00000288       0x30 Application/User/usb_host.o
 .debug_aranges
                0x000002b8       0xd8 Application/User/usbh_conf.o
 .debug_aranges
                0x00000390       0x20 Application/User/usbh_platform.o
 .debug_aranges
                0x000003b0       0x28 Drivers/CMSIS/system_stm32f4xx.o
 .debug_aranges
                0x000003d8       0xf0 Drivers/STM32F4xx_HAL_Driver/stm32f4xx_hal.o
 .debug_aranges
                0x000004c8       0xa8 Drivers/STM32F4xx_HAL_Driver/stm32f4xx_hal_cortex.o
 .debug_aranges
                0x00000570       0x58 Drivers/STM32F4xx_HAL_Driver/stm32f4xx_hal_gpio.o
 .debug_aranges
                0x000005c8       0xf0 Drivers/STM32F4xx_HAL_Driver/stm32f4xx_hal_hcd.o
 .debug_aranges
                0x000006b8      0x290 Drivers/STM32F4xx_HAL_Driver/stm32f4xx_hal_i2c.o
 .debug_aranges
                0x00000948      0x108 Drivers/STM32F4xx_HAL_Driver/stm32f4xx_hal_i2s.o
 .debug_aranges
                0x00000a50       0x88 Drivers/STM32F4xx_HAL_Driver/stm32f4xx_hal_i2s_ex.o
 .debug_aranges
                0x00000ad8       0x88 Drivers/STM32F4xx_HAL_Driver/stm32f4xx_hal_rcc.o
 .debug_aranges
                0x00000b60       0x48 Drivers/STM32F4xx_HAL_Driver/stm32f4xx_hal_rcc_ex.o
 .debug_aranges
                0x00000ba8      0x1d0 Drivers/STM32F4xx_HAL_Driver/stm32f4xx_hal_spi.o
 .debug_aranges
                0x00000d78      0x198 Drivers/STM32F4xx_HAL_Driver/stm32f4xx_ll_usb.o
 .debug_aranges
                0x00000f10       0xa8 Middlewares/USB_Host_Library/usbh_cdc.o
 .debug_aranges
                0x00000fb8       0xc0 Middlewares/USB_Host_Library/usbh_core.o
 .debug_aranges
                0x00001078       0xa0 Middlewares/USB_Host_Library/usbh_ctlreq.o
 .debug_aranges
                0x00001118       0x60 Middlewares/USB_Host_Library/usbh_ioreq.o
 .debug_aranges
                0x00001178       0x40 Middlewares/USB_Host_Library/usbh_pipes.o

.debug_str      0x00000000    0xd00a4
 .debug_str     0x00000000       0x6a Application/SW4STM32/startup_stm32f407xx.o
 .debug_str     0x0000006a     0x8360 Application/SW4STM32/syscalls.o
                               0x85c6 (size before relaxing)
 .debug_str     0x000083ca    0xc0e98 Application/User/ADNS3080B.o
                              0xc4595 (size before relaxing)
 .debug_str     0x000c9262       0x46 Application/User/ADNS3080J.o
                              0xc4597 (size before relaxing)
 .debug_str     0x000c92a8      0x171 Application/User/gpio.o
                              0xbeeb2 (size before relaxing)
 .debug_str     0x000c9419      0x30a Application/User/i2c.o
                              0xbf3df (size before relaxing)
 .debug_str     0x000c9723      0x1a7 Application/User/i2s.o
                              0xbf318 (size before relaxing)
 .debug_str     0x000c98ca      0x2cf Application/User/main.o
                              0xc2639 (size before relaxing)
 .debug_str     0x000c9b99       0x56 Application/User/spi.o
                              0xbf33b (size before relaxing)
 .debug_str     0x000c9bef       0x54 Application/User/stm32f4xx_hal_msp.o
                              0xbee14 (size before relaxing)
 .debug_str     0x000c9c43      0x467 Application/User/stm32f4xx_it.o
                              0xbf1cc (size before relaxing)
 .debug_str     0x000ca0aa     0x1f8a Application/User/usb_host.o
                              0xc4bde (size before relaxing)
 .debug_str     0x000cc034      0x9b4 Application/User/usbh_conf.o
                              0xc53ad (size before relaxing)
 .debug_str     0x000cc9e8       0x35 Application/User/usbh_platform.o
                              0xbe6b8 (size before relaxing)
 .debug_str     0x000cca1d       0xcf Drivers/CMSIS/system_stm32f4xx.o
                              0xbe799 (size before relaxing)
 .debug_str     0x000ccaec      0x5ee Drivers/STM32F4xx_HAL_Driver/stm32f4xx_hal.o
                              0xbf324 (size before relaxing)
 .debug_str     0x000cd0da      0x336 Drivers/STM32F4xx_HAL_Driver/stm32f4xx_hal_cortex.o
                              0xbf05a (size before relaxing)
 .debug_str     0x000cd410      0x1de Drivers/STM32F4xx_HAL_Driver/stm32f4xx_hal_gpio.o
                              0xbe9dd (size before relaxing)
 .debug_str     0x000cd5ee      0x2f0 Drivers/STM32F4xx_HAL_Driver/stm32f4xx_hal_hcd.o
                              0xbef1c (size before relaxing)
 .debug_str     0x000cd8de      0xaa7 Drivers/STM32F4xx_HAL_Driver/stm32f4xx_hal_i2c.o
                              0xbf724 (size before relaxing)
 .debug_str     0x000ce385      0x297 Drivers/STM32F4xx_HAL_Driver/stm32f4xx_hal_i2s.o
                              0xbed82 (size before relaxing)
 .debug_str     0x000ce61c      0x201 Drivers/STM32F4xx_HAL_Driver/stm32f4xx_hal_i2s_ex.o
                              0xbecc3 (size before relaxing)
 .debug_str     0x000ce81d      0x218 Drivers/STM32F4xx_HAL_Driver/stm32f4xx_hal_rcc.o
                              0xbeba7 (size before relaxing)
 .debug_str     0x000cea35       0xee Drivers/STM32F4xx_HAL_Driver/stm32f4xx_hal_rcc_ex.o
                              0xbe8ec (size before relaxing)
 .debug_str     0x000ceb23      0x4ff Drivers/STM32F4xx_HAL_Driver/stm32f4xx_hal_spi.o
                              0xbf048 (size before relaxing)
 .debug_str     0x000cf022      0x512 Drivers/STM32F4xx_HAL_Driver/stm32f4xx_ll_usb.o
                              0xbf07c (size before relaxing)
 .debug_str     0x000cf534      0x6a7 Middlewares/USB_Host_Library/usbh_cdc.o
                              0xc527c (size before relaxing)
 .debug_str     0x000cfbdb      0x1cf Middlewares/USB_Host_Library/usbh_core.o
                              0xc477f (size before relaxing)
 .debug_str     0x000cfdaa      0x1eb Middlewares/USB_Host_Library/usbh_ctlreq.o
                              0xc470f (size before relaxing)
 .debug_str     0x000cff95       0xa7 Middlewares/USB_Host_Library/usbh_ioreq.o
                              0xc4544 (size before relaxing)
 .debug_str     0x000d003c       0x68 Middlewares/USB_Host_Library/usbh_pipes.o
                              0xc44da (size before relaxing)

.debug_ranges   0x00000000     0x1078
 .debug_ranges  0x00000000       0x20 Application/SW4STM32/startup_stm32f407xx.o
 .debug_ranges  0x00000020       0xa0 Application/SW4STM32/syscalls.o
 .debug_ranges  0x000000c0       0x10 Application/User/ADNS3080B.o
 .debug_ranges  0x000000d0       0x10 Application/User/ADNS3080J.o
 .debug_ranges  0x000000e0       0x10 Application/User/gpio.o
 .debug_ranges  0x000000f0       0x20 Application/User/i2c.o
 .debug_ranges  0x00000110       0x20 Application/User/i2s.o
 .debug_ranges  0x00000130       0x20 Application/User/main.o
 .debug_ranges  0x00000150       0x28 Application/User/spi.o
 .debug_ranges  0x00000178       0x10 Application/User/stm32f4xx_hal_msp.o
 .debug_ranges  0x00000188       0x58 Application/User/stm32f4xx_it.o
 .debug_ranges  0x000001e0       0x20 Application/User/usb_host.o
 .debug_ranges  0x00000200       0xc8 Application/User/usbh_conf.o
 .debug_ranges  0x000002c8       0x10 Application/User/usbh_platform.o
 .debug_ranges  0x000002d8       0x18 Drivers/CMSIS/system_stm32f4xx.o
 .debug_ranges  0x000002f0       0xe0 Drivers/STM32F4xx_HAL_Driver/stm32f4xx_hal.o
 .debug_ranges  0x000003d0       0xf8 Drivers/STM32F4xx_HAL_Driver/stm32f4xx_hal_cortex.o
 .debug_ranges  0x000004c8       0x48 Drivers/STM32F4xx_HAL_Driver/stm32f4xx_hal_gpio.o
 .debug_ranges  0x00000510       0xe0 Drivers/STM32F4xx_HAL_Driver/stm32f4xx_hal_hcd.o
 .debug_ranges  0x000005f0      0x298 Drivers/STM32F4xx_HAL_Driver/stm32f4xx_hal_i2c.o
 .debug_ranges  0x00000888       0xf8 Drivers/STM32F4xx_HAL_Driver/stm32f4xx_hal_i2s.o
 .debug_ranges  0x00000980       0x90 Drivers/STM32F4xx_HAL_Driver/stm32f4xx_hal_i2s_ex.o
 .debug_ranges  0x00000a10       0x90 Drivers/STM32F4xx_HAL_Driver/stm32f4xx_hal_rcc.o
 .debug_ranges  0x00000aa0       0x38 Drivers/STM32F4xx_HAL_Driver/stm32f4xx_hal_rcc_ex.o
 .debug_ranges  0x00000ad8      0x1c0 Drivers/STM32F4xx_HAL_Driver/stm32f4xx_hal_spi.o
 .debug_ranges  0x00000c98      0x188 Drivers/STM32F4xx_HAL_Driver/stm32f4xx_ll_usb.o
 .debug_ranges  0x00000e20       0x98 Middlewares/USB_Host_Library/usbh_cdc.o
 .debug_ranges  0x00000eb8       0xb0 Middlewares/USB_Host_Library/usbh_core.o
 .debug_ranges  0x00000f68       0x90 Middlewares/USB_Host_Library/usbh_ctlreq.o
 .debug_ranges  0x00000ff8       0x50 Middlewares/USB_Host_Library/usbh_ioreq.o
 .debug_ranges  0x00001048       0x30 Middlewares/USB_Host_Library/usbh_pipes.o

.debug_loc      0x00000000     0xd16c
 .debug_loc     0x00000000      0x3af Application/SW4STM32/syscalls.o
 .debug_loc     0x000003af       0x74 Application/User/i2c.o
 .debug_loc     0x00000423       0x74 Application/User/i2s.o
 .debug_loc     0x00000497       0xa6 Application/User/spi.o
 .debug_loc     0x0000053d      0x817 Application/User/usbh_conf.o
 .debug_loc     0x00000d54       0x55 Application/User/usbh_platform.o
 .debug_loc     0x00000da9      0x13e Drivers/CMSIS/system_stm32f4xx.o
 .debug_loc     0x00000ee7       0xfd Drivers/STM32F4xx_HAL_Driver/stm32f4xx_hal.o
 .debug_loc     0x00000fe4      0x5ce Drivers/STM32F4xx_HAL_Driver/stm32f4xx_hal_cortex.o
 .debug_loc     0x000015b2      0x497 Drivers/STM32F4xx_HAL_Driver/stm32f4xx_hal_gpio.o
 .debug_loc     0x00001a49      0xba8 Drivers/STM32F4xx_HAL_Driver/stm32f4xx_hal_hcd.o
 .debug_loc     0x000025f1     0x3673 Drivers/STM32F4xx_HAL_Driver/stm32f4xx_hal_i2c.o
 .debug_loc     0x00005c64      0xc17 Drivers/STM32F4xx_HAL_Driver/stm32f4xx_hal_i2s.o
 .debug_loc     0x0000687b      0xa81 Drivers/STM32F4xx_HAL_Driver/stm32f4xx_hal_i2s_ex.o
 .debug_loc     0x000072fc      0x3f1 Drivers/STM32F4xx_HAL_Driver/stm32f4xx_hal_rcc.o
 .debug_loc     0x000076ed      0x2c7 Drivers/STM32F4xx_HAL_Driver/stm32f4xx_hal_rcc_ex.o
 .debug_loc     0x000079b4     0x19fe Drivers/STM32F4xx_HAL_Driver/stm32f4xx_hal_spi.o
 .debug_loc     0x000093b2     0x1e4e Drivers/STM32F4xx_HAL_Driver/stm32f4xx_ll_usb.o
 .debug_loc     0x0000b200      0x642 Middlewares/USB_Host_Library/usbh_cdc.o
 .debug_loc     0x0000b842      0x66c Middlewares/USB_Host_Library/usbh_core.o
 .debug_loc     0x0000beae      0xbf1 Middlewares/USB_Host_Library/usbh_ctlreq.o
 .debug_loc     0x0000ca9f      0x50f Middlewares/USB_Host_Library/usbh_ioreq.o
 .debug_loc     0x0000cfae      0x1be Middlewares/USB_Host_Library/usbh_pipes.o

.debug_macro    0x00000000    0x2565e
 .debug_macro   0x00000000      0x243 Application/SW4STM32/syscalls.o
 .debug_macro   0x00000243      0xa60 Application/SW4STM32/syscalls.o
 .debug_macro   0x00000ca3       0x22 Application/SW4STM32/syscalls.o
 .debug_macro   0x00000cc5       0x58 Application/SW4STM32/syscalls.o
 .debug_macro   0x00000d1d       0x18 Application/SW4STM32/syscalls.o
 .debug_macro   0x00000d35       0x94 Application/SW4STM32/syscalls.o
 .debug_macro   0x00000dc9       0x35 Application/SW4STM32/syscalls.o
 .debug_macro   0x00000dfe       0x34 Application/SW4STM32/syscalls.o
 .debug_macro   0x00000e32       0x57 Application/SW4STM32/syscalls.o
 .debug_macro   0x00000e89      0x174 Application/SW4STM32/syscalls.o
 .debug_macro   0x00000ffd      0x330 Application/SW4STM32/syscalls.o
 .debug_macro   0x0000132d       0x58 Application/SW4STM32/syscalls.o
 .debug_macro   0x00001385       0x1f Application/SW4STM32/syscalls.o
 .debug_macro   0x000013a4       0x43 Application/SW4STM32/syscalls.o
 .debug_macro   0x000013e7       0x20 Application/SW4STM32/syscalls.o
 .debug_macro   0x00001407      0x18e Application/SW4STM32/syscalls.o
 .debug_macro   0x00001595       0x10 Application/SW4STM32/syscalls.o
 .debug_macro   0x000015a5       0x35 Application/SW4STM32/syscalls.o
 .debug_macro   0x000015da       0x10 Application/SW4STM32/syscalls.o
 .debug_macro   0x000015ea       0x10 Application/SW4STM32/syscalls.o
 .debug_macro   0x000015fa       0x10 Application/SW4STM32/syscalls.o
 .debug_macro   0x0000160a       0x6a Application/SW4STM32/syscalls.o
 .debug_macro   0x00001674       0x1c Application/SW4STM32/syscalls.o
 .debug_macro   0x00001690       0x52 Application/SW4STM32/syscalls.o
 .debug_macro   0x000016e2       0x40 Application/SW4STM32/syscalls.o
 .debug_macro   0x00001722       0x10 Application/SW4STM32/syscalls.o
 .debug_macro   0x00001732       0x40 Application/SW4STM32/syscalls.o
 .debug_macro   0x00001772       0xd7 Application/SW4STM32/syscalls.o
 .debug_macro   0x00001849       0x1c Application/SW4STM32/syscalls.o
 .debug_macro   0x00001865       0x3d Application/SW4STM32/syscalls.o
 .debug_macro   0x000018a2       0x35 Application/SW4STM32/syscalls.o
 .debug_macro   0x000018d7      0x122 Application/SW4STM32/syscalls.o
 .debug_macro   0x000019f9       0x16 Application/SW4STM32/syscalls.o
 .debug_macro   0x00001a0f       0x16 Application/SW4STM32/syscalls.o
 .debug_macro   0x00001a25       0x29 Application/SW4STM32/syscalls.o
 .debug_macro   0x00001a4e       0x10 Application/SW4STM32/syscalls.o
 .debug_macro   0x00001a5e      0x241 Application/SW4STM32/syscalls.o
 .debug_macro   0x00001c9f       0x1c Application/SW4STM32/syscalls.o
 .debug_macro   0x00001cbb       0x10 Application/SW4STM32/syscalls.o
 .debug_macro   0x00001ccb       0x10 Application/SW4STM32/syscalls.o
 .debug_macro   0x00001cdb       0x16 Application/SW4STM32/syscalls.o
 .debug_macro   0x00001cf1      0x16f Application/SW4STM32/syscalls.o
 .debug_macro   0x00001e60      0x189 Application/SW4STM32/syscalls.o
 .debug_macro   0x00001fe9       0x16 Application/SW4STM32/syscalls.o
 .debug_macro   0x00001fff       0x88 Application/SW4STM32/syscalls.o
 .debug_macro   0x00002087      0x232 Application/User/ADNS3080B.o
 .debug_macro   0x000022b9       0x8e Application/User/ADNS3080B.o
 .debug_macro   0x00002347       0x51 Application/User/ADNS3080B.o
 .debug_macro   0x00002398       0xef Application/User/ADNS3080B.o
 .debug_macro   0x00002487      0x1df Application/User/ADNS3080B.o
 .debug_macro   0x00002666       0xee Application/User/ADNS3080B.o
 .debug_macro   0x00002754      0x196 Application/User/ADNS3080B.o
 .debug_macro   0x000028ea       0x32 Application/User/ADNS3080B.o
 .debug_macro   0x0000291c       0x2f Application/User/ADNS3080B.o
 .debug_macro   0x0000294b       0x1c Application/User/ADNS3080B.o
 .debug_macro   0x00002967       0x22 Application/User/ADNS3080B.o
 .debug_macro   0x00002989       0xdf Application/User/ADNS3080B.o
 .debug_macro   0x00002a68     0x102d Application/User/ADNS3080B.o
 .debug_macro   0x00003a95      0x11f Application/User/ADNS3080B.o
 .debug_macro   0x00003bb4    0x15e43 Application/User/ADNS3080B.o
 .debug_macro   0x000199f7       0x43 Application/User/ADNS3080B.o
 .debug_macro   0x00019a3a     0x35d4 Application/User/ADNS3080B.o
 .debug_macro   0x0001d00e       0x4e Application/User/ADNS3080B.o
 .debug_macro   0x0001d05c      0x96b Application/User/ADNS3080B.o
 .debug_macro   0x0001d9c7      0x9fe Application/User/ADNS3080B.o
 .debug_macro   0x0001e3c5       0xed Application/User/ADNS3080B.o
 .debug_macro   0x0001e4b2      0x117 Application/User/ADNS3080B.o
 .debug_macro   0x0001e5c9      0x13e Application/User/ADNS3080B.o
 .debug_macro   0x0001e707       0x27 Application/User/ADNS3080B.o
 .debug_macro   0x0001e72e      0x287 Application/User/ADNS3080B.o
 .debug_macro   0x0001e9b5       0x5f Application/User/ADNS3080B.o
 .debug_macro   0x0001ea14      0x236 Application/User/ADNS3080B.o
 .debug_macro   0x0001ec4a      0x12c Application/User/ADNS3080B.o
 .debug_macro   0x0001ed76      0x21e Application/User/ADNS3080B.o
 .debug_macro   0x0001ef94       0x2e Application/User/ADNS3080B.o
 .debug_macro   0x0001efc2      0x1ae Application/User/ADNS3080B.o
 .debug_macro   0x0001f170       0xd6 Application/User/ADNS3080B.o
 .debug_macro   0x0001f246      0x199 Application/User/ADNS3080B.o
 .debug_macro   0x0001f3df       0x40 Application/User/ADNS3080B.o
 .debug_macro   0x0001f41f       0x4a Application/User/ADNS3080B.o
 .debug_macro   0x0001f469      0x11a Application/User/ADNS3080B.o
 .debug_macro   0x0001f583       0x7e Application/User/ADNS3080B.o
 .debug_macro   0x0001f601       0x89 Application/User/ADNS3080B.o
 .debug_macro   0x0001f68a      0x225 Application/User/ADNS3080B.o
 .debug_macro   0x0001f8af      0x225 Application/User/ADNS3080B.o
 .debug_macro   0x0001fad4       0x68 Application/User/ADNS3080B.o
 .debug_macro   0x0001fb3c      0x12d Application/User/ADNS3080B.o
 .debug_macro   0x0001fc69      0x1ba Application/User/ADNS3080B.o
 .debug_macro   0x0001fe23      0x232 Application/User/ADNS3080J.o
 .debug_macro   0x00020055      0x21f Application/User/gpio.o
 .debug_macro   0x00020274      0x21f Application/User/i2c.o
 .debug_macro   0x00020493      0x21f Application/User/i2s.o
 .debug_macro   0x000206b2      0x254 Application/User/main.o
 .debug_macro   0x00020906       0xee Application/User/main.o
 .debug_macro   0x000209f4      0x21f Application/User/spi.o
 .debug_macro   0x00020c13      0x215 Application/User/stm32f4xx_hal_msp.o
 .debug_macro   0x00020e28      0x21f Application/User/stm32f4xx_it.o
 .debug_macro   0x00021047      0x424 Application/User/usb_host.o
 .debug_macro   0x0002146b       0x5e Application/User/usb_host.o
 .debug_macro   0x000214c9       0x16 Application/User/usb_host.o
 .debug_macro   0x000214df      0x32a Application/User/usb_host.o
 .debug_macro   0x00021809       0x16 Application/User/usb_host.o
 .debug_macro   0x0002181f      0x1c0 Application/User/usb_host.o
 .debug_macro   0x000219df       0x73 Application/User/usb_host.o
 .debug_macro   0x00021a52      0x210 Application/User/usb_host.o
 .debug_macro   0x00021c62       0x2e Application/User/usb_host.o
 .debug_macro   0x00021c90       0x2e Application/User/usb_host.o
 .debug_macro   0x00021cbe       0x28 Application/User/usb_host.o
 .debug_macro   0x00021ce6      0x162 Application/User/usb_host.o
 .debug_macro   0x00021e48      0x425 Application/User/usbh_conf.o
 .debug_macro   0x0002226d       0x97 Application/User/usbh_conf.o
 .debug_macro   0x00022304       0xfd Application/User/usbh_conf.o
 .debug_macro   0x00022401       0xd9 Application/User/usbh_conf.o
 .debug_macro   0x000224da      0x21a Application/User/usbh_platform.o
 .debug_macro   0x000226f4      0x20c Drivers/CMSIS/system_stm32f4xx.o
 .debug_macro   0x00022900      0x266 Drivers/STM32F4xx_HAL_Driver/stm32f4xx_hal.o
 .debug_macro   0x00022b66      0x206 Drivers/STM32F4xx_HAL_Driver/stm32f4xx_hal_cortex.o
 .debug_macro   0x00022d6c      0x23c Drivers/STM32F4xx_HAL_Driver/stm32f4xx_hal_gpio.o
 .debug_macro   0x00022fa8      0x206 Drivers/STM32F4xx_HAL_Driver/stm32f4xx_hal_hcd.o
 .debug_macro   0x000231ae      0x246 Drivers/STM32F4xx_HAL_Driver/stm32f4xx_hal_i2c.o
 .debug_macro   0x000233f4      0x207 Drivers/STM32F4xx_HAL_Driver/stm32f4xx_hal_i2s.o
 .debug_macro   0x000235fb      0x206 Drivers/STM32F4xx_HAL_Driver/stm32f4xx_hal_i2s_ex.o
 .debug_macro   0x00023801      0x22a Drivers/STM32F4xx_HAL_Driver/stm32f4xx_hal_rcc.o
 .debug_macro   0x00023a2b      0x206 Drivers/STM32F4xx_HAL_Driver/stm32f4xx_hal_rcc_ex.o
 .debug_macro   0x00023c31      0x215 Drivers/STM32F4xx_HAL_Driver/stm32f4xx_hal_spi.o
 .debug_macro   0x00023e46      0x206 Drivers/STM32F4xx_HAL_Driver/stm32f4xx_ll_usb.o
 .debug_macro   0x0002404c      0x426 Middlewares/USB_Host_Library/usbh_cdc.o
 .debug_macro   0x00024472      0x15c Middlewares/USB_Host_Library/usbh_cdc.o
 .debug_macro   0x000245ce      0x423 Middlewares/USB_Host_Library/usbh_core.o
 .debug_macro   0x000249f1      0x41b Middlewares/USB_Host_Library/usbh_ctlreq.o
 .debug_macro   0x00024e0c       0x28 Middlewares/USB_Host_Library/usbh_ctlreq.o
 .debug_macro   0x00024e34      0x415 Middlewares/USB_Host_Library/usbh_ioreq.o
 .debug_macro   0x00025249      0x415 Middlewares/USB_Host_Library/usbh_pipes.o

.comment        0x00000000       0x7f
 .comment       0x00000000       0x7f Application/SW4STM32/syscalls.o
                                 0x80 (size before relaxing)
 .comment       0x0000007f       0x80 Application/User/ADNS3080B.o
 .comment       0x0000007f       0x80 Application/User/ADNS3080J.o
 .comment       0x0000007f       0x80 Application/User/gpio.o
 .comment       0x0000007f       0x80 Application/User/i2c.o
 .comment       0x0000007f       0x80 Application/User/i2s.o
 .comment       0x0000007f       0x80 Application/User/main.o
 .comment       0x0000007f       0x80 Application/User/spi.o
 .comment       0x0000007f       0x80 Application/User/stm32f4xx_hal_msp.o
 .comment       0x0000007f       0x80 Application/User/stm32f4xx_it.o
 .comment       0x0000007f       0x80 Application/User/usb_host.o
 .comment       0x0000007f       0x80 Application/User/usbh_conf.o
 .comment       0x0000007f       0x80 Application/User/usbh_platform.o
 .comment       0x0000007f       0x80 Drivers/CMSIS/system_stm32f4xx.o
 .comment       0x0000007f       0x80 Drivers/STM32F4xx_HAL_Driver/stm32f4xx_hal.o
 .comment       0x0000007f       0x80 Drivers/STM32F4xx_HAL_Driver/stm32f4xx_hal_cortex.o
 .comment       0x0000007f       0x80 Drivers/STM32F4xx_HAL_Driver/stm32f4xx_hal_gpio.o
 .comment       0x0000007f       0x80 Drivers/STM32F4xx_HAL_Driver/stm32f4xx_hal_hcd.o
 .comment       0x0000007f       0x80 Drivers/STM32F4xx_HAL_Driver/stm32f4xx_hal_i2c.o
 .comment       0x0000007f       0x80 Drivers/STM32F4xx_HAL_Driver/stm32f4xx_hal_i2s.o
 .comment       0x0000007f       0x80 Drivers/STM32F4xx_HAL_Driver/stm32f4xx_hal_i2s_ex.o
 .comment       0x0000007f       0x80 Drivers/STM32F4xx_HAL_Driver/stm32f4xx_hal_rcc.o
 .comment       0x0000007f       0x80 Drivers/STM32F4xx_HAL_Driver/stm32f4xx_hal_rcc_ex.o
 .comment       0x0000007f       0x80 Drivers/STM32F4xx_HAL_Driver/stm32f4xx_hal_spi.o
 .comment       0x0000007f       0x80 Drivers/STM32F4xx_HAL_Driver/stm32f4xx_ll_usb.o
 .comment       0x0000007f       0x80 Middlewares/USB_Host_Library/usbh_cdc.o
 .comment       0x0000007f       0x80 Middlewares/USB_Host_Library/usbh_core.o
 .comment       0x0000007f       0x80 Middlewares/USB_Host_Library/usbh_ctlreq.o
 .comment       0x0000007f       0x80 Middlewares/USB_Host_Library/usbh_ioreq.o
 .comment       0x0000007f       0x80 Middlewares/USB_Host_Library/usbh_pipes.o

.debug_frame    0x00000000     0x3210
 .debug_frame   0x00000000      0x1a8 Application/SW4STM32/syscalls.o
 .debug_frame   0x000001a8       0x2c Application/User/ADNS3080B.o
 .debug_frame   0x000001d4       0x2c Application/User/ADNS3080J.o
 .debug_frame   0x00000200       0x3c Application/User/gpio.o
 .debug_frame   0x0000023c       0x64 Application/User/i2c.o
 .debug_frame   0x000002a0       0x64 Application/User/i2s.o
 .debug_frame   0x00000304       0x60 Application/User/main.o
 .debug_frame   0x00000364       0x7c Application/User/spi.o
 .debug_frame   0x000003e0       0x2c Application/User/stm32f4xx_hal_msp.o
 .debug_frame   0x0000040c       0xc0 Application/User/stm32f4xx_it.o
 .debug_frame   0x000004cc       0x50 Application/User/usb_host.o
 .debug_frame   0x0000051c      0x25c Application/User/usbh_conf.o
 .debug_frame   0x00000778       0x28 Application/User/usbh_platform.o
 .debug_frame   0x000007a0       0x30 Drivers/CMSIS/system_stm32f4xx.o
 .debug_frame   0x000007d0      0x1ec Drivers/STM32F4xx_HAL_Driver/stm32f4xx_hal.o
 .debug_frame   0x000009bc      0x15c Drivers/STM32F4xx_HAL_Driver/stm32f4xx_hal_cortex.o
 .debug_frame   0x00000b18       0xd8 Drivers/STM32F4xx_HAL_Driver/stm32f4xx_hal_gpio.o
 .debug_frame   0x00000bf0      0x2a4 Drivers/STM32F4xx_HAL_Driver/stm32f4xx_hal_hcd.o
 .debug_frame   0x00000e94      0x910 Drivers/STM32F4xx_HAL_Driver/stm32f4xx_hal_i2c.o
 .debug_frame   0x000017a4      0x31c Drivers/STM32F4xx_HAL_Driver/stm32f4xx_hal_i2s.o
 .debug_frame   0x00001ac0      0x18c Drivers/STM32F4xx_HAL_Driver/stm32f4xx_hal_i2s_ex.o
 .debug_frame   0x00001c4c      0x184 Drivers/STM32F4xx_HAL_Driver/stm32f4xx_hal_rcc.o
 .debug_frame   0x00001dd0       0xa4 Drivers/STM32F4xx_HAL_Driver/stm32f4xx_hal_rcc_ex.o
 .debug_frame   0x00001e74      0x594 Drivers/STM32F4xx_HAL_Driver/stm32f4xx_hal_spi.o
 .debug_frame   0x00002408      0x49c Drivers/STM32F4xx_HAL_Driver/stm32f4xx_ll_usb.o
 .debug_frame   0x000028a4      0x1bc Middlewares/USB_Host_Library/usbh_cdc.o
 .debug_frame   0x00002a60      0x1fc Middlewares/USB_Host_Library/usbh_core.o
 .debug_frame   0x00002c5c      0x1e8 Middlewares/USB_Host_Library/usbh_ctlreq.o
 .debug_frame   0x00002e44      0x130 Middlewares/USB_Host_Library/usbh_ioreq.o
 .debug_frame   0x00002f74       0x84 Middlewares/USB_Host_Library/usbh_pipes.o
 .debug_frame   0x00002ff8       0x2c c:/ac6/systemworkbench/plugins/fr.ac6.mcu.externaltools.arm-none.win32_1.17.0.201812190825/tools/compiler/bin/../lib/gcc/arm-none-eabi/7.3.1/thumb/v7e-m/fpv4-sp/hard\libgcc.a(_aeabi_uldivmod.o)
 .debug_frame   0x00003024       0x34 c:/ac6/systemworkbench/plugins/fr.ac6.mcu.externaltools.arm-none.win32_1.17.0.201812190825/tools/compiler/bin/../lib/gcc/arm-none-eabi/7.3.1/thumb/v7e-m/fpv4-sp/hard\libgcc.a(_udivmoddi4.o)
 .debug_frame   0x00003058       0x20 c:/ac6/systemworkbench/plugins/fr.ac6.mcu.externaltools.arm-none.win32_1.17.0.201812190825/tools/compiler/bin/../lib/gcc/arm-none-eabi/7.3.1/../../../../arm-none-eabi/lib/thumb/v7e-m/fpv4-sp/hard\libc_nano.a(lib_a-errno.o)
 .debug_frame   0x00003078       0x2c c:/ac6/systemworkbench/plugins/fr.ac6.mcu.externaltools.arm-none.win32_1.17.0.201812190825/tools/compiler/bin/../lib/gcc/arm-none-eabi/7.3.1/../../../../arm-none-eabi/lib/thumb/v7e-m/fpv4-sp/hard\libc_nano.a(lib_a-init.o)